05-09 17:39:58.547   697 23201 I mm-camera: <MCT   >< INFO> 4531: mct_pipeline_process_set: Stream 0x50005 and stream type=3, successfully deleted
05-09 17:39:58.548   697 23201 I mm-camera: <MCT   >< INFO> 4286: mct_pipeline_process_set: command=800000b
05-09 17:39:58.548   697 23201 I mm-camera: <MCT   >< INFO> 4508: mct_pipeline_process_set: Issuing DEL_STREAM on stream 0x50006 and stream type=11
05-09 17:39:58.548   697 23201 I mm-camera: <IFACE >< INFO> 700: iface_unreserve_sink_port: stream_id 6 mode 0 
05-09 17:39:58.548   697 23201 I mm-camera: <ISP   >< INFO> 941: isp_port_check_caps_unreserve: ide 50006 port 0xebb94640
05-09 17:39:58.549   697 23201 I mm-camera: <MCT   >< INFO> 4531: mct_pipeline_process_set: Stream 0x50006 and stream type=11, successfully deleted
05-09 17:39:58.549   697 23201 I mm-camera: <MCT   >< INFO> 4286: mct_pipeline_process_set: command=800000b
05-09 17:39:58.549   697 23201 I mm-camera: <MCT   >< INFO> 4508: mct_pipeline_process_set: Issuing DEL_STREAM on stream 0x50001 and stream type=7
05-09 17:39:58.549   697 23201 I mm-camera: <MCT   >< INFO> 4531: mct_pipeline_process_set: Stream 0x50001 and stream type=7, successfully deleted
05-09 17:39:58.549   697 23201 I mm-camera: <ISP   >< INFO> 7159: isp_util_print_meta_stream_info: Deallocate resources
05-09 17:39:58.550 23525 23525 D ForceDarkHelper: updateByCheckExcludeList: pkg: com.miui.home activity: com.miui.home.launcher.Launcher@a7a9f34
05-09 17:39:58.551 23525 23525 D ForceDarkHelper: updateByCheckExcludeList: pkg: com.miui.home activity: com.miui.home.launcher.Launcher@a7a9f34
05-09 17:39:58.551   697 23201 I mm-camera: <ISP   >< INFO> 7490: isp_util_handle_stream_info: streams_desc num_streams is 0 
05-09 17:39:58.551   697 23201 I mm-camera: <IFACE >< INFO> 6385: iface_util_handle_meta_stream_info: iface_util_handle_meta_stream_info: ms_type 0 num streams 0
05-09 17:39:58.552   697 21265 I QCamera : <HAL><INFO> closeCamera: 1606: [KPI Perf]: E PROFILE_CLOSE_CAMERA camera id 1
05-09 17:39:58.553 23525 23525 D ForceDarkHelper: updateByCheckExcludeList: pkg: com.miui.home activity: com.miui.home.launcher.Launcher@a7a9f34
05-09 17:39:58.553 23525 23576 D Launcher.NewInstallIndicatorController: setIndicatorColor, indicatorColor=ff35b4fe
05-09 17:39:58.553 23525 23576 D Launcher.NewInstallIndicatorController: setIndicatorColor, canFolderShowIndicator=false
05-09 17:39:58.553 23525 23576 D Launcher.Model: LoaderTask, loadDBComplete=true, isNeedLoadDefaultWorkspace=false
05-09 17:39:58.554 23525 23576 D Launcher.Model: not have work user
05-09 17:39:58.554 23525 23576 D Launcher_ApplicationProgressManager: mAllServersProgressMap.clear()
05-09 17:39:58.554 23525 23525 D ForceDarkHelper: updateByCheckExcludeList: pkg: com.miui.home activity: com.miui.home.launcher.Launcher@a7a9f34
05-09 17:39:58.555 23525 23525 D ForceDarkHelper: updateByCheckExcludeList: pkg: com.miui.home activity: com.miui.home.launcher.Launcher@a7a9f34
05-09 17:39:58.555 23547 23547 I brbk    : Primes not initialized, returning default (no-op) Primes instance which will ignore all calls. Please call Primes.initialize(...) before using any Primes API.
05-09 17:39:58.556   697 21265 W libc    : invalid pthread_t (0) passed to pthread_join
05-09 17:39:58.556 23547 23629 I GMS_MM_Logger: Started.
05-09 17:39:58.556   697 21265 I Thermal-Lib: thermal_bandwidth_client_cancel_request: Removing all bw request for camera_bw
05-09 17:39:58.556   697 21265 I Thermal-Lib: Thermal-Lib-Client: Unregisteration is successfull for handle:1
05-09 17:39:58.556  1199  1364 I ThermalEngine: Thermal-Server: removing client on fd 66
05-09 17:39:58.556   697 21265 I Thermal-Lib: Thermal-Lib-Client: Unregisteration is successfull for handle:2
05-09 17:39:58.556 23525 23525 D ForceDarkHelper: updateByCheckExcludeList: pkg: com.miui.home activity: com.miui.home.launcher.Launcher@a7a9f34
05-09 17:39:58.557   697 21265 I mm-camera: <MCT   >< INFO> 310: mct_controller_destroy: Initiating destroy sequence for session = 5
05-09 17:39:58.557 23525 23525 D ForceDarkHelper: updateByCheckExcludeList: pkg: com.miui.home activity: com.miui.home.launcher.Launcher@a7a9f34
05-09 17:39:58.557   579   579 I hwservicemanager: getTransport: Cannot find entry vendor.qti.hardware.iop@2.0::IIop/default in either framework or device manifest.
05-09 17:39:58.557  1259  1259 E ANDR-IOP: IIop:: Iop HAL Service is not available.
05-09 17:39:58.557 23525 23525 D ForceDarkHelper: updateByCheckExcludeList: pkg: com.miui.home activity: com.miui.home.launcher.Launcher@a7a9f34
05-09 17:39:58.558   697 21265 I mm-camera: <MCT   >< INFO> 328: mct_controller_destroy: serv_thread closed
05-09 17:39:58.558   697 21265 I mm-camera: <MCT   >< INFO> 343: mct_controller_destroy: bus_handler thread closed
05-09 17:39:58.558   697 21265 I mm-camera: <MCT   >< INFO> 5377: mct_pipeline_stop_session: Initiating stop_session on session 5
05-09 17:39:58.558   697 21265 I mm-camera: <MCT   >< INFO> 4286: mct_pipeline_process_set: command=800000b
05-09 17:39:58.558   697 21265 I mm-camera: <MCT   >< INFO> 4508: mct_pipeline_process_set: Issuing DEL_STREAM on stream 0x5000f and stream type=10
05-09 17:39:58.558   697 21265 I mm-camera: <IFACE >< INFO> 700: iface_unreserve_sink_port: stream_id f mode 0 
05-09 17:39:58.559   697 21265 I mm-camera: <ISP   >< INFO> 941: isp_port_check_caps_unreserve: ide 5000f port 0xebb94640
05-09 17:39:58.562  1951  3450 D CompatibilityInfo: mCompatibilityFlags - 0
05-09 17:39:58.562  1951  3450 D CompatibilityInfo: applicationDensity - 440
05-09 17:39:58.562  1951  3450 D CompatibilityInfo: applicationScale - 1.0
05-09 17:39:58.562 23525 23576 D ReflectUtils: getMethod
05-09 17:39:58.562 23525 23576 D ReflectUtils: miui.reflect.NoSuchMethodException: Couldn't find method miui/security/SecurityManager.getAllGameStorageApps(I)Ljava/util/List;
05-09 17:39:58.562 23525 23576 D ReflectUtils: 	at com.miui.internal.os.Native.getMethod(Native Method)
05-09 17:39:58.562 23525 23576 D ReflectUtils: 	at miui.reflect.Method.of(Method.java:35)
05-09 17:39:58.562 23525 23576 D ReflectUtils: 	at com.miui.launcher.utils.ReflectUtils.getMethod(ReflectUtils.java:186)
05-09 17:39:58.562 23525 23576 D ReflectUtils: 	at com.miui.launcher.utils.ReflectUtils.invokeObject(ReflectUtils.java:88)
05-09 17:39:58.562 23525 23576 D ReflectUtils: 	at com.miui.home.launcher.common.SecurityHide.lambda$static$369(SecurityHide.java:45)
05-09 17:39:58.562 23525 23576 D ReflectUtils: 	at com.miui.home.launcher.common.-$$Lambda$SecurityHide$-25XhKjZIWnrx_o0SFxCqfzxixs.apply(Unknown Source:2)
05-09 17:39:58.562 23525 23576 D ReflectUtils: 	at com.miui.home.launcher.common.SecurityHide.getSecurityHideItems(SecurityHide.java:78)
05-09 17:39:58.562 23525 23576 D ReflectUtils: 	at com.miui.home.launcher.LauncherModel$LoaderTask.run(LauncherModel.java:1379)
05-09 17:39:58.562 23525 23576 D ReflectUtils: 	at android.os.Handler.handleCallback(Handler.java:883)
05-09 17:39:58.562 23525 23576 D ReflectUtils: 	at android.os.Handler.dispatchMessage(Handler.java:100)
05-09 17:39:58.562 23525 23576 D ReflectUtils: 	at android.os.Looper.loop(Looper.java:224)
05-09 17:39:58.562 23525 23576 D ReflectUtils: 	at android.os.HandlerThread.run(HandlerThread.java:67)
05-09 17:39:58.562   697 21265 I mm-camera: <MCT   >< INFO> 4531: mct_pipeline_process_set: Stream 0x5000f and stream type=10, successfully deleted
05-09 17:39:58.563   697 23635 I mm-camera: <MCT   >< INFO> 5111: mct_pipeline_stop_session_thread: Stop module name: sensor - E
05-09 17:39:58.563   697 23635 I mm-camera: <MCT   >< INFO> 5119: mct_pipeline_stop_session_thread: Stop module name: sensor - X
05-09 17:39:58.563 23525 23576 D ReflectUtils: getMethod
05-09 17:39:58.563 23525 23576 D ReflectUtils: miui.reflect.NoSuchMethodException: Couldn't find method miui/security/SecurityManager.getAllGameStorageApps(I)Ljava/util/List;
05-09 17:39:58.563 23525 23576 D ReflectUtils: 	at com.miui.internal.os.Native.getMethod(Native Method)
05-09 17:39:58.563 23525 23576 D ReflectUtils: 	at miui.reflect.Method.of(Method.java:35)
05-09 17:39:58.563 23525 23576 D ReflectUtils: 	at com.miui.launcher.utils.ReflectUtils.getMethod(ReflectUtils.java:186)
05-09 17:39:58.563 23525 23576 D ReflectUtils: 	at com.miui.launcher.utils.ReflectUtils.invokeObject(ReflectUtils.java:88)
05-09 17:39:58.563 23525 23576 D ReflectUtils: 	at com.miui.home.launcher.common.SecurityHide.lambda$static$369(SecurityHide.java:45)
05-09 17:39:58.563 23525 23576 D ReflectUtils: 	at com.miui.home.launcher.common.-$$Lambda$SecurityHide$-25XhKjZIWnrx_o0SFxCqfzxixs.apply(Unknown Source:2)
05-09 17:39:58.563 23525 23576 D ReflectUtils: 	at com.miui.home.launcher.common.SecurityHide.getSecurityHideItems(SecurityHide.java:78)
05-09 17:39:58.563 23525 23576 D ReflectUtils: 	at com.miui.home.launcher.LauncherModel$LoaderTask.run(LauncherModel.java:1379)
05-09 17:39:58.563 23525 23576 D ReflectUtils: 	at android.os.Handler.handleCallback(Handler.java:883)
05-09 17:39:58.563 23525 23576 D ReflectUtils: 	at android.os.Handler.dispatchMessage(Handler.java:100)
05-09 17:39:58.563 23525 23576 D ReflectUtils: 	at android.os.Looper.loop(Looper.java:224)
05-09 17:39:58.563 23525 23576 D ReflectUtils: 	at android.os.HandlerThread.run(HandlerThread.java:67)
05-09 17:39:58.563 23525 23576 D Launcher.Model: step 0: loading screens:10 ms
05-09 17:39:58.564   697 23636 I mm-camera: <MCT   >< INFO> 5111: mct_pipeline_stop_session_thread: Stop module name: iface - E
05-09 17:39:58.565   697 23637 I mm-camera: <MCT   >< INFO> 5111: mct_pipeline_stop_session_thread: Stop module name: isp - E
05-09 17:39:58.565   697 23637 I mm-camera: <ISP   >< INFO> 510: isp_module_stop_session: session id 5
05-09 17:39:58.565   697 23636 I mm-camera: <MCT   >< INFO> 5119: mct_pipeline_stop_session_thread: Stop module name: iface - X
05-09 17:39:58.565   697 23638 I mm-camera: <MCT   >< INFO> 5111: mct_pipeline_stop_session_thread: Stop module name: stats - E
05-09 17:39:58.569 23525 23525 D ForceDarkHelper: updateByCheckExcludeList: pkg: com.miui.home activity: com.miui.home.launcher.Launcher@a7a9f34
05-09 17:39:58.569   697 23638 I         : VIDHANCE dmbr_free_context user=0xebcb6100
05-09 17:39:58.570 23525 23525 D ForceDarkHelper: updateByCheckExcludeList: pkg: com.miui.home activity: com.miui.home.launcher.Launcher@a7a9f34
05-09 17:39:58.571 23525 23525 D ForceDarkHelper: updateByCheckExcludeList: pkg: com.miui.home activity: com.miui.home.launcher.Launcher@a7a9f34
05-09 17:39:58.571   697 23639 I mm-camera: <MCT   >< INFO> 5111: mct_pipeline_stop_session_thread: Stop module name: pproc - E
05-09 17:39:58.572 23525 23525 D ForceDarkHelper: updateByCheckExcludeList: pkg: com.miui.home activity: com.miui.home.launcher.Launcher@a7a9f34
05-09 17:39:58.572 23525 23525 D ForceDarkHelper: updateByCheckExcludeList: pkg: com.miui.home activity: com.miui.home.launcher.Launcher@a7a9f34
05-09 17:39:58.572 23525 23576 D Launcher.Model: step 1: loading workspace:19 ms
05-09 17:39:58.572 23525 23576 D Launcher.Model: loadAndBindWorkspace loaded=false
05-09 17:39:58.573   697 21265 I mm-camera: <MCT   >< INFO> 5399: mct_pipeline_stop_session: Modules left: 5
05-09 17:39:58.573   697 21265 I mm-camera: <MCT   >< INFO> 5399: mct_pipeline_stop_session: Modules left: 4
05-09 17:39:58.573   697 23641 I mm-camera: <MCT   >< INFO> 5111: mct_pipeline_stop_session_thread: Stop module name: imglib - E
05-09 17:39:58.574   697 23637 I mm-camera: <MCT   >< INFO> 5119: mct_pipeline_stop_session_thread: Stop module name: isp - X
05-09 17:39:58.574   697 21265 I mm-camera: <MCT   >< INFO> 5399: mct_pipeline_stop_session: Modules left: 3
05-09 17:39:58.574 23525 23525 D ForceDarkHelper: updateByCheckExcludeList: pkg: com.miui.home activity: com.miui.home.launcher.Launcher@a7a9f34
05-09 17:39:58.575   697 23638 I mm-camera: <MCT   >< INFO> 5119: mct_pipeline_stop_session_thread: Stop module name: stats - X
05-09 17:39:58.575   697 23641 I mm-camera: <MCT   >< INFO> 5119: mct_pipeline_stop_session_thread: Stop module name: imglib - X
05-09 17:39:58.575   697 21265 I mm-camera: <MCT   >< INFO> 5399: mct_pipeline_stop_session: Modules left: 2
05-09 17:39:58.575   697 21265 I mm-camera: <MCT   >< INFO> 5399: mct_pipeline_stop_session: Modules left: 1
05-09 17:39:58.575 23525 23525 D ForceDarkHelper: updateByCheckExcludeList: pkg: com.miui.home activity: com.miui.home.launcher.Launcher@a7a9f34
05-09 17:39:58.576  1314  1314 V slim_daemon: [MAIN] run: Got IPC: 9902 from 0
05-09 17:39:58.576  1314  1314 D slim_daemon: [SLIM] No pending timeout events
05-09 17:39:58.576  1572  1572 E Diag_Lib:  Diag_LSM_Init: Failed to open handle to diag driver, error = 13
05-09 17:39:58.576  1572  1572 E Diag_Lib: qpLogDiagInit <== result : 0
05-09 17:39:58.576  1572  1572 E Diag_Lib: DATAD : gIsQXDMDisabled 0, gIsADBDisabled 1, gIsDebugDisabled 0, gIsIMSLogsDisabled 0
05-09 17:39:58.576  1572  1572 E Diag_Lib:  Diag_LSM_Init: Failed to open handle to diag driver, error = 13
05-09 17:39:58.576  1572  1572 E Diag_Lib: qpLogDiagInit <== result : 0
05-09 17:39:58.576  1572  1572 E Diag_Lib: DATAD : gIsQXDMDisabled 0, gIsADBDisabled 1, gIsDebugDisabled 0, gIsIMSLogsDisabled 0
05-09 17:39:58.577 23525 23525 D ForceDarkHelper: updateByCheckExcludeList: pkg: com.miui.home activity: com.miui.home.launcher.Launcher@a7a9f34
05-09 17:39:58.577 23547 23628 I Watchcat: Started
05-09 17:39:58.569  1572  1572 W imsdatadaemon: type=1400 audit(0.0:71980): avc: denied { read write } for name="diag" dev="tmpfs" ino=20515 scontext=u:r:ims:s0 tcontext=u:object_r:diag_device:s0 tclass=chr_file permissive=0
05-09 17:39:58.577 23525 23576 D Launcher.DualClock: isDualClockEnable:true
05-09 17:39:58.578 23525 23525 D ForceDarkHelper: updateByCheckExcludeList: pkg: com.miui.home activity: com.miui.home.launcher.Launcher@a7a9f34
05-09 17:39:58.579 23525 23576 D Launcher.DualClock: current:Asia/Shanghai,resident:Asia/Shanghai
05-09 17:39:58.590 23547 23547 I DynamiteModule: Considering local module com.google.android.gms.googlecertificates:6 and remote module com.google.android.gms.googlecertificates:6
05-09 17:39:58.590 23547 23547 I DynamiteModule: Selected local version of com.google.android.gms.googlecertificates
05-09 17:39:58.591 23525 23525 D ForceDarkHelper: updateByCheckExcludeList: pkg: com.miui.home activity: com.miui.home.launcher.Launcher@a7a9f34
05-09 17:39:58.591 23525 23525 D ForceDarkHelper: updateByCheckExcludeList: pkg: com.miui.home activity: com.miui.home.launcher.Launcher@a7a9f34
05-09 17:39:58.592 23525 23576 D Launcher.Model: Update item in database (0, 0) of screen 1 under container -100
05-09 17:39:58.592 23525 23525 D ForceDarkHelper: updateByCheckExcludeList: pkg: com.miui.home activity: com.miui.home.launcher.Launcher@a7a9f34
05-09 17:39:58.592 23525 23576 D Launcher.Model: updateItemInDatabase, item=GadgetInfo, id=89, itemType=5, user=UserHandle{0}, categoryId=4, gadgetId=1000, mMtzTitle=天气, mMtzMockWidgetId=1000, mMtzMockWidgetProvider=null, mMtzUri=file:///system/media/theme/default/gadgets/weather_4x1.mtz, screenId=1, container=-100, cellX=0, cellY=0, spanX=4, spanY=1, isLandscapePos=false
05-09 17:39:58.596 23525 23576 W Launcher.Model: loadShortcut, id=113, intent=Intent { act=android.intent.action.MAIN cat=[android.intent.category.LAUNCHER] flg=0x10200000 cmp=com.autonavi.minimap/com.autonavi.map.activity.SplashActivity }, userHandle=UserHandle{0}, type=0
05-09 17:39:58.597 23525 23525 D ForceDarkHelper: updateByCheckExcludeList: pkg: com.miui.home activity: com.miui.home.launcher.Launcher@a7a9f34
05-09 17:39:58.598 23525 23525 I chatty  : uid=10090(com.miui.home) identical 2 lines
05-09 17:39:58.600 23525 23525 D ForceDarkHelper: updateByCheckExcludeList: pkg: com.miui.home activity: com.miui.home.launcher.Launcher@a7a9f34
05-09 17:39:58.602 23525 23576 E ResourceLoader: getXmlRoot local inputStream is null
05-09 17:39:58.602 23525 23576 E ScreenElementRoot: load error, manifest root is null
05-09 17:39:58.608 23525 23646 E ActivityThread: Failed to find provider info for com.xiaomi.mihomemanager.whitelistProvider
05-09 17:39:58.612 23525 23525 D ForceDarkHelper: updateByCheckExcludeList: pkg: com.miui.home activity: com.miui.home.launcher.Launcher@a7a9f34
05-09 17:39:58.614 23525 23525 I chatty  : uid=10090(com.miui.home) identical 4 lines
05-09 17:39:58.615 23525 23525 D ForceDarkHelper: updateByCheckExcludeList: pkg: com.miui.home activity: com.miui.home.launcher.Launcher@a7a9f34
05-09 17:39:58.616 23525 23576 W Launcher.Model: loadShortcut, after getShortcutInfoFromApplication, info=ShortcutInfo, id=113, itemType=0, user=UserHandle{0}, mIconType=0, pkgName=com.autonavi.minimap, className=com.autonavi.map.activity.SplashActivity, screenId=-1, container=-1, cellX=-1, cellY=-1, spanX=1, spanY=1, isLandscapePos=false
05-09 17:39:58.616 23525 23576 W Launcher.Model: loadShortcut, after getShortcutInfoFromApplication, put into mLoadedApps
05-09 17:39:58.616 23525 23576 D Launcher.Model: loadShortcut, bind item to launcher, item=ShortcutInfo, id=113, itemType=0, user=UserHandle{0}, mIconType=0, pkgName=com.autonavi.minimap, className=com.autonavi.map.activity.SplashActivity, screenId=1, container=-100, cellX=2, cellY=2, spanX=1, spanY=1, isLandscapePos=false
05-09 17:39:58.616 23525 23525 D ForceDarkHelper: updateByCheckExcludeList: pkg: com.miui.home activity: com.miui.home.launcher.Launcher@a7a9f34
05-09 17:39:58.616 23525 23576 W Launcher.Model: loadShortcut, id=95, intent=Intent { act=android.intent.action.MAIN cat=[com.miui.home.launcher.DEEP_SHORTCUT] flg=0x10200000 pkg=com.duokan.phone.remotecontroller cmp=com.duokan.phone.remotecontroller/com.xiaomi.mitv.phone.remotecontroller.HoriWidgetMainActivityV2 (has extras) }, userHandle=UserHandle{0}, type=14
05-09 17:39:58.617 23525 23525 D ForceDarkHelper: updateByCheckExcludeList: pkg: com.miui.home activity: com.miui.home.launcher.Launcher@a7a9f34
05-09 17:39:58.625 23525 23525 I chatty  : uid=10090(com.miui.home) identical 14 lines
05-09 17:39:58.627 23525 23525 D ForceDarkHelper: updateByCheckExcludeList: pkg: com.miui.home activity: com.miui.home.launcher.Launcher@a7a9f34
05-09 17:39:58.627 23525 23576 D IconCustomizer: Content Ratio = 1.0
05-09 17:39:58.627 23525 23525 D ForceDarkHelper: updateByCheckExcludeList: pkg: com.miui.home activity: com.miui.home.launcher.Launcher@a7a9f34
05-09 17:39:58.631 23525 23525 I chatty  : uid=10090(com.miui.home) identical 4 lines
05-09 17:39:58.632 23525 23525 D ForceDarkHelper: updateByCheckExcludeList: pkg: com.miui.home activity: com.miui.home.launcher.Launcher@a7a9f34
05-09 17:39:58.632 23525 23576 D Launcher.Model: loadShortcut, not application shortcutInfo, info=DeepShortcutInfo, id=95, itemType=14, user=UserHandle{0}, mIconType=1, pkgName=com.duokan.phone.remotecontroller, className=com.xiaomi.mitv.phone.remotecontroller.HoriWidgetMainActivityV2
05-09 17:39:58.632 23525 23576 D Launcher.Model: loadShortcut, bind item to launcher, item=DeepShortcutInfo, id=95, itemType=14, user=UserHandle{0}, mIconType=1, pkgName=com.duokan.phone.remotecontroller, className=com.xiaomi.mitv.phone.remotecontroller.HoriWidgetMainActivityV2, screenId=1, container=-100, cellX=1, cellY=3, spanX=1, spanY=1, isLandscapePos=false
05-09 17:39:58.632 23525 23576 W Launcher.Model: loadShortcut, id=112, intent=Intent { act=android.intent.action.MAIN cat=[android.intent.category.LAUNCHER] flg=0x10200000 cmp=yuri.nakamura.noname_android/com.widget.noname_android.MainActivity }, userHandle=UserHandle{0}, type=0
05-09 17:39:58.633 23525 23525 D ForceDarkHelper: updateByCheckExcludeList: pkg: com.miui.home activity: com.miui.home.launcher.Launcher@a7a9f34
05-09 17:39:58.633 23525 23525 D ForceDarkHelper: updateByCheckExcludeList: pkg: com.miui.home activity: com.miui.home.launcher.Launcher@a7a9f34
05-09 17:39:58.634 23525 23576 E ResourceLoader: getXmlRoot local inputStream is null
05-09 17:39:58.634 23525 23525 D ForceDarkHelper: updateByCheckExcludeList: pkg: com.miui.home activity: com.miui.home.launcher.Launcher@a7a9f34
05-09 17:39:58.634 23525 23576 E ScreenElementRoot: load error, manifest root is null
05-09 17:39:58.634 23525 23525 D ForceDarkHelper: updateByCheckExcludeList: pkg: com.miui.home activity: com.miui.home.launcher.Launcher@a7a9f34
05-09 17:39:58.642 23525 23525 I chatty  : uid=10090(com.miui.home) identical 8 lines
05-09 17:39:58.642 23525 23525 D ForceDarkHelper: updateByCheckExcludeList: pkg: com.miui.home activity: com.miui.home.launcher.Launcher@a7a9f34
05-09 17:39:58.643 23547 23547 D BoundBrokerSvc: onBind: Intent { act=android.net.action.RECOMMEND_NETWORKS cmp=com.google.android.gms/.chimera.PersistentBoundBrokerService }
05-09 17:39:58.644 23547 23547 D BoundBrokerSvc: Loading bound service for intent: Intent { act=android.net.action.RECOMMEND_NETWORKS cmp=com.google.android.gms/.chimera.PersistentBoundBrokerService }
05-09 17:39:58.647 23525 23576 W Launcher.Model: loadShortcut, after getShortcutInfoFromApplication, info=ShortcutInfo, id=112, itemType=0, user=UserHandle{0}, mIconType=0, pkgName=yuri.nakamura.noname_android, className=com.widget.noname_android.MainActivity, screenId=-1, container=-1, cellX=-1, cellY=-1, spanX=1, spanY=1, isLandscapePos=false
05-09 17:39:58.647 23525 23576 W Launcher.Model: loadShortcut, after getShortcutInfoFromApplication, put into mLoadedApps
05-09 17:39:58.647 23547 23547 I NetRec  : [2] NetworkRecommendationService.onCreate: Creating service.
05-09 17:39:58.647 23525 23576 D Launcher.Model: loadShortcut, bind item to launcher, item=ShortcutInfo, id=112, itemType=0, user=UserHandle{0}, mIconType=0, pkgName=yuri.nakamura.noname_android, className=com.widget.noname_android.MainActivity, screenId=1, container=-100, cellX=3, cellY=3, spanX=1, spanY=1, isLandscapePos=false
05-09 17:39:58.647 23525 23576 W Launcher.Model: loadShortcut, id=116, intent=Intent { act=android.intent.action.MAIN cat=[android.intent.category.LAUNCHER] flg=0x10200000 cmp=org.getlantern.lantern/.MainActivity }, userHandle=UserHandle{0}, type=0
05-09 17:39:58.647 23547 23633 E Perf    : Fail to get file list com.google.android.gms
05-09 17:39:58.648 23547 23633 E Perf    : getFolderSize() : Exception_1 = java.lang.NullPointerException: Attempt to get length of null array
05-09 17:39:58.648 23547 23633 E Perf    : Fail to get file list oat
05-09 17:39:58.648 23547 23633 E Perf    : getFolderSize() : Exception_1 = java.lang.NullPointerException: Attempt to get length of null array
05-09 17:39:58.649 23525 23576 E ResourceLoader: getXmlRoot local inputStream is null
05-09 17:39:58.649 23525 23576 E ScreenElementRoot: load error, manifest root is null
05-09 17:39:58.656 23525 23525 D ForceDarkHelper: updateByCheckExcludeList: pkg: com.miui.home activity: com.miui.home.launcher.Launcher@a7a9f34
05-09 17:39:58.657 23525 23525 I chatty  : uid=10090(com.miui.home) identical 5 lines
05-09 17:39:58.659 23525 23525 D ForceDarkHelper: updateByCheckExcludeList: pkg: com.miui.home activity: com.miui.home.launcher.Launcher@a7a9f34
05-09 17:39:58.660 23525 23576 W Launcher.Model: loadShortcut, after getShortcutInfoFromApplication, info=ShortcutInfo, id=116, itemType=0, user=UserHandle{0}, mIconType=0, pkgName=org.getlantern.lantern, className=org.getlantern.lantern.MainActivity, screenId=-1, container=-1, cellX=-1, cellY=-1, spanX=1, spanY=1, isLandscapePos=false
05-09 17:39:58.660 23525 23525 D ForceDarkHelper: updateByCheckExcludeList: pkg: com.miui.home activity: com.miui.home.launcher.Launcher@a7a9f34
05-09 17:39:58.660 23525 23576 W Launcher.Model: loadShortcut, after getShortcutInfoFromApplication, put into mLoadedApps
05-09 17:39:58.660 23525 23576 D Launcher.Model: loadShortcut, bind item to launcher, item=ShortcutInfo, id=116, itemType=0, user=UserHandle{0}, mIconType=0, pkgName=org.getlantern.lantern, className=org.getlantern.lantern.MainActivity, screenId=1, container=-100, cellX=0, cellY=4, spanX=1, spanY=1, isLandscapePos=false
05-09 17:39:58.660 23525 23576 W Launcher.Model: loadShortcut, id=131, intent=Intent { act=android.intent.action.MAIN cat=[android.intent.category.LAUNCHER] flg=0x10200000 cmp=com.ss.android.ugc.aweme.lite/com.ss.android.ugc.aweme.splash.SplashActivity }, userHandle=UserHandle{0}, type=0
05-09 17:39:58.660 23525 23525 D ForceDarkHelper: updateByCheckExcludeList: pkg: com.miui.home activity: com.miui.home.launcher.Launcher@a7a9f34
05-09 17:39:58.662 23525 23576 E ResourceLoader: getXmlRoot local inputStream is null
05-09 17:39:58.662 23525 23576 E ScreenElementRoot: load error, manifest root is null
05-09 17:39:58.662 23525 23525 D ForceDarkHelper: updateByCheckExcludeList: pkg: com.miui.home activity: com.miui.home.launcher.Launcher@a7a9f34
05-09 17:39:58.663 23525 23525 D ForceDarkHelper: updateByCheckExcludeList: pkg: com.miui.home activity: com.miui.home.launcher.Launcher@a7a9f34
05-09 17:39:58.667 23525 23576 W com.miui.home: resources.arsc in APK '/data/app/com.ss.android.ugc.aweme.lite-cIzjQxYy8KrONG2pRu8eag==/base.apk' is compressed.
05-09 17:39:58.667 23547 23547 W NetRec  : [2] avot.<init>: Extended dumpsys support disabled.
05-09 17:39:58.669 23525 23525 D ForceDarkHelper: updateByCheckExcludeList: pkg: com.miui.home activity: com.miui.home.launcher.Launcher@a7a9f34
05-09 17:39:58.669 23525 23525 D ForceDarkHelper: updateByCheckExcludeList: pkg: com.miui.home activity: com.miui.home.launcher.Launcher@a7a9f34
05-09 17:39:58.674   579   579 I hwservicemanager: getTransport: Cannot find entry vendor.qti.hardware.servicetracker@1.0::IServicetracker/default in either framework or device manifest.
05-09 17:39:58.675  1951  3613 D CompatibilityInfo: mCompatibilityFlags - 0
05-09 17:39:58.675  1951  3613 D CompatibilityInfo: applicationDensity - 440
05-09 17:39:58.675  1951  3613 D CompatibilityInfo: applicationScale - 1.0
05-09 17:39:58.675 23525 23525 D ForceDarkHelper: updateByCheckExcludeList: pkg: com.miui.home activity: com.miui.home.launcher.Launcher@a7a9f34
05-09 17:39:58.676 23525 23525 D ForceDarkHelper: updateByCheckExcludeList: pkg: com.miui.home activity: com.miui.home.launcher.Launcher@a7a9f34
05-09 17:39:58.676   579   579 I hwservicemanager: getTransport: Cannot find entry vendor.qti.hardware.servicetracker@1.0::IServicetracker/default in either framework or device manifest.
05-09 17:39:58.676 23525 23525 D ForceDarkHelper: updateByCheckExcludeList: pkg: com.miui.home activity: com.miui.home.launcher.Launcher@a7a9f34
05-09 17:39:58.680  1951  3613 I ActivityManager: Force stopping com.miui.weather2 appid=10075 user=0: from process:23650
05-09 17:39:58.680 23525 23525 I chatty  : uid=10090(com.miui.home) identical 7 lines
05-09 17:39:58.680 23525 23525 D ForceDarkHelper: updateByCheckExcludeList: pkg: com.miui.home activity: com.miui.home.launcher.Launcher@a7a9f34
05-09 17:39:58.681 23547 23547 I NetRec  : [2] NetworkRecommendationService.a: Starting service.
05-09 17:39:58.681 23547 23547 I NetRec  : [2] avsk.a: Now the active scorer.
05-09 17:39:58.681 23525 23525 D ForceDarkHelper: updateByCheckExcludeList: pkg: com.miui.home activity: com.miui.home.launcher.Launcher@a7a9f34
05-09 17:39:58.682  1951  3613 E MiuiBinderProxy: callBinderTransact com.android.internal.app.IOpsCallback 5 failed. android.os.DeadObjectException
05-09 17:39:58.682 23525 23525 D ForceDarkHelper: updateByCheckExcludeList: pkg: com.miui.home activity: com.miui.home.launcher.Launcher@a7a9f34
05-09 17:39:58.682  1951  3613 I ActivityManager: Killing 22105:com.miui.weather2/u0a75 (adj 955): stop com.miui.weather2: from process:23650
05-09 17:39:58.685  1951  3613 D ProcessRecordInjector: Begin to report kill process events...
05-09 17:39:58.684 23525 23525 I chatty  : uid=10090(com.miui.home) identical 2 lines
05-09 17:39:58.684 23525 23525 D ForceDarkHelper: updateByCheckExcludeList: pkg: com.miui.home activity: com.miui.home.launcher.Launcher@a7a9f34
05-09 17:39:58.685   579   579 I hwservicemanager: getTransport: Cannot find entry vendor.qti.hardware.servicetracker@1.0::IServicetracker/default in either framework or device manifest.
05-09 17:39:58.687 23525 23525 D miuix_anim: handleViewTouch for com.miui.home.launcher.SearchBarXiaoaiLayout{ee410b8 VFE...C.. ......I. 0,0-0,0 #7f0a0166 app:id/search_bar_xiaoai_layout}
05-09 17:39:58.688 23525 23525 D ForceDarkHelper: updateByCheckExcludeList: pkg: com.miui.home activity: com.miui.home.launcher.Launcher@a7a9f34
05-09 17:39:58.689  1951  1970 I Timeline: Timeline: App_transition_ready time:243842385
05-09 17:39:58.688 23525 23525 I chatty  : uid=10090(com.miui.home) identical 1 line
05-09 17:39:58.689 23525 23525 D ForceDarkHelper: updateByCheckExcludeList: pkg: com.miui.home activity: com.miui.home.launcher.Launcher@a7a9f34
05-09 17:39:58.689 23525 23525 D miuix_anim: handleViewTouch for com.miui.home.launcher.SearchBarDesktopLayout{c71985d V.E...... ......I. 0,0-0,0 #7f0a015e app:id/search_bar_desktop_layout}
05-09 17:39:58.690 23525 23525 D miuix_anim: handleViewTouch for android.widget.FrameLayout{4a22da0 V.E...... ......I. 0,0-0,0 #7f0a015d app:id/search_bar_content_icon_layout}
05-09 17:39:58.690  1951  3613 I ActivityManager: Force stopping com.miui.weather2 appid=10075 user=999: from process:23650
05-09 17:39:58.690 23525 23525 D ForceDarkHelper: updateByCheckExcludeList: pkg: com.miui.home activity: com.miui.home.launcher.Launcher@a7a9f34
05-09 17:39:58.690  1951  3613 I AutoStartManagerService: MIUILOG- Reject RestartService packageName :com.miui.weather2 uid : 99910075
05-09 17:39:58.691 23525 23576 W Launcher.Model: loadShortcut, after getShortcutInfoFromApplication, info=ShortcutInfo, id=131, itemType=0, user=UserHandle{0}, mIconType=0, pkgName=com.ss.android.ugc.aweme.lite, className=com.ss.android.ugc.aweme.splash.SplashActivity, screenId=-1, container=-1, cellX=-1, cellY=-1, spanX=1, spanY=1, isLandscapePos=false
05-09 17:39:58.691 23525 23576 W Launcher.Model: loadShortcut, after getShortcutInfoFromApplication, put into mLoadedApps
05-09 17:39:58.691 23525 23525 D ForceDarkHelper: updateByCheckExcludeList: pkg: com.miui.home activity: com.miui.home.launcher.Launcher@a7a9f34
05-09 17:39:58.691 23525 23576 D Launcher.Model: loadShortcut, bind item to launcher, item=ShortcutInfo, id=131, itemType=0, user=UserHandle{0}, mIconType=0, pkgName=com.ss.android.ugc.aweme.lite, className=com.ss.android.ugc.aweme.splash.SplashActivity, screenId=1, container=-100, cellX=1, cellY=4, spanX=1, spanY=1, isLandscapePos=false
05-09 17:39:58.691 23525 23576 W Launcher.Model: loadShortcut, id=5, intent=Intent { act=android.intent.action.MAIN cat=[android.intent.category.LAUNCHER] flg=0x10200000 cmp=com.mi.globalbrowser/.Main }, userHandle=UserHandle{0}, type=0
05-09 17:39:58.691  1951  1986 D HBMFeatureControl: light lux=171.0
05-09 17:39:58.691 23525 23525 D ForceDarkHelper: updateByCheckExcludeList: pkg: com.miui.home activity: com.miui.home.launcher.Launcher@a7a9f34
05-09 17:39:58.693 23525 23525 D ForceDarkHelper: updateByCheckExcludeList: pkg: com.miui.home activity: com.miui.home.launcher.Launcher@a7a9f34
05-09 17:39:58.693  1951  2084 I MiuiNetworkPolicy: removeUidState uid = 10075
05-09 17:39:58.693 23525 23576 D Launcher.Model: component:ComponentInfo{com.mi.globalbrowser/com.mi.globalbrowser.Main} returned because user: UserHandle{0} contains: false
05-09 17:39:58.693 23525 23576 W Launcher.Model: loadShortcut, id=128, intent=Intent { act=android.intent.action.MAIN cat=[android.intent.category.LAUNCHER] flg=0x10200000 cmp=com.zhihu.android/.app.ui.activity.LauncherActivity }, userHandle=UserHandle{0}, type=0
05-09 17:39:58.693  1951  1970 I Timeline: Timeline: App_transition_ready time:243842389
05-09 17:39:58.695 23525 23525 D ForceDarkHelper: updateByCheckExcludeList: pkg: com.miui.home activity: com.miui.home.launcher.Launcher@a7a9f34
05-09 17:39:58.695 23525 23525 D ForceDarkHelper: updateByCheckExcludeList: pkg: com.miui.home activity: com.miui.home.launcher.Launcher@a7a9f34
05-09 17:39:58.695 23525 23576 E ResourceLoader: getXmlRoot local inputStream is null
05-09 17:39:58.695 23525 23576 E ScreenElementRoot: load error, manifest root is null
05-09 17:39:58.696 23525 23525 D ForceDarkHelper: updateByCheckExcludeList: pkg: com.miui.home activity: com.miui.home.launcher.Launcher@a7a9f34
05-09 17:39:58.697 23525 23525 I chatty  : uid=10090(com.miui.home) identical 3 lines
05-09 17:39:58.697 23525 23525 D ForceDarkHelper: updateByCheckExcludeList: pkg: com.miui.home activity: com.miui.home.launcher.Launcher@a7a9f34
05-09 17:39:58.697 29275 29275 D AggregateListener: notifyAction action:android.intent.action.PACKAGE_RESTARTED
05-09 17:39:58.697 29275 29275 D AggregateListener: onPackageRestarted packageName:com.miui.weather2
05-09 17:39:58.697 23525 23525 D ForceDarkHelper: updateByCheckExcludeList: pkg: com.miui.home activity: com.miui.home.launcher.Launcher@a7a9f34
05-09 17:39:58.698 23525 23525 I chatty  : uid=10090(com.miui.home) identical 1 line
05-09 17:39:58.698 23525 23525 D ForceDarkHelper: updateByCheckExcludeList: pkg: com.miui.home activity: com.miui.home.launcher.Launcher@a7a9f34
05-09 17:39:58.698  2470  2470 E PhoneInterfaceManager: [PhoneIntfMgr] getCarrierPackageNamesForIntent: No UICC
05-09 17:39:58.698  2470  2470 D CarrierSvcBindHelper: No carrier app for: 0
05-09 17:39:58.700  2470  2470 E PhoneInterfaceManager: [PhoneIntfMgr] getCarrierPackageNamesForIntent: No UICC
05-09 17:39:58.700  2470  2470 D CarrierSvcBindHelper: No carrier app for: 1
05-09 17:39:58.700 23525 23525 D ForceDarkHelper: updateByCheckExcludeList: pkg: com.miui.home activity: com.miui.home.launcher.Launcher@a7a9f34
05-09 17:39:58.701  2470  2470 E PhoneInterfaceManager: [PhoneIntfMgr] getCarrierPackageNamesForIntent: No UICC
05-09 17:39:58.701  2470  2470 D CarrierSvcBindHelper: No carrier app for: 0
05-09 17:39:58.701  2470  2470 E PhoneInterfaceManager: [PhoneIntfMgr] getCarrierPackageNamesForIntent: No UICC
05-09 17:39:58.701  2470  2470 D CarrierSvcBindHelper: No carrier app for: 1
05-09 17:39:58.703 23525 23525 D ForceDarkHelper: updateByCheckExcludeList: pkg: com.miui.home activity: com.miui.home.launcher.Launcher@a7a9f34
05-09 17:39:58.705 23525 23525 I chatty  : uid=10090(com.miui.home) identical 4 lines
05-09 17:39:58.706 23525 23525 D ForceDarkHelper: updateByCheckExcludeList: pkg: com.miui.home activity: com.miui.home.launcher.Launcher@a7a9f34
05-09 17:39:58.707  1214  1214 I Zygote  : Process 22105 exited due to signal 9 (Killed)
05-09 17:39:58.707 23525 23525 D ForceDarkHelper: updateByCheckExcludeList: pkg: com.miui.home activity: com.miui.home.launcher.Launcher@a7a9f34
05-09 17:39:58.710 23525 23525 I chatty  : uid=10090(com.miui.home) identical 5 lines
05-09 17:39:58.710 23525 23525 D ForceDarkHelper: updateByCheckExcludeList: pkg: com.miui.home activity: com.miui.home.launcher.Launcher@a7a9f34
05-09 17:39:58.711  1951  1981 I libprocessgroup: Successfully killed process cgroup uid 10075 pid 22105 in 27ms
05-09 17:39:58.712 23525 23525 D ForceDarkHelper: updateByCheckExcludeList: pkg: com.miui.home activity: com.miui.home.launcher.Launcher@a7a9f34
05-09 17:39:58.716 23525 23525 I chatty  : uid=10090(com.miui.home) identical 9 lines
05-09 17:39:58.716 23525 23525 D ForceDarkHelper: updateByCheckExcludeList: pkg: com.miui.home activity: com.miui.home.launcher.Launcher@a7a9f34
05-09 17:39:58.716   697 23639 D QCameraQuadraCfa: img_algo_shutdown:303 : E
05-09 17:39:58.716   697 23639 D QCameraQuadraCfa: img_algo_shutdown:308 : X
05-09 17:39:58.716   697 23639 I mm-camera: <MCT   >< INFO> 5119: mct_pipeline_stop_session_thread: Stop module name: pproc - X
05-09 17:39:58.716   697 21265 I mm-camera: <MCT   >< INFO> 5399: mct_pipeline_stop_session: Modules left: 0
05-09 17:39:58.716   697 21265 I mm-camera: <MCT   >< INFO> 5409: mct_pipeline_stop_session: Stopped session 5 successfully
05-09 17:39:58.716   697 21265 I mm-camera: <MCT   >< INFO> 5713: mct_pipeline_destroy: E: session:5
05-09 17:39:58.716   697 21265 E mm-camera: <MCT   ><ERROR> 179: stop_sof_check_thread: Returning as SOF timer thread not yet initialized
05-09 17:39:58.716   697 21265 I mm-camera: <MCT   >< INFO> 5791: mct_pipeline_destroy: X: Pipeline destroyed successfully session =5
05-09 17:39:58.716   697 21265 I mm-camera: <MCT   >< INFO> 422: mct_controller_destroy: X Successfully closed mct_controller session 5
05-09 17:39:58.717 23525 23525 D ForceDarkHelper: updateByCheckExcludeList: pkg: com.miui.home activity: com.miui.home.launcher.Launcher@a7a9f34
05-09 17:39:58.717 23525 23525 D ForceDarkHelper: updateByCheckExcludeList: pkg: com.miui.home activity: com.miui.home.launcher.Launcher@a7a9f34
05-09 17:39:58.717 23525 23576 W Launcher.Model: loadShortcut, after getShortcutInfoFromApplication, info=ShortcutInfo, id=128, itemType=0, user=UserHandle{0}, mIconType=0, pkgName=com.zhihu.android, className=com.zhihu.android.app.ui.activity.LauncherActivity, screenId=-1, container=-1, cellX=-1, cellY=-1, spanX=1, spanY=1, isLandscapePos=false
05-09 17:39:58.717 23525 23576 W Launcher.Model: loadShortcut, after getShortcutInfoFromApplication, put into mLoadedApps
05-09 17:39:58.717 23525 23525 D ForceDarkHelper: updateByCheckExcludeList: pkg: com.miui.home activity: com.miui.home.launcher.Launcher@a7a9f34
05-09 17:39:58.717 23525 23576 D Launcher.Model: loadShortcut, bind item to launcher, item=ShortcutInfo, id=128, itemType=0, user=UserHandle{0}, mIconType=0, pkgName=com.zhihu.android, className=com.zhihu.android.app.ui.activity.LauncherActivity, screenId=1, container=-100, cellX=2, cellY=4, spanX=1, spanY=1, isLandscapePos=false
05-09 17:39:58.718 23525 23576 W Launcher.Model: loadShortcut, id=3, intent=Intent { act=android.intent.action.MAIN cat=[android.intent.category.LAUNCHER] flg=0x10200000 cmp=com.miui.gallery/.activity.HomePageActivity }, userHandle=UserHandle{0}, type=0
05-09 17:39:58.718   697 21265 I QCamera : <HAL><INFO> closeCamera: 1666: [KPI Perf]: X PROFILE_CLOSE_CAMERA camera id 1, rc: 0
05-09 17:39:58.718 23525 23525 D ForceDarkHelper: updateByCheckExcludeList: pkg: com.miui.home activity: com.miui.home.launcher.Launcher@a7a9f34
05-09 17:39:58.720 23525 23525 I chatty  : uid=10090(com.miui.home) identical 5 lines
05-09 17:39:58.721 23525 23525 D ForceDarkHelper: updateByCheckExcludeList: pkg: com.miui.home activity: com.miui.home.launcher.Launcher@a7a9f34
05-09 17:39:58.721 23525 23576 I ResourceManager: load image quietImage.png
05-09 17:39:58.721 23525 23576 I ResourceManager: try to load resource from extra resource: den440 of quietImage.png
05-09 17:39:58.721 23525 23525 D ForceDarkHelper: updateByCheckExcludeList: pkg: com.miui.home activity: com.miui.home.launcher.Launcher@a7a9f34
05-09 17:39:58.722 23525 23525 I chatty  : uid=10090(com.miui.home) identical 2 lines
05-09 17:39:58.722 23525 23525 D ForceDarkHelper: updateByCheckExcludeList: pkg: com.miui.home activity: com.miui.home.launcher.Launcher@a7a9f34
05-09 17:39:58.722 23525 23576 I ResourceManager: load image from extra resource: den440 of quietImage.png
05-09 17:39:58.723 23525 23525 D ForceDarkHelper: updateByCheckExcludeList: pkg: com.miui.home activity: com.miui.home.launcher.Launcher@a7a9f34
05-09 17:39:58.723 23525 23576 W Launcher.Model: loadShortcut, after getShortcutInfoFromApplication, info=ShortcutInfo, id=3, itemType=0, user=UserHandle{0}, mIconType=0, pkgName=com.miui.gallery, className=com.miui.gallery.activity.HomePageActivity, screenId=-1, container=-1, cellX=-1, cellY=-1, spanX=1, spanY=1, isLandscapePos=false
05-09 17:39:58.723 23525 23576 W Launcher.Model: loadShortcut, after getShortcutInfoFromApplication, put into mLoadedApps
05-09 17:39:58.723 23525 23525 D ForceDarkHelper: updateByCheckExcludeList: pkg: com.miui.home activity: com.miui.home.launcher.Launcher@a7a9f34
05-09 17:39:58.723 23525 23576 D Launcher.Model: loadShortcut, bind item to launcher, item=ShortcutInfo, id=3, itemType=0, user=UserHandle{0}, mIconType=0, pkgName=com.miui.gallery, className=com.miui.gallery.activity.HomePageActivity, screenId=1, container=-100, cellX=3, cellY=4, spanX=1, spanY=1, isLandscapePos=false
05-09 17:39:58.723 23547 23547 D BoundBrokerSvc: onBind: Intent { act=com.google.android.gms.clearcut.service.START cmp=com.google.android.gms/.chimera.PersistentDirectBootAwareApiService }
05-09 17:39:58.723 23547 23547 D BoundBrokerSvc: Loading bound service for intent: Intent { act=com.google.android.gms.clearcut.service.START cmp=com.google.android.gms/.chimera.PersistentDirectBootAwareApiService }
05-09 17:39:58.723 23525 23576 W Launcher.Model: loadShortcut, id=130, intent=Intent { act=android.intent.action.MAIN cat=[android.intent.category.LAUNCHER] flg=0x10200000 cmp=com.szt.pay/.SplashActivity }, userHandle=UserHandle{0}, type=0
05-09 17:39:58.723   697 21265 I MiAILab : scene_classify::release called
05-09 17:39:58.723 23525 23525 D ForceDarkHelper: updateByCheckExcludeList: pkg: com.miui.home activity: com.miui.home.launcher.Launcher@a7a9f34
05-09 17:39:58.723   697 11985 I MiAILab : scene_classify::processThread process release:1, cmd.proc:0x0, mProc:0x0, mClassifier:0x0, busy:1
05-09 17:39:58.723   697 21265 I native  : bokeh_impl.cpp:161 mibokeh, deconstruct mibokeh implement::~, this=0xec1a3500
05-09 17:39:58.723   697 21265 W native  : bokeh_impl.cpp:162 mibokeh, deconstruct mibokeh implement::~, this=0xec1a3500
05-09 17:39:58.724   697 21265 I native  : portrait_segmenter.h:165 mibokeh, deconstruct asynchronous segment::~, this=0xec1ba1c0
05-09 17:39:58.724   697 21265 W native  : portrait_segmenter.h:166 mibokeh, deconstruct asynchronous segment::~, this=0xec1ba1c0
05-09 17:39:58.724   697 21265 I native  : background_classifier.h:100 mibokeh, deconstruct empty classifier::~, this=0xec16a528
05-09 17:39:58.724   697 21265 W native  : background_classifier.h:101 mibokeh, deconstruct empty classifier::~, this=0xec16a528
05-09 17:39:58.724   697 21265 I MACE    : mace.cc:194 Destroying MaceEngine
05-09 17:39:58.724 23525 23525 D ForceDarkHelper: updateByCheckExcludeList: pkg: com.miui.home activity: com.miui.home.launcher.Launcher@a7a9f34
05-09 17:39:58.724 23525 23525 D Launcher.ShortcutMenu: calculateScale, heightScale=1.0, widthScale=0.97833335
05-09 17:39:58.724 23525 23525 D Launcher.ShortcutMenu: ShortcutMenu finish inflate
05-09 17:39:58.724 23525 23576 E ResourceLoader: getXmlRoot local inputStream is null
05-09 17:39:58.724 23525 23576 E ScreenElementRoot: load error, manifest root is null
05-09 17:39:58.725 23525 23525 D ForceDarkHelper: updateByCheckExcludeList: pkg: com.miui.home activity: com.miui.home.launcher.Launcher@a7a9f34
05-09 17:39:58.726 23525 23525 I chatty  : uid=10090(com.miui.home) identical 1 line
05-09 17:39:58.726 23525 23525 D ForceDarkHelper: updateByCheckExcludeList: pkg: com.miui.home activity: com.miui.home.launcher.Launcher@a7a9f34
05-09 17:39:58.727   697 21265 I native  : portrait_segmenter.cpp:56 mibokeh, deconstruct genuine segment::~, this=0xec1c1000
05-09 17:39:58.727 23525 23525 D ForceDarkHelper: updateByCheckExcludeList: pkg: com.miui.home activity: com.miui.home.launcher.Launcher@a7a9f34
05-09 17:39:58.727   697 21265 W native  : portrait_segmenter.cpp:57 mibokeh, deconstruct genuine segment::~, this=0xec1c1000
05-09 17:39:58.727   697 21265 I native  : bokeh_impl.cpp:161 mibokeh, deconstruct mibokeh implement::~, this=0xec1a4400
05-09 17:39:58.727   697 21265 W native  : bokeh_impl.cpp:162 mibokeh, deconstruct mibokeh implement::~, this=0xec1a4400
05-09 17:39:58.728 23525 23525 D ForceDarkHelper: updateByCheckExcludeList: pkg: com.miui.home activity: com.miui.home.launcher.Launcher@a7a9f34
05-09 17:39:58.731 23525 23525 I chatty  : uid=10090(com.miui.home) identical 4 lines
05-09 17:39:58.731 23525 23525 D ForceDarkHelper: updateByCheckExcludeList: pkg: com.miui.home activity: com.miui.home.launcher.Launcher@a7a9f34
05-09 17:39:58.732  1951  3339 D CompatibilityInfo: mCompatibilityFlags - 0
05-09 17:39:58.732  1951  3339 D CompatibilityInfo: applicationDensity - 440
05-09 17:39:58.732  1951  3339 D CompatibilityInfo: applicationScale - 1.0
05-09 17:39:58.732 23525 23525 D ForceDarkHelper: updateByCheckExcludeList: pkg: com.miui.home activity: com.miui.home.launcher.Launcher@a7a9f34
05-09 17:39:58.732 23525 23525 I chatty  : uid=10090(com.miui.home) identical 1 line
05-09 17:39:58.733 23525 23525 D ForceDarkHelper: updateByCheckExcludeList: pkg: com.miui.home activity: com.miui.home.launcher.Launcher@a7a9f34
05-09 17:39:58.733   579   579 I hwservicemanager: getTransport: Cannot find entry vendor.qti.hardware.servicetracker@1.0::IServicetracker/default in either framework or device manifest.
05-09 17:39:58.733 23525 23576 W Launcher.Model: loadShortcut, after getShortcutInfoFromApplication, info=ShortcutInfo, id=130, itemType=0, user=UserHandle{0}, mIconType=0, pkgName=com.szt.pay, className=com.szt.pay.SplashActivity, screenId=-1, container=-1, cellX=-1, cellY=-1, spanX=1, spanY=1, isLandscapePos=false
05-09 17:39:58.733 23525 23576 W Launcher.Model: loadShortcut, after getShortcutInfoFromApplication, put into mLoadedApps
05-09 17:39:58.733 23525 23576 D Launcher.Model: loadShortcut, bind item to launcher, item=ShortcutInfo, id=130, itemType=0, user=UserHandle{0}, mIconType=0, pkgName=com.szt.pay, className=com.szt.pay.SplashActivity, screenId=1, container=-100, cellX=0, cellY=5, spanX=1, spanY=1, isLandscapePos=false
05-09 17:39:58.733 23525 23576 W Launcher.Model: loadShortcut, id=139, intent=Intent { act=android.intent.action.MAIN cat=[android.intent.category.LAUNCHER] flg=0x10200000 cmp=cn.soulapp.android/.ui.main.MainActivity }, userHandle=UserHandle{0}, type=0
05-09 17:39:58.734   697 21265 I native  : portrait_segmenter.cpp:56 mibokeh, deconstruct genuine segment::~, this=0xdb533800
05-09 17:39:58.734   697 21265 W native  : portrait_segmenter.cpp:57 mibokeh, deconstruct genuine segment::~, this=0xdb533800
05-09 17:39:58.734   697 21265 I native  : portrait_segmenter.cpp:56 mibokeh, deconstruct genuine segment::~, this=0xdbf87700
05-09 17:39:58.734   697 21265 W native  : portrait_segmenter.cpp:57 mibokeh, deconstruct genuine segment::~, this=0xdbf87700
05-09 17:39:58.734   697 21265 I MACE    : mace.cc:194 Destroying MaceEngine
05-09 17:39:58.735 23525 23576 E ResourceLoader: getXmlRoot local inputStream is null
05-09 17:39:58.735 23525 23576 E ScreenElementRoot: load error, manifest root is null
05-09 17:39:58.735 23525 23525 D miuix_anim: handleViewTouch for android.widget.ImageView{44d57b9 VFED..C.. ......I. 0,0-0,0 #7f0a010f app:id/menu_item_info}
05-09 17:39:58.736 23525 23525 D miuix_anim: handleViewTouch for android.widget.ImageView{56c2c8b VFED..C.. ......I. 0,0-0,0 #7f0a0111 app:id/menu_item_lock}
05-09 17:39:58.737 23525 23525 D miuix_anim: handleViewTouch for android.widget.ImageView{d14ba26 VFED..C.. ......I. 0,0-0,0 #7f0a0113 app:id/menu_item_multi_window}
05-09 17:39:58.737 23525 23525 D miuix_anim: handleViewTouch for android.widget.ImageView{e0252b2 VFED..C.. ......I. 0,0-0,0 #7f0a0115 app:id/menu_item_small_window}
05-09 17:39:58.738 23525 23525 D ForceDarkHelper: updateByCheckExcludeList: pkg: com.miui.home activity: com.miui.home.launcher.Launcher@a7a9f34
05-09 17:39:58.739 23525 23525 I chatty  : uid=10090(com.miui.home) identical 1 line
05-09 17:39:58.739 23525 23525 D ForceDarkHelper: updateByCheckExcludeList: pkg: com.miui.home activity: com.miui.home.launcher.Launcher@a7a9f34
05-09 17:39:58.741 23525 23576 W com.miui.home: resources.arsc in APK '/data/app/cn.soulapp.android-xAPKSI6l0ddNw1G02Rqaqg==/base.apk' is compressed.
05-09 17:39:58.741 23525 23525 D ForceDarkHelper: updateByCheckExcludeList: pkg: com.miui.home activity: com.miui.home.launcher.Launcher@a7a9f34
05-09 17:39:58.758 23525 23525 I chatty  : uid=10090(com.miui.home) identical 18 lines
05-09 17:39:58.759 23525 23525 D ForceDarkHelper: updateByCheckExcludeList: pkg: com.miui.home activity: com.miui.home.launcher.Launcher@a7a9f34
05-09 17:39:58.759   697 21265 I native  : portrait_segmenter.cpp:56 mibokeh, deconstruct genuine segment::~, this=0xdb4c5d80
05-09 17:39:58.760   697 21265 W native  : portrait_segmenter.cpp:57 mibokeh, deconstruct genuine segment::~, this=0xdb4c5d80
05-09 17:39:58.760 23525 23525 D ForceDarkHelper: updateByCheckExcludeList: pkg: com.miui.home activity: com.miui.home.launcher.Launcher@a7a9f34
05-09 17:39:58.760 23525 23576 W Launcher.Model: loadShortcut, after getShortcutInfoFromApplication, info=ShortcutInfo, id=139, itemType=0, user=UserHandle{0}, mIconType=0, pkgName=cn.soulapp.android, className=cn.soulapp.android.ui.main.MainActivity, screenId=-1, container=-1, cellX=-1, cellY=-1, spanX=1, spanY=1, isLandscapePos=false
05-09 17:39:58.760 23525 23576 W Launcher.Model: loadShortcut, after getShortcutInfoFromApplication, put into mLoadedApps
05-09 17:39:58.761 23525 23576 D Launcher.Model: loadShortcut, bind item to launcher, item=ShortcutInfo, id=139, itemType=0, user=UserHandle{0}, mIconType=0, pkgName=cn.soulapp.android, className=cn.soulapp.android.ui.main.MainActivity, screenId=1, container=-100, cellX=1, cellY=5, spanX=1, spanY=1, isLandscapePos=false
05-09 17:39:58.761   697 21265 I QCamera : <HAL><INFO> close_camera_device: 18163: [KPI Perf]: X
05-09 17:39:58.761 23525 23525 D ForceDarkHelper: updateByCheckExcludeList: pkg: com.miui.home activity: com.miui.home.launcher.Launcher@a7a9f34
05-09 17:39:58.761 23525 23576 W Launcher.Model: loadShortcut, id=161, intent=Intent { act=android.intent.action.MAIN cat=[android.intent.category.LAUNCHER] flg=0x10200000 cmp=com.github.uiautomator/.MainActivity }, userHandle=UserHandle{0}, type=0
05-09 17:39:58.761 23525 23525 D ForceDarkHelper: updateByCheckExcludeList: pkg: com.miui.home activity: com.miui.home.launcher.Launcher@a7a9f34
05-09 17:39:58.762 23525 23525 I chatty  : uid=10090(com.miui.home) identical 1 line
05-09 17:39:58.762 23525 23525 D ForceDarkHelper: updateByCheckExcludeList: pkg: com.miui.home activity: com.miui.home.launcher.Launcher@a7a9f34
