05-09 17:39:59.631 23525 23576 D Launcher.Model: component:ComponentInfo{com.xiaomi.midrop/com.xiaomi.midrop.SplashScreen} returned because user: UserHandle{0} contains: false
05-09 17:39:59.631 23525 23525 D EventBus: No subscribers registered for event class com.miui.home.launcher.common.messages.CellLayoutMessage
05-09 17:39:59.631 23525 23525 D EventBus: No subscribers registered for event class org.greenrobot.eventbus.NoSubscriberEvent
05-09 17:39:59.631 23525 23576 W Launcher.Model: loadShortcut, id=120, intent=Intent { act=android.intent.action.MAIN cat=[android.intent.category.LAUNCHER] flg=0x10200000 cmp=com.google.android.apps.translate/.TranslateActivity }, userHandle=UserHandle{0}, type=0
05-09 17:39:59.631 23525 23525 D Launcher_DesktopWallpaperManager: adaptHomeToWallpaper, launcher is loading
05-09 17:39:59.632 23525 23576 E ResourceLoader: getXmlRoot local inputStream is null
05-09 17:39:59.632 23525 23576 E ScreenElementRoot: load error, manifest root is null
05-09 17:39:59.637 23771 23771 W ComponentDiscovery: Class com.google.firebase.dynamicloading.DynamicLoadingRegistrar is not an found.
05-09 17:39:59.639 23771 23771 I FirebaseApp: Device unlocked: initializing all Firebase APIs for app [DEFAULT]
05-09 17:39:59.646 23525 23576 W Launcher.Model: loadShortcut, after getShortcutInfoFromApplication, info=ShortcutInfo, id=120, itemType=0, user=UserHandle{0}, mIconType=0, pkgName=com.google.android.apps.translate, className=com.google.android.apps.translate.TranslateActivity, screenId=-1, container=-1, cellX=-1, cellY=-1, spanX=1, spanY=1, isLandscapePos=false
05-09 17:39:59.646 23525 23576 W Launcher.Model: loadShortcut, after getShortcutInfoFromApplication, put into mLoadedApps
05-09 17:39:59.647 23525 23576 D Launcher.Model: loadShortcut, bind item to launcher, item=ShortcutInfo, id=120, itemType=0, user=UserHandle{0}, mIconType=0, pkgName=com.google.android.apps.translate, className=com.google.android.apps.translate.TranslateActivity, screenId=-1, container=7, cellX=9, cellY=5, spanX=1, spanY=1, isLandscapePos=false
05-09 17:39:59.647 23525 23576 W Launcher.Model: loadShortcut, id=26, intent=Intent { act=android.intent.action.MAIN cat=[android.intent.category.LAUNCHER] flg=0x10200000 cmp=com.android.settings/.MainSettings }, userHandle=UserHandle{0}, type=0
05-09 17:39:59.648 23525 23525 D ScreenView_Workspace: dispatchDraw:0
05-09 17:39:59.649 23525 23576 I ResourceManager: load image quietImage.png
05-09 17:39:59.649 23525 23576 I ResourceManager: try to load resource from extra resource: den440 of quietImage.png
05-09 17:39:59.650 23525 23525 D Launcher.CellLayout: updateCellOccupiedMarks, update, ShortcutInfo, id=165, itemType=0, user=UserHandle{0}, mIconType=0, pkgName=com.vavaparty.app, className=com.vavaparty.common.ui.EntranceActivity, screenId=2, container=-100, cellX=3, cellY=0, spanX=1, spanY=1, isLandscapePos=false
05-09 17:39:59.651 23525 23525 D EventBus: No subscribers registered for event class com.miui.home.launcher.common.messages.CellLayoutMessage
05-09 17:39:59.651 23525 23525 D EventBus: No subscribers registered for event class org.greenrobot.eventbus.NoSubscriberEvent
05-09 17:39:59.651 23525 23576 I ResourceManager: load image from extra resource: den440 of quietImage.png
05-09 17:39:59.652 23525 23576 W Launcher.Model: loadShortcut, after getShortcutInfoFromApplication, info=ShortcutInfo, id=26, itemType=0, user=UserHandle{0}, mIconType=0, pkgName=com.android.settings, className=com.android.settings.MainSettings, screenId=-1, container=-1, cellX=-1, cellY=-1, spanX=1, spanY=1, isLandscapePos=false
05-09 17:39:59.652 23525 23576 W Launcher.Model: loadShortcut, after getShortcutInfoFromApplication, put into mLoadedApps
05-09 17:39:59.652 23525 23576 D Launcher.Model: loadShortcut, bind item to launcher, item=ShortcutInfo, id=26, itemType=0, user=UserHandle{0}, mIconType=0, pkgName=com.android.settings, className=com.android.settings.MainSettings, screenId=-1, container=29, cellX=10, cellY=0, spanX=1, spanY=1, isLandscapePos=false
05-09 17:39:59.652 23525 23525 D Launcher.CellLayout: updateCellOccupiedMarks, update, ShortcutInfo, id=162, itemType=0, user=UserHandle{0}, mIconType=0, pkgName=com.zego.banbandemo, className=com.zego.banbandemo.view.BanbanActivity, screenId=2, container=-100, cellX=1, cellY=0, spanX=1, spanY=1, isLandscapePos=false
05-09 17:39:59.652 23525 23576 W Launcher.Model: loadShortcut, id=41, intent=Intent { act=android.intent.action.MAIN cat=[android.intent.category.LAUNCHER] flg=0x10200000 cmp=com.miui.miservice/.main.MainActivity }, userHandle=UserHandle{0}, type=0
05-09 17:39:59.653 23525 23525 D EventBus: No subscribers registered for event class com.miui.home.launcher.common.messages.CellLayoutMessage
05-09 17:39:59.653 23525 23576 D Launcher.Model: component:ComponentInfo{com.miui.miservice/com.miui.miservice.main.MainActivity} returned because user: UserHandle{0} contains: false
05-09 17:39:59.653 23525 23525 D EventBus: No subscribers registered for event class org.greenrobot.eventbus.NoSubscriberEvent
05-09 17:39:59.653 23525 23576 W Launcher.Model: loadShortcut, id=43, intent=Intent { act=android.intent.action.MAIN cat=[android.intent.category.LAUNCHER] flg=0x10200000 cmp=com.miui.notes/.ui.NotesListActivity }, userHandle=UserHandle{0}, type=0
05-09 17:39:59.654 23525 23576 D Launcher.Model: component:ComponentInfo{com.miui.notes/com.miui.notes.ui.NotesListActivity} returned because user: UserHandle{0} contains: false
05-09 17:39:59.655 23525 23576 W Launcher.Model: loadShortcut, id=51, intent=Intent { act=android.intent.action.MAIN cat=[android.intent.category.LAUNCHER] flg=0x10200000 cmp=com.topjohnwu.magisk/a.c }, userHandle=UserHandle{0}, type=0
05-09 17:39:59.656 23525 23525 D Launcher.CellLayout: updateCellOccupiedMarks, update, ShortcutInfo, id=176, itemType=0, user=UserHandle{0}, mIconType=0, pkgName=com.zego.goavatar, className=com.zego.goavatar.view.KneadFaceActivity, screenId=2, container=-100, cellX=1, cellY=1, spanX=1, spanY=1, isLandscapePos=false
05-09 17:39:59.657 23525 23525 D EventBus: No subscribers registered for event class com.miui.home.launcher.common.messages.CellLayoutMessage
05-09 17:39:59.657 23525 23525 D EventBus: No subscribers registered for event class org.greenrobot.eventbus.NoSubscriberEvent
05-09 17:39:59.663 23525 23576 E ResourceLoader: getXmlRoot local inputStream is null
05-09 17:39:59.663 23525 23576 E ScreenElementRoot: load error, manifest root is null
05-09 17:39:59.666 23525 23576 W com.miui.home: resources.arsc in APK '/data/app/com.topjohnwu.magisk-XWzqyJQjHO-NIvmgFfbkAw==/base.apk' is compressed.
05-09 17:39:59.667 23771 23771 I FirebaseCrashlytics: Initializing Firebase Crashlytics 17.3.1
05-09 17:39:59.673  1951  1963 I ActivityManager: Force stopping com.android.cellbroadcastreceiver appid=10082 user=0: from process:23803
05-09 17:39:59.675  1951  1963 E MiuiBinderProxy: callBinderTransact com.android.internal.app.IOpsCallback 5 failed. android.os.DeadObjectException
05-09 17:39:59.675  1951  1963 I ActivityManager: Killing 22529:com.android.cellbroadcastreceiver/u0a82 (adj 925): stop com.android.cellbroadcastreceiver: from process:23803
05-09 17:39:59.676 23525 23576 W Launcher.Model: loadShortcut, after getShortcutInfoFromApplication, info=ShortcutInfo, id=51, itemType=0, user=UserHandle{0}, mIconType=0, pkgName=com.topjohnwu.magisk, className=a.c, screenId=-1, container=-1, cellX=-1, cellY=-1, spanX=1, spanY=1, isLandscapePos=false
05-09 17:39:59.676 23525 23576 W Launcher.Model: loadShortcut, after getShortcutInfoFromApplication, put into mLoadedApps
05-09 17:39:59.676 23525 23576 D Launcher.Model: loadShortcut, bind item to launcher, item=ShortcutInfo, id=51, itemType=0, user=UserHandle{0}, mIconType=0, pkgName=com.topjohnwu.magisk, className=a.c, screenId=-1, container=29, cellX=11, cellY=4, spanX=1, spanY=1, isLandscapePos=false
05-09 17:39:59.677 23525 23576 W Launcher.Model: loadShortcut, id=39, intent=Intent { act=android.intent.action.MAIN cat=[android.intent.category.LAUNCHER] flg=0x10200000 cmp=com.android.stk/.StkMenuActivity }, userHandle=UserHandle{0}, type=0
05-09 17:39:59.677 23525 23576 D Launcher.Model: component:ComponentInfo{com.android.stk/com.android.stk.StkMenuActivity} returned because user: UserHandle{0} contains: false
05-09 17:39:59.677   579   579 I hwservicemanager: getTransport: Cannot find entry vendor.qti.hardware.servicetracker@1.0::IServicetracker/default in either framework or device manifest.
05-09 17:39:59.677 23525 23525 D Launcher.CellLayout: updateCellOccupiedMarks, update, ShortcutInfo, id=161, itemType=0, user=UserHandle{0}, mIconType=0, pkgName=com.github.uiautomator, className=com.github.uiautomator.MainActivity, screenId=2, container=-100, cellX=0, cellY=0, spanX=1, spanY=1, isLandscapePos=false
05-09 17:39:59.677 23525 23576 W Launcher.Model: loadShortcut, id=42, intent=Intent { act=android.intent.action.MAIN cat=[android.intent.category.LAUNCHER] flg=0x10200000 cmp=com.miui.weather2/.ActivityWeatherMain }, userHandle=UserHandle{0}, type=0
05-09 17:39:59.679 23525 23576 I DateTimeVariableUpdater: init with accuracy:Day
05-09 17:39:59.679  1951  1963 I ActivityManager: Force stopping com.android.cellbroadcastreceiver appid=10082 user=999: from process:23803
05-09 17:39:59.680  1951  1963 I AutoStartManagerService: MIUILOG- Reject RestartService packageName :com.android.cellbroadcastreceiver uid : 99910082
05-09 17:39:59.681 23525 23576 D ScreenElementRoot: findResource: ScaleMetrics sw:990 den:440 sizeType:0 scale:1.0 path:den440
05-09 17:39:59.681 23525 23576 D ScreenElementRoot: findScale: ScaleMetrics sw:990 den:440 sizeType:0 scale:1.0
05-09 17:39:59.681 23525 23576 I ScreenElementRoot: set scale: 1.0
05-09 17:39:59.682  1951  2084 I MiuiNetworkPolicy: removeUidState uid = 10082
05-09 17:39:59.683  2470  2470 E PhoneInterfaceManager: [PhoneIntfMgr] getCarrierPackageNamesForIntent: No UICC
05-09 17:39:59.683  2470  2470 D CarrierSvcBindHelper: No carrier app for: 0
05-09 17:39:59.684  2470  2470 E PhoneInterfaceManager: [PhoneIntfMgr] getCarrierPackageNamesForIntent: No UICC
05-09 17:39:59.684  2470  2470 D CarrierSvcBindHelper: No carrier app for: 1
05-09 17:39:59.685 23525 23525 D EventBus: No subscribers registered for event class com.miui.home.launcher.common.messages.CellLayoutMessage
05-09 17:39:59.685 23525 23525 D EventBus: No subscribers registered for event class org.greenrobot.eventbus.NoSubscriberEvent
05-09 17:39:59.686 29275 29275 D AggregateListener: notifyAction action:android.intent.action.PACKAGE_RESTARTED
05-09 17:39:59.686 29275 29275 D AggregateListener: onPackageRestarted packageName:com.android.cellbroadcastreceiver
05-09 17:39:59.688 23525 23576 D ScreenElementRoot: load finished, spent 9 ms
05-09 17:39:59.688 23525 23576 D ScreenElementRoot: init
05-09 17:39:59.688 23525 23576 I LanguageHelper: no available string resources to load.
05-09 17:39:59.690  2470  2470 E PhoneInterfaceManager: [PhoneIntfMgr] getCarrierPackageNamesForIntent: No UICC
05-09 17:39:59.690  2470  2470 D CarrierSvcBindHelper: No carrier app for: 0
05-09 17:39:59.690  2470  2470 E PhoneInterfaceManager: [PhoneIntfMgr] getCarrierPackageNamesForIntent: No UICC
05-09 17:39:59.690  2470  2470 D CarrierSvcBindHelper: No carrier app for: 1
05-09 17:39:59.692  1214  1214 I Zygote  : Process 22529 exited due to signal 9 (Killed)
05-09 17:39:59.692 23525 23576 I NotifierManager: acquireNotifier:TimeChanged  miui.maml.data.DateTimeVariableUpdater@3f4e925
05-09 17:39:59.693 23525 23576 I NotifierManager: acquireNotifier:DarkMode  miui.maml.data.DarkModeVariableUpdater@5eebafa
05-09 17:39:59.694  1951  1981 I libprocessgroup: Successfully killed process cgroup uid 10082 pid 22529 in 17ms
05-09 17:39:59.696 23525 23576 I ResourceManager: load image bg.png
05-09 17:39:59.696 23525 23576 I ResourceManager: try to load resource from extra resource: den440 of bg.png
05-09 17:39:59.697 23525 23576 I ResourceManager: load image from extra resource: den440 of bg.png
05-09 17:39:59.698 23525 23576 D MultipleRenderable: add: miui.maml.FancyDrawable@15d7487
05-09 17:39:59.698 23525 23576 D RendererCore: add: miui.maml.FancyDrawable@15d7487 size:1
05-09 17:39:59.698 23525 23576 D ScreenElementRoot: resume
05-09 17:39:59.699 23525 23576 I ResourceManager: load image quietImage.png
05-09 17:39:59.699 23525 23576 I ResourceManager: try to load resource from extra resource: den440 of quietImage.png
05-09 17:39:59.699 23525 23576 D ResourceLoader: TRY AGAIN to get getPathForLanguage: den440/quietImage.png
05-09 17:39:59.699 23525 23576 E ResourceLoader: fail to get getPathForLanguage: den440/quietImage.png
05-09 17:39:59.699 23525 23576 D ResourceLoader: TRY AGAIN to get getPathForLanguage: quietImage.png
05-09 17:39:59.699 23525 23576 E ResourceLoader: fail to get getPathForLanguage: quietImage.png
05-09 17:39:59.699 23525 23576 D ResourceLoader: TRY AGAIN to get getPathForLanguage: den480/quietImage.png
05-09 17:39:59.699 23525 23576 E ResourceLoader: fail to get getPathForLanguage: den480/quietImage.png
05-09 17:39:59.699 23525 23576 E ResourceManager: fail to load image: quietImage.png
05-09 17:39:59.699 23525 23576 I ResourceManager: load image startImage.png
05-09 17:39:59.699 23525 23576 I ResourceManager: try to load resource from extra resource: den440 of startImage.png
05-09 17:39:59.699 23525 23576 D ResourceLoader: TRY AGAIN to get getPathForLanguage: den440/startImage.png
05-09 17:39:59.699 23525 23576 E ResourceLoader: fail to get getPathForLanguage: den440/startImage.png
05-09 17:39:59.699 23525 23576 D ResourceLoader: TRY AGAIN to get getPathForLanguage: startImage.png
05-09 17:39:59.699 23525 23576 E ResourceLoader: fail to get getPathForLanguage: startImage.png
05-09 17:39:59.699 23525 23576 D ResourceLoader: TRY AGAIN to get getPathForLanguage: den480/startImage.png
05-09 17:39:59.699 23525 23576 E ResourceLoader: fail to get getPathForLanguage: den480/startImage.png
05-09 17:39:59.699 23525 23576 E ResourceManager: fail to load image: startImage.png
05-09 17:39:59.699 23525 23576 W Launcher.Model: loadShortcut, after getShortcutInfoFromApplication, info=ShortcutInfo, id=42, itemType=0, user=UserHandle{0}, mIconType=0, pkgName=com.miui.weather2, className=com.miui.weather2.ActivityWeatherMain, screenId=-1, container=-1, cellX=-1, cellY=-1, spanX=1, spanY=1, isLandscapePos=false
05-09 17:39:59.699 23525 23576 W Launcher.Model: loadShortcut, after getShortcutInfoFromApplication, put into mLoadedApps
05-09 17:39:59.699 23525 23525 D FramerateTokenList: createToken: miui.maml.elements.FramerateController@5b5efb4
05-09 17:39:59.700 23525 23576 D Launcher.Model: loadShortcut, bind item to launcher, item=ShortcutInfo, id=42, itemType=0, user=UserHandle{0}, mIconType=0, pkgName=com.miui.weather2, className=com.miui.weather2.ActivityWeatherMain, screenId=-1, container=29, cellX=12, cellY=5, spanX=1, spanY=1, isLandscapePos=false
05-09 17:39:59.700 23525 23576 W Launcher.Model: loadShortcut, id=53, intent=Intent { act=android.intent.action.MAIN cat=[android.intent.category.LAUNCHER] flg=0x10200000 cmp=com.github.shadowsocks/.MainActivity }, userHandle=UserHandle{0}, type=0
05-09 17:39:59.701 23525 23525 D FramerateTokenList: Frame rate changed, current frame rate is 20.0
05-09 17:39:59.702 23525 23576 E ResourceLoader: getXmlRoot local inputStream is null
05-09 17:39:59.702 23525 23576 E ScreenElementRoot: load error, manifest root is null
05-09 17:39:59.702 23525 23525 D Launcher.CellLayout: updateCellOccupiedMarks, update, ShortcutInfo, id=167, itemType=0, user=UserHandle{0}, mIconType=0, pkgName=im.zego.GoEnjoy, className=im.zego.goenjoy.MainActivity, screenId=2, container=-100, cellX=0, cellY=1, spanX=1, spanY=1, isLandscapePos=false
05-09 17:39:59.704 23525 23525 D EventBus: No subscribers registered for event class com.miui.home.launcher.common.messages.CellLayoutMessage
05-09 17:39:59.704 23525 23525 D EventBus: No subscribers registered for event class org.greenrobot.eventbus.NoSubscriberEvent
05-09 17:39:59.709 23525 23576 W Launcher.Model: loadShortcut, after getShortcutInfoFromApplication, info=ShortcutInfo, id=53, itemType=0, user=UserHandle{0}, mIconType=0, pkgName=com.github.shadowsocks, className=com.github.shadowsocks.MainActivity, screenId=-1, container=-1, cellX=-1, cellY=-1, spanX=1, spanY=1, isLandscapePos=false
05-09 17:39:59.709 23525 23576 W Launcher.Model: loadShortcut, after getShortcutInfoFromApplication, put into mLoadedApps
05-09 17:39:59.710 23525 23576 D Launcher.Model: loadShortcut, bind item to launcher, item=ShortcutInfo, id=53, itemType=0, user=UserHandle{0}, mIconType=0, pkgName=com.github.shadowsocks, className=com.github.shadowsocks.MainActivity, screenId=-1, container=29, cellX=13, cellY=4, spanX=1, spanY=1, isLandscapePos=false
05-09 17:39:59.710 23525 23576 W Launcher.Model: loadShortcut, id=62, intent=Intent { act=android.intent.action.MAIN cat=[com.miui.home.launcher.DEEP_SHORTCUT] flg=0x10200000 pkg=com.miui.securitycenter cmp=com.miui.securitycenter/com.miui.securityscan.MainActivity (has extras) }, userHandle=UserHandle{0}, type=14
05-09 17:39:59.712 23525 23525 D Launcher.CellLayout: updateCellOccupiedMarks, update, ShortcutInfo, id=139, itemType=0, user=UserHandle{0}, mIconType=0, pkgName=cn.soulapp.android, className=cn.soulapp.android.ui.main.MainActivity, screenId=1, container=-100, cellX=1, cellY=5, spanX=1, spanY=1, isLandscapePos=false
05-09 17:39:59.713 23525 23525 D EventBus: No subscribers registered for event class com.miui.home.launcher.common.messages.CellLayoutMessage
05-09 17:39:59.713 23525 23525 D EventBus: No subscribers registered for event class org.greenrobot.eventbus.NoSubscriberEvent
05-09 17:39:59.713 23771 23804 I DynamiteModule: Considering local module com.google.android.gms.measurement.dynamite:46 and remote module com.google.android.gms.measurement.dynamite:59
05-09 17:39:59.713 23771 23804 I DynamiteModule: Selected remote version of com.google.android.gms.measurement.dynamite, version >= 59
05-09 17:39:59.714 23771 23804 V DynamiteModule: Dynamite loader version >= 2, using loadModule2NoCrashUtils
05-09 17:39:59.723 23525 23576 D IconCustomizer: Content Ratio = 0.7692308
05-09 17:39:59.723 23525 23525 D ScreenView_Workspace: dispatchDraw:0
05-09 17:39:59.725 23525 23525 D Maml.AnimatingDrawable: setColorFilter
05-09 17:39:59.729 23525 23576 D Launcher.Model: loadShortcut, not application shortcutInfo, info=DeepShortcutInfo, id=62, itemType=14, user=UserHandle{0}, mIconType=1, pkgName=com.miui.securitycenter, className=com.miui.securityscan.MainActivity
05-09 17:39:59.729 23525 23576 D Launcher.Model: loadShortcut, bind item to launcher, item=DeepShortcutInfo, id=62, itemType=14, user=UserHandle{0}, mIconType=1, pkgName=com.miui.securitycenter, className=com.miui.securityscan.MainActivity, screenId=-1, container=29, cellX=14, cellY=4, spanX=1, spanY=1, isLandscapePos=false
05-09 17:39:59.729 23525 23576 W Launcher.Model: loadShortcut, id=105, intent=Intent { act=android.intent.action.MAIN cat=[android.intent.category.LAUNCHER] flg=0x10200000 cmp=com.v2ray.ang/.ui.MainActivity }, userHandle=UserHandle{0}, type=0
05-09 17:39:59.730 23771 23771 I FirebaseInitProvider: FirebaseApp initialization successful
05-09 17:39:59.731 23525 23576 E ResourceLoader: getXmlRoot local inputStream is null
05-09 17:39:59.731 23525 23576 E ScreenElementRoot: load error, manifest root is null
05-09 17:39:59.737 23525 23525 D ScreenView_HotSeats: setCurrentScreenInner:0
05-09 17:39:59.739 23525 23525 D ScreenView_HotSeats: dispatchDraw:0
05-09 17:39:59.742 23525 23576 W Launcher.Model: loadShortcut, after getShortcutInfoFromApplication, info=ShortcutInfo, id=105, itemType=0, user=UserHandle{0}, mIconType=0, pkgName=com.v2ray.ang, className=com.v2ray.ang.ui.MainActivity, screenId=-1, container=-1, cellX=-1, cellY=-1, spanX=1, spanY=1, isLandscapePos=false
05-09 17:39:59.742 23525 23576 W Launcher.Model: loadShortcut, after getShortcutInfoFromApplication, put into mLoadedApps
05-09 17:39:59.742 23525 23576 D Launcher.Model: loadShortcut, bind item to launcher, item=ShortcutInfo, id=105, itemType=0, user=UserHandle{0}, mIconType=0, pkgName=com.v2ray.ang, className=com.v2ray.ang.ui.MainActivity, screenId=-1, container=29, cellX=15, cellY=4, spanX=1, spanY=1, isLandscapePos=false
05-09 17:39:59.743 23525 23576 W Launcher.Model: loadShortcut, id=110, intent=Intent { act=android.intent.action.MAIN cat=[android.intent.category.LAUNCHER] flg=0x10200000 cmp=com.xinshuru.inputmethod/.FTInputSplashActivity }, userHandle=UserHandle{0}, type=0
05-09 17:39:59.745 23525 23525 D Launcher_DesktopWallpaperManager: adaptHomeToWallpaper, launcher is loading
05-09 17:39:59.745 23525 23576 E ResourceLoader: getXmlRoot local inputStream is null
05-09 17:39:59.746 23525 23576 E ScreenElementRoot: load error, manifest root is null
05-09 17:39:59.748 23525 23576 W com.miui.home: resources.arsc in APK '/data/app/com.xinshuru.inputmethod-HbOdB6VqyIM2Ve5GRqJHnA==/base.apk' is compressed.
05-09 17:39:59.754 23525 23576 W Launcher.Model: loadShortcut, after getShortcutInfoFromApplication, info=ShortcutInfo, id=110, itemType=0, user=UserHandle{0}, mIconType=0, pkgName=com.xinshuru.inputmethod, className=com.xinshuru.inputmethod.FTInputSplashActivity, screenId=-1, container=-1, cellX=-1, cellY=-1, spanX=1, spanY=1, isLandscapePos=false
05-09 17:39:59.754 23525 23576 W Launcher.Model: loadShortcut, after getShortcutInfoFromApplication, put into mLoadedApps
05-09 17:39:59.754 23525 23576 D Launcher.Model: loadShortcut, bind item to launcher, item=ShortcutInfo, id=110, itemType=0, user=UserHandle{0}, mIconType=0, pkgName=com.xinshuru.inputmethod, className=com.xinshuru.inputmethod.FTInputSplashActivity, screenId=-1, container=29, cellX=16, cellY=3, spanX=1, spanY=1, isLandscapePos=false
05-09 17:39:59.755 23525 23576 D Launcher.Model: Setting thread priority to BACKGROUND:1202 ms
05-09 17:39:59.756 23525 23525 D ScreenView_HotSeats: setCurrentScreenInner:0
05-09 17:39:59.756 23525 23576 D Launcher.Model: step 3: loading missing icons:1203 ms
05-09 17:39:59.757 23525 23576 D Launcher.AllAppsList: clearAll
05-09 17:39:59.758 23525 23576 D Launcher.AllAppsList: updatePackage, packageName=com.google.android.inputmethod.pinyin, loadMissing=true, user=UserHandle{0}, matchedSize=1
05-09 17:39:59.758 23525 23576 D Launcher.AllAppsList: updatePackage, find appInfo=null from ComponentInfo{com.google.android.inputmethod.pinyin/android.app.AppDetailsActivity}
05-09 17:39:59.760 23525 23525 D ScreenView_HotSeats: dispatchDraw:0
05-09 17:39:59.765 23525 23763 W BpBinder: Slow Binder: BpBinder transact took 361 ms, interface=android.app.IActivityManager, code=20 oneway=false
05-09 17:39:59.769 23525 23525 D ScreenView_HotSeats: setCurrentScreenInner:0
05-09 17:39:59.774 23771 23804 W m.miui.weather: ClassLoaderContext type mismatch. expected=PCL, found=DLC (PCL[] | DLC[];PCL[/data/app/com.miui.weather2-cmzmbY1rJ_NpPHJFmUQzAw==/base.apk*4050776655:/data/app/com.miui.weather2-cmzmbY1rJ_NpPHJFmUQzAw==/base.apk!classes2.dex*3837604679]{PCL[]})
05-09 17:39:59.775 23771 23804 W m.miui.weather: Found duplicate classes, falling back to extracting from APK : /data/user_de/0/com.google.android.gms/app_chimera/m/0000005f/MeasurementDynamite.apk
05-09 17:39:59.775 23771 23804 W m.miui.weather: NOTE: This wastes RAM and hurts startup performance.
05-09 17:39:59.775 23771 23804 W m.miui.weather: Found duplicated class when checking oat files: 'Landroid/support/v4/app/RemoteActionCompatParcelizer;' in /data/app/com.miui.weather2-cmzmbY1rJ_NpPHJFmUQzAw==/base.apk and /data/user_de/0/com.google.android.gms/app_chimera/m/0000005f/MeasurementDynamite.apk
05-09 17:39:59.775 23771 23804 W m.miui.weather: 
05-09 17:39:59.777 23771 23823 D NetworkSecurityConfig: No Network Security Config specified, using platform default
05-09 17:39:59.778 23771 23823 I DpmTcmClient: RegisterTcmMonitor from: $Proxy0
05-09 17:39:59.778 23771 23771 I FeatureParser: can't find lavender.xml in assets/device_features/,it may be in /system/etc/device_features
05-09 17:39:59.779 23525 23525 D ScreenView_HotSeats: dispatchDraw:0
05-09 17:39:59.781 23525 23525 D Launcher.Model: bind workspace in 1208ms
05-09 17:39:59.781  1951  2361 I ActivityManager: Force stopping com.xiaomi.finddevice appid=9810 user=0: from process:23824
05-09 17:39:59.782 23525 23576 E Launcher.AllAppsList: Can't load postion for packageName: com.google.android.inputmethod.pinyin activityName: android.app.AppDetailsActivity
05-09 17:39:59.783 23525 23736 D FancyDrawable: doResume:   [miui.maml.FancyDrawable@d791d4d]
05-09 17:39:59.784 23525 23736 D MultipleRenderable: setPause: false miui.maml.FancyDrawable@d791d4d
05-09 17:39:59.784 23525 23736 D RendererCore: self resume: miui.maml.RendererCore@72027e4
05-09 17:39:59.784 23525 23736 D ScreenElementRoot: resume
05-09 17:39:59.787  1951  2361 I ActivityManager: Force stopping com.xiaomi.finddevice appid=9810 user=999: from process:23824
05-09 17:39:59.788 23525 23576 D Launcher.AllAppsList: updatePackage, packageName=com.perfdog.app, loadMissing=true, user=UserHandle{0}, matchedSize=1
05-09 17:39:59.788 23525 23576 D Launcher.AllAppsList: updatePackage, find appInfo=null from ComponentInfo{com.perfdog.app/android.app.AppDetailsActivity}
05-09 17:39:59.788 23771 23771 E libc    : Access denied finding property "ro.vendor.df.effect.conflict"
05-09 17:39:59.793  2470  2470 E PhoneInterfaceManager: [PhoneIntfMgr] getCarrierPackageNamesForIntent: No UICC
05-09 17:39:59.793  2470  2470 D CarrierSvcBindHelper: No carrier app for: 0
05-09 17:39:59.793 29275 29275 D AggregateListener: notifyAction action:android.intent.action.PACKAGE_RESTARTED
05-09 17:39:59.793 29275 29275 D AggregateListener: onPackageRestarted packageName:com.xiaomi.finddevice
05-09 17:39:59.794  2470  2470 E PhoneInterfaceManager: [PhoneIntfMgr] getCarrierPackageNamesForIntent: No UICC
05-09 17:39:59.794  2470  2470 D CarrierSvcBindHelper: No carrier app for: 1
05-09 17:39:59.799  2470  2470 E PhoneInterfaceManager: [PhoneIntfMgr] getCarrierPackageNamesForIntent: No UICC
05-09 17:39:59.799  2470  2470 D CarrierSvcBindHelper: No carrier app for: 0
05-09 17:39:59.800  2470  2470 E PhoneInterfaceManager: [PhoneIntfMgr] getCarrierPackageNamesForIntent: No UICC
05-09 17:39:59.800  2470  2470 D CarrierSvcBindHelper: No carrier app for: 1
05-09 17:39:59.808 23525 23736 D FancyDrawable: doResume:   [miui.maml.FancyDrawable@51bf452]
05-09 17:39:59.808 23525 23736 D MultipleRenderable: setPause: false miui.maml.FancyDrawable@51bf452
05-09 17:39:59.808 23525 23736 D RendererCore: self resume: miui.maml.RendererCore@88235d4
05-09 17:39:59.808 23525 23736 D ScreenElementRoot: resume
05-09 17:39:59.808 23525 23525 D ScreenView_Workspace: dispatchDraw:0
05-09 17:39:59.809 23525 23576 W com.miui.home: resources.arsc in APK '/data/app/com.perfdog.app-qSXGLCEXG3jIg2HLE_E__A==/base.apk' is compressed.
05-09 17:39:59.812  1257 23834 E ResolverController: No valid NAT64 prefix (110, <unspecified>/0)
05-09 17:39:59.816 23525 23525 D FramerateTokenList: Frame rate changed, current frame rate is 0.0
05-09 17:39:59.817 23525 23525 D FramerateTokenList: Frame rate changed, current frame rate is 0.0
05-09 17:39:59.819 23525 23576 E Launcher.AllAppsList: Can't load postion for packageName: com.perfdog.app activityName: android.app.AppDetailsActivity
05-09 17:39:59.821 23525 23576 D Launcher.Model: step 4: loading all apps:1268 ms
05-09 17:39:59.821 23525 23576 D Launcher.AllAppsList: clearAll
05-09 17:39:59.824 23525 23525 D FancyDrawable: doPause:   [miui.maml.FancyDrawable@15d7487]
05-09 17:39:59.824 23525 23525 D MultipleRenderable: setPause: true miui.maml.FancyDrawable@15d7487
05-09 17:39:59.824 23525 23525 D RendererCore: self pause: miui.maml.RendererCore@c8fd488
05-09 17:39:59.824 23525 23525 D ScreenElementRoot: pause
05-09 17:39:59.826   579   579 I hwservicemanager: getTransport: Cannot find entry vendor.qti.hardware.iop@2.0::IIop/default in either framework or device manifest.
05-09 17:39:59.827  1259  1259 E ANDR-IOP: IIop:: Iop HAL Service is not available.
05-09 17:39:59.847 23525 23525 D ScreenView_Workspace: dispatchDraw:0
05-09 17:39:59.852 23525 23525 D Launcher.Model: Finally updating for missing icons
05-09 17:39:59.853 23771 23840 E Perf    : Fail to get file list com.miui.weather2
05-09 17:39:59.853 23771 23840 E Perf    : getFolderSize() : Exception_1 = java.lang.NullPointerException: Attempt to get length of null array
05-09 17:39:59.854 23771 23840 E Perf    : Fail to get file list oat
05-09 17:39:59.854 23771 23840 E Perf    : getFolderSize() : Exception_1 = java.lang.NullPointerException: Attempt to get length of null array
05-09 17:39:59.892  1951  3453 I ActivityManager: Force stopping com.miui.face appid=1000 user=0: from process:23844
05-09 17:39:59.894  1951  3453 I ActivityManager: Force stopping com.miui.face appid=1000 user=999: from process:23844
05-09 17:39:59.898 29275 29275 D AggregateListener: notifyAction action:android.intent.action.PACKAGE_RESTARTED
05-09 17:39:59.898 29275 29275 D AggregateListener: onPackageRestarted packageName:com.miui.face
05-09 17:39:59.899  2470  2470 E PhoneInterfaceManager: [PhoneIntfMgr] getCarrierPackageNamesForIntent: No UICC
05-09 17:39:59.899  2470  2470 D CarrierSvcBindHelper: No carrier app for: 0
05-09 17:39:59.903  2470  2470 E PhoneInterfaceManager: [PhoneIntfMgr] getCarrierPackageNamesForIntent: No UICC
05-09 17:39:59.903  2470  2470 D CarrierSvcBindHelper: No carrier app for: 1
05-09 17:39:59.904  2470  2470 E PhoneInterfaceManager: [PhoneIntfMgr] getCarrierPackageNamesForIntent: No UICC
05-09 17:39:59.904  2470  2470 D CarrierSvcBindHelper: No carrier app for: 0
05-09 17:39:59.904  2470  2470 E PhoneInterfaceManager: [PhoneIntfMgr] getCarrierPackageNamesForIntent: No UICC
05-09 17:39:59.904  2470  2470 D CarrierSvcBindHelper: No carrier app for: 1
05-09 17:39:59.912 23771 23790 W Wth2:ServiceJob: check() execute too fast, saveDate=1652086613848,now=1652089199911,interval=3600000
05-09 17:39:59.919 23676 23793 E obalminusscree: No package ID 7f found for ID 0x7f0c0000.
05-09 17:39:59.920 23676 23793 E obalminusscree: No package ID 7f found for ID 0x7f0c0000.
05-09 17:39:59.923 23676 23793 I FA      : App measurement initialized, version: 50018
05-09 17:39:59.923 23676 23793 I FA      : To enable debug logging run: adb shell setprop log.tag.FA VERBOSE
05-09 17:39:59.923 23676 23793 I FA      : To enable faster debug mode event logging run:
05-09 17:39:59.923 23676 23793 I FA      :   adb shell setprop debug.firebase.analytics.app com.mi.android.globalminusscreen
05-09 17:39:59.940 23525 23537 I com.miui.home: Background concurrent copying GC freed 217607(13MB) AllocSpace objects, 95(6412KB) LOS objects, 49% free, 5603KB/10MB, paused 104us total 101.662ms
05-09 17:39:59.955 23771 23845 I FA      : App measurement disabled by setAnalyticsCollectionEnabled(false)
05-09 17:39:59.957 23771 23845 I FA      : App measurement initialized, version: 50018
05-09 17:39:59.957 23771 23845 I FA      : To enable debug logging run: adb shell setprop log.tag.FA VERBOSE
05-09 17:39:59.958 23771 23845 I FA      : To enable faster debug mode event logging run:
05-09 17:39:59.958 23771 23845 I FA      :   adb shell setprop debug.firebase.analytics.app com.miui.weather2
05-09 17:39:59.967   579   579 I hwservicemanager: getTransport: Cannot find entry vendor.qti.hardware.servicetracker@1.0::IServicetracker/default in either framework or device manifest.
05-09 17:39:59.978  1214  1214 D Zygote  : Forked child process 23851
05-09 17:39:59.980  1951  1980 D Boost   : hostingType=service, hostingName={com.google.android.gms/com.google.android.gms.measurement.service.MeasurementBrokerService}, callerPackage=com.mi.android.globalminusscreen, isSystem=true, isBoostNeeded=false.
05-09 17:39:59.980  1257  1485 D OemNetd : setPidForPackage: packageName=com.google.android.gms, pid=23851, pid=10176
05-09 17:39:59.981  1951  1980 D ProcessPolicyManager: promote com.google.android.gms maxAdj to hvy   , maxProcState to + HVY 
05-09 17:39:59.981  1951  1980 I ActivityManager: Start proc 23851:com.google.android.gms/u0a176 for service {com.google.android.gms/com.google.android.gms.measurement.service.MeasurementBrokerService} caller=com.mi.android.globalminusscreen
05-09 17:39:59.987   579   579 I hwservicemanager: getTransport: Cannot find entry vendor.qti.hardware.servicetracker@1.0::IServicetracker/default in either framework or device manifest.
05-09 17:39:59.990 23851 23851 E gle.android.gm: Not starting debugger since process cannot load the jdwp agent.
05-09 17:40:00.009  1951  3453 D CompatibilityInfo: mCompatibilityFlags - 0
05-09 17:40:00.009  1951  3453 D CompatibilityInfo: applicationDensity - 440
05-09 17:40:00.010  1951  3453 D CompatibilityInfo: applicationScale - 1.0
05-09 17:40:00.014  1951  3453 E MiuiBinderProxy: callBinderTransact com.android.internal.app.IOpsCallback 5 failed. android.os.DeadObjectException
05-09 17:40:00.011  2161  2161 D KeyguardUpdateMonitor: handleTimeUpdate
05-09 17:40:00.014  1951  3453 D CompatibilityInfo: mCompatibilityFlags - 0
05-09 17:40:00.014  1951  3453 D CompatibilityInfo: applicationDensity - 440
05-09 17:40:00.014  1951  3453 D CompatibilityInfo: applicationScale - 1.0
05-09 17:40:00.015   579   579 I hwservicemanager: getTransport: Cannot find entry vendor.qti.hardware.servicetracker@1.0::IServicetracker/default in either framework or device manifest.
05-09 17:40:00.016  1951  1963 I ActivityManager: Force stopping com.miui.powerkeeper appid=1000 user=0: from process:23857
05-09 17:40:00.017  1951  1963 I ActivityManager: Killing 23345:com.miui.powerkeeper/1000 (adj 500): stop com.miui.powerkeeper: from process:23857
05-09 17:40:00.024  1951  1963 W ActivityManager: Scheduling restart of crashed service com.miui.powerkeeper/.stepsprovider.StepsService in 1000ms
05-09 17:40:00.025  1951  1963 W ActivityManager: Scheduling restart of crashed service com.miui.powerkeeper/.PowerKeeperBackgroundService in 10999ms
05-09 17:40:00.025  1951  1963 W ActivityManager: Scheduling restart of crashed service com.xiaomi.powerchecker/.PowerCheckerService in 655984ms
05-09 17:40:00.025  1951  1963 W ActivityManager: Scheduling restart of crashed service com.miui.powerkeeper/.powerchecker.PowerCheckerService in 20998ms
05-09 17:40:00.026  1951  1963 W ActivityManager: Scheduling restart of crashed service com.miui.powerkeeper/.statemachine.PowerStateMachineService in 30998ms
05-09 17:40:00.027  1951  1963 I ActivityManager:   Force stopping service ServiceRecord{2dfb61f u0 com.miui.powerkeeper/.statemachine.PowerStateMachineService}
05-09 17:40:00.027  1951  1963 I ActivityManager:   Force stopping service ServiceRecord{aef3fae u0 com.miui.powerkeeper/.PowerKeeperBackgroundService}
05-09 17:40:00.027  1951  1963 I ActivityManager:   Force stopping service ServiceRecord{fee757b u0 com.miui.powerkeeper/.stepsprovider.StepsService}
05-09 17:40:00.027  1951  1963 I ActivityManager:   Force stopping service ServiceRecord{467e0dc u0 com.miui.powerkeeper/.powerchecker.PowerCheckerService}
05-09 17:40:00.033  1951  1963 I ActivityManager: Force stopping com.miui.powerkeeper appid=1000 user=999: from process:23857
05-09 17:40:00.029   579   579 I chatty  : uid=1000(system) hwservicemanage identical 6 lines
05-09 17:40:00.030   579   579 I hwservicemanager: getTransport: Cannot find entry vendor.qti.hardware.servicetracker@1.0::IServicetracker/default in either framework or device manifest.
05-09 17:40:00.036  1951  2084 I MiuiNetworkPolicy: updateUidState uid = 10176, uidState = 2
05-09 17:40:00.037  2470  2470 E PhoneInterfaceManager: [PhoneIntfMgr] getCarrierPackageNamesForIntent: No UICC
05-09 17:40:00.037  2470  2470 D CarrierSvcBindHelper: No carrier app for: 0
05-09 17:40:00.037 29275 29275 D AggregateListener: notifyAction action:android.intent.action.PACKAGE_RESTARTED
05-09 17:40:00.037 29275 29275 D AggregateListener: onPackageRestarted packageName:com.miui.powerkeeper
05-09 17:40:00.039  1214  1214 I Zygote  : Process 23345 exited due to signal 9 (Killed)
05-09 17:40:00.039  1951  1981 I libprocessgroup: Successfully killed process cgroup uid 1000 pid 23345 in 21ms
05-09 17:40:00.042  2470  2470 E PhoneInterfaceManager: [PhoneIntfMgr] getCarrierPackageNamesForIntent: No UICC
05-09 17:40:00.042  2470  2470 D CarrierSvcBindHelper: No carrier app for: 1
05-09 17:40:00.043  2470  2470 E PhoneInterfaceManager: [PhoneIntfMgr] getCarrierPackageNamesForIntent: No UICC
05-09 17:40:00.043  2470  2470 D CarrierSvcBindHelper: No carrier app for: 0
05-09 17:40:00.044  2470  2470 E PhoneInterfaceManager: [PhoneIntfMgr] getCarrierPackageNamesForIntent: No UICC
05-09 17:40:00.044  2470  2470 D CarrierSvcBindHelper: No carrier app for: 1
05-09 17:40:00.046  1951  3454 D PowerKeeperPolicy: powerkeeper died, reset handle to null
05-09 17:40:00.046  1951  3454 D PowerKeeperPolicy: restore miui gps status
05-09 17:40:00.070  1951  3339 E MiuiBinderProxy: callBinderTransact com.android.internal.app.IOpsCallback 4 failed. android.os.DeadObjectException
05-09 17:40:00.080 23851 23851 I gle.android.gm: The ClassLoaderContext is a special shared library.
05-09 17:40:00.089 23851 23851 W gle.android.gm: JIT profile information will not be recorded: profile file does not exits.
05-09 17:40:00.089 23851 23851 W gle.android.gm: JIT profile information will not be recorded: profile file does not exits.
05-09 17:40:00.094 23851 23851 I Perf    : Connecting to perf service.
05-09 17:40:00.109 23525 23576 D Launcher.Model: finish loading using 1555 ms
05-09 17:40:00.113 23525 23525 D ScreenView_Workspace: dispatchDraw:0
05-09 17:40:00.115 23525 23525 D Launcher_DesktopWallpaperManager: adaptHomeToWallpaper, launcher is loading
05-09 17:40:00.120 23525 23525 D FancyDrawable: doPause:   [miui.maml.FancyDrawable@51bf452]
05-09 17:40:00.120 23525 23525 D MultipleRenderable: setPause: true miui.maml.FancyDrawable@51bf452
05-09 17:40:00.120 23525 23525 D RendererCore: self pause: miui.maml.RendererCore@88235d4
05-09 17:40:00.120 23525 23525 D ScreenElementRoot: pause
05-09 17:40:00.129  1951  3275 E MiuiBinderProxy: callBinderTransact com.android.internal.app.IOpsCallback 4 failed. android.os.DeadObjectException
05-09 17:40:00.136 23525 23525 D ForceDarkHelper: updateByCheckExcludeList: pkg: com.miui.home activity: com.miui.home.launcher.Launcher@a7a9f34
05-09 17:40:00.140 23525 23525 I chatty  : uid=10090(com.miui.home) identical 12 lines
05-09 17:40:00.141 23525 23525 D ForceDarkHelper: updateByCheckExcludeList: pkg: com.miui.home activity: com.miui.home.launcher.Launcher@a7a9f34
05-09 17:40:00.143  1951  1979 D CompatibilityInfo: mCompatibilityFlags - 0
05-09 17:40:00.143  1951  1979 D CompatibilityInfo: applicationDensity - 440
05-09 17:40:00.143  1951  1979 D CompatibilityInfo: applicationScale - 1.0
05-09 17:40:00.144  3791  3791 D LauncherLoadingFinishedReceiver:  isLauncherLoadingFinished is true
05-09 17:40:00.145 23525 23525 D Launcher: workspace is loading, don't update status bar
05-09 17:40:00.147 23525 23604 D Launcher: checkDeepShortcuts, use UserHandle{0} check deep shortcut
05-09 17:40:00.149  2161  2161 D StatusBar: recevie broadbcast ACTION_APPLICATION_MESSAGE_QUERY, requestFirstTime=true
05-09 17:40:00.149  2161  2161 D StatusBar: update app badge num: com.github.uiautomator/,num=0,isAllowed=false,userId=0
05-09 17:40:00.152 23525 23604 D Launcher: checkUserDeepShortcuts, update deepShortcut(UserHandle{0}, com.miui.securitycenter, shortcut_com_miui_gamebooster)
05-09 17:40:00.152 23525 23604 D Launcher: checkUserDeepShortcuts, update deepShortcut(UserHandle{0}, com.duokan.phone.remotecontroller, 松下空调)
05-09 17:40:00.152  1951  3275 W ActivityManager: Sending non-protected broadcast android.intent.action.APPLICATION_MESSAGE_UPDATE from system 2161:com.android.systemui/1000 pkg com.android.systemui. Callers=
05-09 17:40:00.153  2161  2161 D StatusBar: update app badge num: com.android.thememanager/,num=4,isAllowed=true,userId=0
05-09 17:40:00.153  1951  2362 W ActivityManager: Sending non-protected broadcast android.intent.action.APPLICATION_MESSAGE_UPDATE from system 2161:com.android.systemui/1000 pkg com.android.systemui. Callers=
05-09 17:40:00.154 23525 23604 D Launcher: checkDeepShortcuts, use UserHandle{999} check deep shortcut
05-09 17:40:00.154  2161  2161 D StatusBar: recevie broadbcast ACTION_APPLICATION_MESSAGE_QUERY, requestFirstTime=true
05-09 17:40:00.154  2161  2161 D StatusBar: update app badge num: com.github.uiautomator/,num=0,isAllowed=false,userId=0
05-09 17:40:00.155  1951  2394 W ActivityManager: Sending non-protected broadcast android.intent.action.APPLICATION_MESSAGE_UPDATE from system 2161:com.android.systemui/1000 pkg com.android.systemui. Callers=
05-09 17:40:00.156 23525 23583 W MarketSdk-SettingsCompat: android.provider.Settings$SettingNotFoundException: com.xiaomi.mipicks.need_show_user_guide_status
05-09 17:40:00.156 23525 23583 D MarketSdk-AppstoreUserGuide: region not match, current is: CN, expected is: [RU, IN, ID, ES]
05-09 17:40:00.162  2161  2161 D StatusBar: update app badge num: com.android.thememanager/,num=4,isAllowed=true,userId=0
05-09 17:40:00.162  1951  2362 W ActivityManager: Sending non-protected broadcast android.intent.action.APPLICATION_MESSAGE_UPDATE from system 2161:com.android.systemui/1000 pkg com.android.systemui. Callers=
05-09 17:40:00.163 23525 23525 I Launcher: show present anim
05-09 17:40:00.171 23525 23525 D ForceDarkHelper: updateByCheckExcludeList: pkg: com.miui.home activity: com.miui.home.launcher.Launcher@a7a9f34
05-09 17:40:00.173 23525 23525 I chatty  : uid=10090(com.miui.home) identical 4 lines
05-09 17:40:00.174 23525 23525 D ForceDarkHelper: updateByCheckExcludeList: pkg: com.miui.home activity: com.miui.home.launcher.Launcher@a7a9f34
05-09 17:40:00.175 23525 23646 I RemoteMethodInvoker: package com.miui.msa.global.guessyoulike.v1, Unknown, version 0.0interface com.miui.msa.global.guessyoulike.v1.IGlobalGuessYouLikeAd
05-09 17:40:00.183  1951  2394 W System.err: android.os.DeadObjectException
05-09 17:40:00.183  1951  2394 W System.err: 	at android.os.BinderProxy.transactNative(Native Method)
05-09 17:40:00.183  1951  2394 W System.err: 	at android.os.BinderProxy.transact(BinderProxy.java:511)
05-09 17:40:00.183  1951  2394 W System.err: 	at com.android.internal.app.IWakePathCallback$Stub$Proxy.onAllowCall(IWakePathCallback.java:184)
05-09 17:40:00.183  1951  2394 W System.err: 	at miui.security.WakePathChecker.recordWakePathCall(WakePathChecker.java:635)
05-09 17:40:00.183  1951  2394 W System.err: 	at miui.security.WakePathChecker.matchWakePathRule(WakePathChecker.java:359)
05-09 17:40:00.183  1951  2394 W System.err: 	at com.android.server.am.ExtraActivityManagerService.checkWakePath(ExtraActivityManagerService.java:507)
05-09 17:40:00.183  1951  2394 W System.err: 	at com.android.server.am.ExtraActivityManagerService.checkRunningCompatibility(ExtraActivityManagerService.java:194)
05-09 17:40:00.183  1951  2394 W System.err: 	at com.android.server.am.ActivityManagerService.bindIsolatedService(ActivityManagerService.java:14426)
05-09 17:40:00.183  1951  2394 W System.err: 	at android.app.IActivityManager$Stub.onTransact(IActivityManager.java:2343)
05-09 17:40:00.183  1951  2394 W System.err: 	at com.android.server.am.ActivityManagerService.onTransact(ActivityManagerService.java:2799)
05-09 17:40:00.183  1951  2394 W System.err: 	at android.os.Binder.execTransactInternal(Binder.java:1021)
05-09 17:40:00.183  1951  2394 W System.err: 	at android.os.Binder.execTransact(Binder.java:994)
05-09 17:40:00.185   579   579 I hwservicemanager: getTransport: Cannot find entry vendor.qti.hardware.servicetracker@1.0::IServicetracker/default in either framework or device manifest.
05-09 17:40:00.186 23525 23525 D ScreenView_Workspace: dispatchDraw:0
05-09 17:40:00.186  1951  2394 E MiuiBinderProxy: callBinderTransact com.android.internal.app.IOpsCallback 5 failed. android.os.DeadObjectException
05-09 17:40:00.187 23525 23525 D Launcher.HotSeats: saveSeats, info=ShortcutInfo, id=47, itemType=0, user=UserHandle{0}, mIconType=0, pkgName=com.android.contacts, className=com.android.contacts.activities.TwelveKeyDialer, screenId=0, container=-101, cellX=0, cellY=0, spanX=1, spanY=1, isLandscapePos=false
05-09 17:40:00.187 23525 23525 D Launcher.HotSeats: saveSeats, info=ShortcutInfo, id=63, itemType=0, user=UserHandle{0}, mIconType=0, pkgName=com.google.android.GoogleCameraNext, className=com.android.camera.CameraLauncher, screenId=0, container=-101, cellX=1, cellY=0, spanX=1, spanY=1, isLandscapePos=false
05-09 17:40:00.187 23525 23525 D Launcher.HotSeats: saveSeats, info=ShortcutInfo, id=49, itemType=0, user=UserHandle{0}, mIconType=0, pkgName=com.android.chrome, className=com.google.android.apps.chrome.Main, screenId=0, container=-101, cellX=2, cellY=0, spanX=1, spanY=1, isLandscapePos=false
05-09 17:40:00.187 23525 23525 D Launcher.HotSeats: saveSeats, info=ShortcutInfo, id=106, itemType=0, user=UserHandle{0}, mIconType=0, pkgName=com.tencent.mm, className=com.tencent.mm.ui.LauncherUI, screenId=0, container=-101, cellX=3, cellY=0, spanX=1, spanY=1, isLandscapePos=false
05-09 17:40:00.194 23525 23525 D IconCustomizer: Content Ratio = 0.8333333
05-09 17:40:00.199 23525 23525 D Launcher.ShortcutInfo: onAddToDatabase, this=DeepShortcutInfo, id=62, itemType=14, user=UserHandle{0}, mIconType=1, pkgName=com.miui.securitycenter, className=com.miui.securityscan.MainActivity, screenId=-1, container=29, cellX=14, cellY=4, spanX=1, spanY=1, isLandscapePos=false
05-09 17:40:00.204  1214  1214 D Zygote  : Forked child process 23884
05-09 17:40:00.205  1951  1980 D Boost   : hostingType=service, hostingName={com.miui.msa.global/com.miui.msa.global.guessyoulike.v1.GlobalGuessYouLikeService}, callerPackage=com.miui.home, isSystem=true, isBoostNeeded=false.
05-09 17:40:00.206  1257  1485 D OemNetd : setPidForPackage: packageName=com.miui.msa.global, pid=23884, pid=10117
05-09 17:40:00.206  1951  1980 I ActivityManager: Start proc 23884:com.miui.msa.global/u0a117 for service {com.miui.msa.global/com.miui.msa.global.guessyoulike.v1.GlobalGuessYouLikeService} caller=com.miui.home
05-09 17:40:00.213 23525 23525 D Launcher.Model: Update item in database (14, 4) of screen -1 under container 29
05-09 17:40:00.213 23525 23525 D Launcher.Model: updateItemInDatabase, item=DeepShortcutInfo, id=62, itemType=14, user=UserHandle{0}, mIconType=1, pkgName=com.miui.securitycenter, className=com.miui.securityscan.MainActivity, screenId=-1, container=29, cellX=14, cellY=4, spanX=1, spanY=1, isLandscapePos=false
05-09 17:40:00.214 23525 23576 E ResourceLoader: getXmlRoot local inputStream is null
05-09 17:40:00.215 23525 23576 E ScreenElementRoot: load error, manifest root is null
05-09 17:40:00.215 23525 23573 I Launcher: check lable is last true
05-09 17:40:00.217   579   579 I hwservicemanager: getTransport: Cannot find entry vendor.qti.hardware.servicetracker@1.0::IServicetracker/default in either framework or device manifest.
05-09 17:40:00.218 23525 23525 D IconCustomizer: Content Ratio = 1.012987
05-09 17:40:00.222  1951  2362 E MiuiBinderProxy: callBinderTransact com.android.internal.app.IOpsCallback 5 failed. android.os.DeadObjectException
05-09 17:40:00.223 23884 23884 E miui.msa.globa: Not starting debugger since process cannot load the jdwp agent.
05-09 17:40:00.223 23525 23573 D Launcher: is service connected: true
05-09 17:40:00.224  1951  2084 I MiuiNetworkPolicy: updateUidState uid = 10117, uidState = 20
05-09 17:40:00.225 23525 23525 D Launcher.ShortcutInfo: onAddToDatabase, this=DeepShortcutInfo, id=95, itemType=14, user=UserHandle{0}, mIconType=1, pkgName=com.duokan.phone.remotecontroller, className=com.xiaomi.mitv.phone.remotecontroller.HoriWidgetMainActivityV2, screenId=1, container=-100, cellX=1, cellY=3, spanX=1, spanY=1, isLandscapePos=false
05-09 17:40:00.226 23525 23576 E ResourceLoader: getXmlRoot local inputStream is null
05-09 17:40:00.226 23525 23576 E ScreenElementRoot: load error, manifest root is null
05-09 17:40:00.230 23525 23576 E ResourceLoader: getXmlRoot local inputStream is null
05-09 17:40:00.230 23525 23576 E ScreenElementRoot: load error, manifest root is null
05-09 17:40:00.235 23525 23525 D Launcher.Model: Update item in database (1, 3) of screen 1 under container -100
05-09 17:40:00.235 23525 23525 D Launcher.Model: updateItemInDatabase, item=DeepShortcutInfo, id=95, itemType=14, user=UserHandle{0}, mIconType=1, pkgName=com.duokan.phone.remotecontroller, className=com.xiaomi.mitv.phone.remotecontroller.HoriWidgetMainActivityV2, screenId=1, container=-100, cellX=1, cellY=3, spanX=1, spanY=1, isLandscapePos=false
05-09 17:40:00.235 23525 23525 I Launcher.ApplicationsMessage: onReceive false
05-09 17:40:00.235 23525 23525 I Launcher.ApplicationsMessage: update com.github.uiautomator/ to null
05-09 17:40:00.236 23525 23525 I Launcher.ApplicationsMessage: onReceive true
05-09 17:40:00.236 23525 23525 I Launcher.ApplicationsMessage: update com.android.thememanager/ to 4
05-09 17:40:00.238 23525 23525 I Launcher.ApplicationsMessage: onReceive false
05-09 17:40:00.238 23525 23525 I Launcher.ApplicationsMessage: update com.github.uiautomator/ to null
05-09 17:40:00.238 23525 23525 I Launcher.ApplicationsMessage: onReceive true
05-09 17:40:00.238  1951  3446 D CompatibilityInfo: mCompatibilityFlags - 0
05-09 17:40:00.238  1951  3446 D CompatibilityInfo: applicationDensity - 440
05-09 17:40:00.239 23525 23525 I Launcher.ApplicationsMessage: update com.android.thememanager/ to 4
05-09 17:40:00.239  1951  3446 D CompatibilityInfo: applicationScale - 1.0
05-09 17:40:00.241  1951  3446 E MiuiBinderProxy: callBinderTransact com.android.internal.app.IOpsCallback 5 failed. android.os.DeadObjectException
