05-09 17:39:59.402 23525 23576 W Launcher.Model: loadShortcut, after getShortcutInfoFromApplication, info=ShortcutInfo, id=4, itemType=0, user=UserHandle{0}, mIconType=0, pkgName=com.android.vending, className=com.android.vending.AssetBrowserActivity, screenId=-1, container=-1, cellX=-1, cellY=-1, spanX=1, spanY=1, isLandscapePos=false
05-09 17:39:59.402 23525 23576 W Launcher.Model: loadShortcut, after getShortcutInfoFromApplication, put into mLoadedApps
05-09 17:39:59.402 23525 23576 D Launcher.Model: loadShortcut, bind item to launcher, item=ShortcutInfo, id=4, itemType=0, user=UserHandle{0}, mIconType=0, pkgName=com.android.vending, className=com.android.vending.AssetBrowserActivity, screenId=-1, container=7, cellX=5, cellY=4, spanX=1, spanY=1, isLandscapePos=false
05-09 17:39:59.402 23525 23576 W Launcher.Model: loadShortcut, id=35, intent=Intent { act=android.intent.action.MAIN cat=[android.intent.category.LAUNCHER] flg=0x10200000 cmp=com.miui.screenrecorder/.activity.ScreenRecorderHomeActivity }, userHandle=UserHandle{0}, type=0
05-09 17:39:59.403 23525 23576 E ResourceLoader: getXmlRoot local inputStream is null
05-09 17:39:59.403 23525 23576 E ScreenElementRoot: load error, manifest root is null
05-09 17:39:59.404  2470  2470 E PhoneInterfaceManager: [PhoneIntfMgr] getCarrierPackageNamesForIntent: No UICC
05-09 17:39:59.404  2470  2470 D CarrierSvcBindHelper: No carrier app for: 0
05-09 17:39:59.404  2470  2470 E PhoneInterfaceManager: [PhoneIntfMgr] getCarrierPackageNamesForIntent: No UICC
05-09 17:39:59.405  2470  2470 D CarrierSvcBindHelper: No carrier app for: 1
05-09 17:39:59.405 23525 23525 I ResourceManager: load image weather_icon/weather_1.png
05-09 17:39:59.406  1951  3345 W System.err: android.os.DeadObjectException
05-09 17:39:59.406  1951  3345 W System.err: 	at android.os.BinderProxy.transactNative(Native Method)
05-09 17:39:59.406  1951  3345 W System.err: 	at android.os.BinderProxy.transact(BinderProxy.java:511)
05-09 17:39:59.406  1951  3345 W System.err: 	at com.android.internal.app.IWakePathCallback$Stub$Proxy.onAllowCall(IWakePathCallback.java:184)
05-09 17:39:59.406  1951  3345 W System.err: 	at miui.security.WakePathChecker.recordWakePathCall(WakePathChecker.java:635)
05-09 17:39:59.406  1951  3345 W System.err: 	at miui.security.WakePathChecker.matchWakePathRule(WakePathChecker.java:359)
05-09 17:39:59.406  1951  3345 W System.err: 	at com.android.server.am.ExtraActivityManagerService.checkWakePath(ExtraActivityManagerService.java:507)
05-09 17:39:59.406  1951  3345 W System.err: 	at com.android.server.am.ExtraActivityManagerService.checkRunningCompatibility(ExtraActivityManagerService.java:242)
05-09 17:39:59.406  1951  3345 W System.err: 	at com.android.server.am.ActivityManagerService.getContentProviderImpl(ActivityManagerService.java:7327)
05-09 17:39:59.406  1951  3345 W System.err: 	at com.android.server.am.ActivityManagerService.getContentProvider(ActivityManagerService.java:7533)
05-09 17:39:59.406  1951  3345 W System.err: 	at android.app.IActivityManager$Stub.onTransact(IActivityManager.java:2179)
05-09 17:39:59.406  1951  3345 W System.err: 	at com.android.server.am.ActivityManagerService.onTransact(ActivityManagerService.java:2799)
05-09 17:39:59.406  1951  3345 W System.err: 	at android.os.Binder.execTransactInternal(Binder.java:1021)
05-09 17:39:59.406  1951  3345 W System.err: 	at android.os.Binder.execTransact(Binder.java:994)
05-09 17:39:59.407 23525 23525 D Launcher.CellLayout: updateCellOccupiedMarks, update, GadgetInfo, id=89, itemType=5, user=UserHandle{0}, categoryId=4, gadgetId=1000, mMtzTitle=天气, mMtzMockWidgetId=1000, mMtzMockWidgetProvider=null, mMtzUri=file:///system/media/theme/default/gadgets/weather_4x1.mtz, screenId=1, container=-100, cellX=0, cellY=0, spanX=4, spanY=1, isLandscapePos=false
05-09 17:39:59.407 23525 23576 W Launcher.Model: loadShortcut, after getShortcutInfoFromApplication, info=ShortcutInfo, id=35, itemType=0, user=UserHandle{0}, mIconType=0, pkgName=com.miui.screenrecorder, className=com.miui.screenrecorder.activity.ScreenRecorderHomeActivity, screenId=-1, container=-1, cellX=-1, cellY=-1, spanX=1, spanY=1, isLandscapePos=false
05-09 17:39:59.407 23525 23576 W Launcher.Model: loadShortcut, after getShortcutInfoFromApplication, put into mLoadedApps
05-09 17:39:59.407 23525 23525 D EventBus: No subscribers registered for event class com.miui.home.launcher.common.messages.CellLayoutMessage
05-09 17:39:59.407 23525 23525 D EventBus: No subscribers registered for event class org.greenrobot.eventbus.NoSubscriberEvent
05-09 17:39:59.407 23525 23525 D ScreenElementRoot: resume
05-09 17:39:59.407 23525 23576 D Launcher.Model: loadShortcut, bind item to launcher, item=ShortcutInfo, id=35, itemType=0, user=UserHandle{0}, mIconType=0, pkgName=com.miui.screenrecorder, className=com.miui.screenrecorder.activity.ScreenRecorderHomeActivity, screenId=-1, container=29, cellX=5, cellY=0, spanX=1, spanY=1, isLandscapePos=false
05-09 17:39:59.407 23525 23576 W Launcher.Model: loadShortcut, id=36, intent=Intent { act=android.intent.action.MAIN cat=[android.intent.category.LAUNCHER] flg=0x10200000 cmp=com.xiaomi.scanner/.app.ScanActivity }, userHandle=UserHandle{0}, type=0
05-09 17:39:59.408 23525 23525 D Launcher: workspace is loading, don't update status bar
05-09 17:39:59.409 23525 23576 E ResourceLoader: getXmlRoot local inputStream is null
05-09 17:39:59.409 23525 23576 E ScreenElementRoot: load error, manifest root is null
05-09 17:39:59.410 23676 23722 I DynamiteModule: Considering local module com.google.android.gms.measurement.dynamite:48 and remote module com.google.android.gms.measurement.dynamite:59
05-09 17:39:59.410 23676 23722 I DynamiteModule: Selected remote version of com.google.android.gms.measurement.dynamite, version >= 59
05-09 17:39:59.410 23676 23722 V DynamiteModule: Dynamite loader version >= 2, using loadModule2NoCrashUtils
05-09 17:39:59.411 23525 23576 W Launcher.Model: loadShortcut, after getShortcutInfoFromApplication, info=ShortcutInfo, id=36, itemType=0, user=UserHandle{0}, mIconType=0, pkgName=com.xiaomi.scanner, className=com.xiaomi.scanner.app.ScanActivity, screenId=-1, container=-1, cellX=-1, cellY=-1, spanX=1, spanY=1, isLandscapePos=false
05-09 17:39:59.411 23525 23576 W Launcher.Model: loadShortcut, after getShortcutInfoFromApplication, put into mLoadedApps
05-09 17:39:59.412 23525 23525 D MiAdvancedView: canvas hardware render: true
05-09 17:39:59.412 23525 23576 D Launcher.Model: loadShortcut, bind item to launcher, item=ShortcutInfo, id=36, itemType=0, user=UserHandle{0}, mIconType=0, pkgName=com.xiaomi.scanner, className=com.xiaomi.scanner.app.ScanActivity, screenId=-1, container=57, cellX=5, cellY=0, spanX=1, spanY=1, isLandscapePos=false
05-09 17:39:59.412 23525 23576 W Launcher.Model: loadShortcut, id=119, intent=Intent { act=android.intent.action.MAIN cat=[android.intent.category.LAUNCHER] flg=0x10200000 cmp=com.pamsys.lexisaudioeditor/crc6474e5e1fb856f6af6.MainActivity }, userHandle=UserHandle{0}, type=0
05-09 17:39:59.412 23525 23525 D ScreenView_Workspace: dispatchDraw:0
05-09 17:39:59.413  1951  3345 E MiuiBinderProxy: callBinderTransact com.android.internal.app.IOpsCallback 5 failed. android.os.DeadObjectException
05-09 17:39:59.414 23525 23576 E ResourceLoader: getXmlRoot local inputStream is null
05-09 17:39:59.414 23525 23576 E ScreenElementRoot: load error, manifest root is null
05-09 17:39:59.416 23525 23525 D Launcher_DesktopWallpaperManager: adaptHomeToWallpaper, launcher is loading
05-09 17:39:59.416 23525 23525 D ForceDarkHelper: updateByCheckExcludeList: pkg: com.miui.home activity: com.miui.home.launcher.Launcher@a7a9f34
05-09 17:39:59.416 23525 23525 D Launcher.CellLayout: updateCellOccupiedMarks, update, ShortcutInfo, id=113, itemType=0, user=UserHandle{0}, mIconType=0, pkgName=com.autonavi.minimap, className=com.autonavi.map.activity.SplashActivity, screenId=1, container=-100, cellX=2, cellY=2, spanX=1, spanY=1, isLandscapePos=false
05-09 17:39:59.417 23525 23525 D Launcher: LauncherOverlayCallbacksImpl_onScrollChanged:0.0
05-09 17:39:59.418 23525 23525 D Launcher: workspace is loading, don't update status bar
05-09 17:39:59.418 23676 23719 I DynamiteModule: Considering local module com.google.android.gms.ads.dynamite:0 and remote module com.google.android.gms.ads.dynamite:214106404
05-09 17:39:59.419 23676 23719 I DynamiteModule: Selected remote version of com.google.android.gms.ads.dynamite, version >= 214106404
05-09 17:39:59.419 23676 23719 V DynamiteModule: Dynamite loader version >= 2, using loadModule2NoCrashUtils
05-09 17:39:59.419 23676 23676 I AssistHolderContentView: onAttachedToWindow
05-09 17:39:59.420 23676 23676 I AssistHolderContentView: forceFitSystemWindows pb = 0
05-09 17:39:59.422 23525 23525 D ForceDarkHelper: updateByCheckExcludeList: pkg: com.miui.home activity: com.miui.home.launcher.Launcher@a7a9f34
05-09 17:39:59.423 23525 23525 D Launcher.CellLayout: updateCellOccupiedMarks, update, DeepShortcutInfo, id=95, itemType=14, user=UserHandle{0}, mIconType=1, pkgName=com.duokan.phone.remotecontroller, className=com.xiaomi.mitv.phone.remotecontroller.HoriWidgetMainActivityV2, screenId=1, container=-100, cellX=1, cellY=3, spanX=1, spanY=1, isLandscapePos=false
05-09 17:39:59.427 23525 23576 W Launcher.Model: loadShortcut, after getShortcutInfoFromApplication, info=ShortcutInfo, id=119, itemType=0, user=UserHandle{0}, mIconType=0, pkgName=com.pamsys.lexisaudioeditor, className=crc6474e5e1fb856f6af6.MainActivity, screenId=-1, container=-1, cellX=-1, cellY=-1, spanX=1, spanY=1, isLandscapePos=false
05-09 17:39:59.427 23525 23576 W Launcher.Model: loadShortcut, after getShortcutInfoFromApplication, put into mLoadedApps
05-09 17:39:59.428 23525 23576 D Launcher.Model: loadShortcut, bind item to launcher, item=ShortcutInfo, id=119, itemType=0, user=UserHandle{0}, mIconType=0, pkgName=com.pamsys.lexisaudioeditor, className=crc6474e5e1fb856f6af6.MainActivity, screenId=-1, container=82, cellX=5, cellY=5, spanX=1, spanY=1, isLandscapePos=false
05-09 17:39:59.428 23525 23576 W Launcher.Model: loadShortcut, id=124, intent=Intent { act=android.intent.action.MAIN cat=[android.intent.category.LAUNCHER] flg=0x10200000 cmp=cmb.pb/.app.mainframe.container.PBMainActivity }, userHandle=UserHandle{0}, type=0
05-09 17:39:59.429 23676 23676 I AssistHolderContentView: forceFitSystemWindows pb = 0
05-09 17:39:59.429 23525 23576 E ResourceLoader: getXmlRoot local inputStream is null
05-09 17:39:59.429 23525 23576 E ScreenElementRoot: load error, manifest root is null
05-09 17:39:59.430 23676 23766 I AdrenoGLES: QUALCOMM build                   : f2ab992, I401605978b
05-09 17:39:59.430 23676 23766 I AdrenoGLES: Build Date                       : 09/28/19
05-09 17:39:59.430 23676 23766 I AdrenoGLES: OpenGL ES Shader Compiler Version: EV031.27.05.01
05-09 17:39:59.430 23676 23766 I AdrenoGLES: Local Branch                     : 
05-09 17:39:59.430 23676 23766 I AdrenoGLES: Remote Branch                    : 
05-09 17:39:59.430 23676 23766 I AdrenoGLES: Remote Branch                    : 
05-09 17:39:59.430 23676 23766 I AdrenoGLES: Reconstruct Branch               : 
05-09 17:39:59.430 23676 23766 I AdrenoGLES: Build Config                     : S L 8.0.11 AArch64
05-09 17:39:59.433  1214  1214 D Zygote  : Forked child process 23771
05-09 17:39:59.434  1951  1980 D Boost   : hostingType=content provider, hostingName={com.miui.weather2/com.miui.weather2.providers.WeatherProvider}, callerPackage=com.miui.home, isSystem=true, isBoostNeeded=false.
05-09 17:39:59.435  1257  1485 D OemNetd : setPidForPackage: packageName=com.miui.weather2, pid=23771, pid=10075
05-09 17:39:59.435 23525 23525 D ForceDarkHelper: updateByCheckExcludeList: pkg: com.miui.home activity: com.miui.home.launcher.Launcher@a7a9f34
05-09 17:39:59.435 23525 23525 D Launcher.CellLayout: updateCellOccupiedMarks, update, ShortcutInfo, id=112, itemType=0, user=UserHandle{0}, mIconType=0, pkgName=yuri.nakamura.noname_android, className=com.widget.noname_android.MainActivity, screenId=1, container=-100, cellX=3, cellY=3, spanX=1, spanY=1, isLandscapePos=false
05-09 17:39:59.435 23676 23766 I AdrenoGLES: PFP: 0x005ff112, ME: 0x005ff066
05-09 17:39:59.436 23525 23525 D Launcher.Lifecycle: onWindowFocusChanged:true,UserHandle{0},a7a9f34,true
05-09 17:39:59.436 23525 23525 D Launcher_UnlockAnimationStateMachine: onWindowFocus:IDLE
05-09 17:39:59.438 23676 23766 W AdrenoUtils: <ReadGpuID_from_sysfs:194>: Failed to open /sys/class/kgsl/kgsl-3d0/gpu_model
05-09 17:39:59.438 23676 23766 W AdrenoUtils: <ReadGpuID:218>: Failed to read chip ID from gpu_model. Fallback to use the GSL path
05-09 17:39:59.436  1951  1980 I ActivityManager: Start proc 23771:com.miui.weather2/u0a75 for content provider {com.miui.weather2/com.miui.weather2.providers.WeatherProvider} caller=com.miui.home
05-09 17:39:59.442   579   579 I hwservicemanager: getTransport: Cannot find entry vendor.display.config@1.7::IDisplayConfig/default in either framework or device manifest.
05-09 17:39:59.442 23525 23525 D ForceDarkHelper: updateByCheckExcludeList: pkg: com.miui.home activity: com.miui.home.launcher.Launcher@a7a9f34
05-09 17:39:59.442 23525 23525 D Launcher.CellLayout: updateCellOccupiedMarks, update, ShortcutInfo, id=116, itemType=0, user=UserHandle{0}, mIconType=0, pkgName=org.getlantern.lantern, className=org.getlantern.lantern.MainActivity, screenId=1, container=-100, cellX=0, cellY=4, spanX=1, spanY=1, isLandscapePos=false
05-09 17:39:59.443 23525 23525 D ForceDarkHelper: updateByCheckExcludeList: pkg: com.miui.home activity: com.miui.home.launcher.Launcher@a7a9f34
05-09 17:39:59.443   579   579 I hwservicemanager: getTransport: Cannot find entry vendor.display.config@1.7::IDisplayConfig/default in either framework or device manifest.
05-09 17:39:59.443 23525 23525 D Launcher.CellLayout: updateCellOccupiedMarks, update, ShortcutInfo, id=131, itemType=0, user=UserHandle{0}, mIconType=0, pkgName=com.ss.android.ugc.aweme.lite, className=com.ss.android.ugc.aweme.splash.SplashActivity, screenId=1, container=-100, cellX=1, cellY=4, spanX=1, spanY=1, isLandscapePos=false
05-09 17:39:59.443 23525 23525 D ForceDarkHelper: updateByCheckExcludeList: pkg: com.miui.home activity: com.miui.home.launcher.Launcher@a7a9f34
05-09 17:39:59.443 23525 23525 D Launcher.CellLayout: updateCellOccupiedMarks, update, ShortcutInfo, id=128, itemType=0, user=UserHandle{0}, mIconType=0, pkgName=com.zhihu.android, className=com.zhihu.android.app.ui.activity.LauncherActivity, screenId=1, container=-100, cellX=2, cellY=4, spanX=1, spanY=1, isLandscapePos=false
05-09 17:39:59.443 23525 23525 D ForceDarkHelper: updateByCheckExcludeList: pkg: com.miui.home activity: com.miui.home.launcher.Launcher@a7a9f34
05-09 17:39:59.444 23525 23525 D Launcher.CellLayout: updateCellOccupiedMarks, update, ShortcutInfo, id=3, itemType=0, user=UserHandle{0}, mIconType=0, pkgName=com.miui.gallery, className=com.miui.gallery.activity.HomePageActivity, screenId=1, container=-100, cellX=3, cellY=4, spanX=1, spanY=1, isLandscapePos=false
05-09 17:39:59.444 23525 23525 D ForceDarkHelper: updateByCheckExcludeList: pkg: com.miui.home activity: com.miui.home.launcher.Launcher@a7a9f34
05-09 17:39:59.444 23525 23525 D Launcher.CellLayout: updateCellOccupiedMarks, update, ShortcutInfo, id=130, itemType=0, user=UserHandle{0}, mIconType=0, pkgName=com.szt.pay, className=com.szt.pay.SplashActivity, screenId=1, container=-100, cellX=0, cellY=5, spanX=1, spanY=1, isLandscapePos=false
05-09 17:39:59.444 23525 23525 D ForceDarkHelper: updateByCheckExcludeList: pkg: com.miui.home activity: com.miui.home.launcher.Launcher@a7a9f34
05-09 17:39:59.444 23525 23525 D Launcher.CellLayout: updateCellOccupiedMarks, update, ShortcutInfo, id=139, itemType=0, user=UserHandle{0}, mIconType=0, pkgName=cn.soulapp.android, className=cn.soulapp.android.ui.main.MainActivity, screenId=1, container=-100, cellX=1, cellY=5, spanX=1, spanY=1, isLandscapePos=false
05-09 17:39:59.444 23525 23525 D ForceDarkHelper: updateByCheckExcludeList: pkg: com.miui.home activity: com.miui.home.launcher.Launcher@a7a9f34
05-09 17:39:59.445 23525 23525 D Launcher.CellLayout: updateCellOccupiedMarks, update, ShortcutInfo, id=161, itemType=0, user=UserHandle{0}, mIconType=0, pkgName=com.github.uiautomator, className=com.github.uiautomator.MainActivity, screenId=2, container=-100, cellX=0, cellY=0, spanX=1, spanY=1, isLandscapePos=false
05-09 17:39:59.445 23525 23525 D ForceDarkHelper: updateByCheckExcludeList: pkg: com.miui.home activity: com.miui.home.launcher.Launcher@a7a9f34
05-09 17:39:59.445 23525 23525 D Launcher.CellLayout: updateCellOccupiedMarks, update, ShortcutInfo, id=162, itemType=0, user=UserHandle{0}, mIconType=0, pkgName=com.zego.banbandemo, className=com.zego.banbandemo.view.BanbanActivity, screenId=2, container=-100, cellX=1, cellY=0, spanX=1, spanY=1, isLandscapePos=false
05-09 17:39:59.445 23525 23525 D ForceDarkHelper: updateByCheckExcludeList: pkg: com.miui.home activity: com.miui.home.launcher.Launcher@a7a9f34
05-09 17:39:59.446 23525 23525 D Launcher.CellLayout: updateCellOccupiedMarks, update, ShortcutInfo, id=163, itemType=0, user=UserHandle{0}, mIconType=0, pkgName=com.zego.avatartest, className=com.zego.avataraidemo.MainActivity, screenId=2, container=-100, cellX=2, cellY=0, spanX=1, spanY=1, isLandscapePos=false
05-09 17:39:59.446 23525 23525 D ForceDarkHelper: updateByCheckExcludeList: pkg: com.miui.home activity: com.miui.home.launcher.Launcher@a7a9f34
05-09 17:39:59.446 23525 23525 D Launcher.CellLayout: updateCellOccupiedMarks, update, ShortcutInfo, id=165, itemType=0, user=UserHandle{0}, mIconType=0, pkgName=com.vavaparty.app, className=com.vavaparty.common.ui.EntranceActivity, screenId=2, container=-100, cellX=3, cellY=0, spanX=1, spanY=1, isLandscapePos=false
05-09 17:39:59.447 23525 23525 D ForceDarkHelper: updateByCheckExcludeList: pkg: com.miui.home activity: com.miui.home.launcher.Launcher@a7a9f34
05-09 17:39:59.447 23525 23525 D Launcher.CellLayout: updateCellOccupiedMarks, update, ShortcutInfo, id=167, itemType=0, user=UserHandle{0}, mIconType=0, pkgName=im.zego.GoEnjoy, className=im.zego.goenjoy.MainActivity, screenId=2, container=-100, cellX=0, cellY=1, spanX=1, spanY=1, isLandscapePos=false
05-09 17:39:59.447 23525 23525 D ForceDarkHelper: updateByCheckExcludeList: pkg: com.miui.home activity: com.miui.home.launcher.Launcher@a7a9f34
05-09 17:39:59.447 23525 23525 D Launcher.CellLayout: updateCellOccupiedMarks, update, ShortcutInfo, id=176, itemType=0, user=UserHandle{0}, mIconType=0, pkgName=com.zego.goavatar, className=com.zego.goavatar.view.KneadFaceActivity, screenId=2, container=-100, cellX=1, cellY=1, spanX=1, spanY=1, isLandscapePos=false
05-09 17:39:59.452  1951  1969 E MiuiBinderProxy: callBinderTransact com.android.internal.app.IOpsCallback 5 failed. android.os.DeadObjectException
05-09 17:39:59.452 23525 23576 W Launcher.Model: loadShortcut, after getShortcutInfoFromApplication, info=ShortcutInfo, id=124, itemType=0, user=UserHandle{0}, mIconType=0, pkgName=cmb.pb, className=cmb.pb.app.mainframe.container.PBMainActivity, screenId=-1, container=-1, cellX=-1, cellY=-1, spanX=1, spanY=1, isLandscapePos=false
05-09 17:39:59.452 23525 23576 W Launcher.Model: loadShortcut, after getShortcutInfoFromApplication, put into mLoadedApps
05-09 17:39:59.453  1951  2084 I MiuiNetworkPolicy: updateUidState uid = 10075, uidState = 20
05-09 17:39:59.453 23525 23576 D Launcher.Model: loadShortcut, bind item to launcher, item=ShortcutInfo, id=124, itemType=0, user=UserHandle{0}, mIconType=0, pkgName=cmb.pb, className=cmb.pb.app.mainframe.container.PBMainActivity, screenId=-1, container=121, cellX=5, cellY=5, spanX=1, spanY=1, isLandscapePos=false
05-09 17:39:59.455 23525 23576 W Launcher.Model: loadShortcut, id=15, intent=Intent { act=android.intent.action.MAIN cat=[android.intent.category.LAUNCHER] flg=0x10200000 cmp=com.google.android.videos/com.google.android.youtube.videos.EntryPoint }, userHandle=UserHandle{0}, type=0
05-09 17:39:59.456 23525 23576 D Launcher.Model: component:ComponentInfo{com.google.android.videos/com.google.android.youtube.videos.EntryPoint} returned because user: UserHandle{0} contains: false
05-09 17:39:59.456 23525 23576 W Launcher.Model: loadShortcut, id=37, intent=Intent { act=android.intent.action.MAIN cat=[android.intent.category.LAUNCHER] flg=0x10200000 cmp=com.android.providers.downloads.ui/.DownloadList }, userHandle=UserHandle{0}, type=0
05-09 17:39:59.457 23525 23576 E ResourceLoader: getXmlRoot local inputStream is null
05-09 17:39:59.457 23525 23576 E ScreenElementRoot: load error, manifest root is null
05-09 17:39:59.461 23525 23576 W Launcher.Model: loadShortcut, after getShortcutInfoFromApplication, info=ShortcutInfo, id=37, itemType=0, user=UserHandle{0}, mIconType=0, pkgName=com.android.providers.downloads.ui, className=com.android.providers.downloads.ui.DownloadList, screenId=-1, container=-1, cellX=-1, cellY=-1, spanX=1, spanY=1, isLandscapePos=false
05-09 17:39:59.461 23525 23576 W Launcher.Model: loadShortcut, after getShortcutInfoFromApplication, put into mLoadedApps
05-09 17:39:59.461 23525 23576 D Launcher.Model: loadShortcut, bind item to launcher, item=ShortcutInfo, id=37, itemType=0, user=UserHandle{0}, mIconType=0, pkgName=com.android.providers.downloads.ui, className=com.android.providers.downloads.ui.DownloadList, screenId=-1, container=29, cellX=6, cellY=0, spanX=1, spanY=1, isLandscapePos=false
05-09 17:39:59.461 23525 23576 W Launcher.Model: loadShortcut, id=44, intent=Intent { act=android.intent.action.MAIN cat=[android.intent.category.LAUNCHER] flg=0x10200000 cmp=com.xiaomi.calendar/com.android.calendar.homepage.AllInOneActivity }, userHandle=UserHandle{0}, type=0
05-09 17:39:59.461 23525 23525 D Launcher.CellLayout: updateCellOccupiedMarks, update, ShortcutInfo, id=113, itemType=0, user=UserHandle{0}, mIconType=0, pkgName=com.autonavi.minimap, className=com.autonavi.map.activity.SplashActivity, screenId=1, container=-100, cellX=2, cellY=2, spanX=1, spanY=1, isLandscapePos=false
05-09 17:39:59.463 23525 23525 D EventBus: No subscribers registered for event class com.miui.home.launcher.common.messages.CellLayoutMessage
05-09 17:39:59.463 23525 23525 D EventBus: No subscribers registered for event class org.greenrobot.eventbus.NoSubscriberEvent
05-09 17:39:59.464 23771 23771 E m.miui.weather: Not starting debugger since process cannot load the jdwp agent.
05-09 17:39:59.464 23525 23576 I DateTimeVariableUpdater: init with accuracy:Day
05-09 17:39:59.466 23525 23576 D ScreenElementRoot: findResource: ScaleMetrics sw:990 den:440 sizeType:0 scale:1.0 path:den440
05-09 17:39:59.466 23525 23576 D ScreenElementRoot: findScale: ScaleMetrics sw:990 den:440 sizeType:0 scale:1.0
05-09 17:39:59.466 23525 23576 I ScreenElementRoot: set scale: 1.0
05-09 17:39:59.470 23525 23525 D ScreenView_Workspace: dispatchDraw:0
05-09 17:39:59.470 23525 23576 D ScreenElementRoot: load finished, spent 7 ms
05-09 17:39:59.470 23525 23576 D ScreenElementRoot: init
05-09 17:39:59.471 23525 23576 I LanguageHelper: no available string resources to load.
05-09 17:39:59.472 23525 23576 I NotifierManager: acquireNotifier:TimeChanged  miui.maml.data.DateTimeVariableUpdater@94439ab
05-09 17:39:59.472 23525 23576 I NotifierManager: acquireNotifier:DarkMode  miui.maml.data.DarkModeVariableUpdater@e0d808
05-09 17:39:59.475 23676 23722 W obalminusscree: ClassLoaderContext type mismatch. expected=PCL, found=DLC (PCL[] | DLC[];PCL[/data/app/com.mi.android.globalminusscreen-8Yn_gdLuA-XyMCupEIVl5w==/base.apk*1443262322:/data/app/com.mi.android.globalminusscreen-8Yn_gdLuA-XyMCupEIVl5w==/base.apk!classes2.dex*3172991390:/data/app/com.mi.android.globalminusscreen-8Yn_gdLuA-XyMCupEIVl5w==/base.apk!classes3.dex*4166342166:/data/app/com.mi.android.globalminusscreen-8Yn_gdLuA-XyMCupEIVl5w==/base.apk!classes4.dex*1433877003]{PCL[/system/framework/org.apache.http.legacy.jar*2820881278]})
05-09 17:39:59.475 23525 23576 I ResourceManager: load image calendar_icon_9.png
05-09 17:39:59.475 23525 23576 I ResourceManager: try to load resource from extra resource: den440 of calendar_icon_9.png
05-09 17:39:59.476 23676 23722 W obalminusscree: Found duplicate classes, falling back to extracting from APK : /data/user_de/0/com.google.android.gms/app_chimera/m/0000005f/MeasurementDynamite.apk
05-09 17:39:59.476 23676 23722 W obalminusscree: NOTE: This wastes RAM and hurts startup performance.
05-09 17:39:59.476 23676 23722 W obalminusscree: Found duplicated class when checking oat files: 'Landroid/support/v4/app/RemoteActionCompatParcelizer;' in /data/app/com.mi.android.globalminusscreen-8Yn_gdLuA-XyMCupEIVl5w==/base.apk and /data/user_de/0/com.google.android.gms/app_chimera/m/0000005f/MeasurementDynamite.apk
05-09 17:39:59.476 23676 23722 W obalminusscree: 
05-09 17:39:59.477   579   579 I hwservicemanager: getTransport: Cannot find entry android.hardware.graphics.mapper@3.0::IMapper/default in either framework or device manifest.
05-09 17:39:59.477 23676 23766 W Gralloc3: mapper 3.x is not supported
05-09 17:39:59.477 23525 23576 I ResourceManager: load image from extra resource: den440 of calendar_icon_9.png
05-09 17:39:59.478 23525 23576 D MultipleRenderable: add: miui.maml.FancyDrawable@51bf452
05-09 17:39:59.478 23525 23576 D RendererCore: add: miui.maml.FancyDrawable@51bf452 size:1
05-09 17:39:59.478 23525 23576 D ScreenElementRoot: resume
05-09 17:39:59.479 23525 23576 I ResourceManager: load image quietImage.png
05-09 17:39:59.479 23525 23576 I ResourceManager: try to load resource from extra resource: den440 of quietImage.png
05-09 17:39:59.479 23525 23576 D ResourceLoader: TRY AGAIN to get getPathForLanguage: den440/quietImage.png
05-09 17:39:59.479 23525 23576 E ResourceLoader: fail to get getPathForLanguage: den440/quietImage.png
05-09 17:39:59.479 23525 23576 D ResourceLoader: TRY AGAIN to get getPathForLanguage: quietImage.png
05-09 17:39:59.479 23525 23576 E ResourceLoader: fail to get getPathForLanguage: quietImage.png
05-09 17:39:59.479 23525 23576 D ResourceLoader: TRY AGAIN to get getPathForLanguage: den480/quietImage.png
05-09 17:39:59.479 23525 23576 E ResourceLoader: fail to get getPathForLanguage: den480/quietImage.png
05-09 17:39:59.479 23525 23576 E ResourceManager: fail to load image: quietImage.png
05-09 17:39:59.479 23525 23576 I ResourceManager: load image startImage.png
05-09 17:39:59.479 23525 23576 I ResourceManager: try to load resource from extra resource: den440 of startImage.png
05-09 17:39:59.479 23525 23576 D ResourceLoader: TRY AGAIN to get getPathForLanguage: den440/startImage.png
05-09 17:39:59.479 23525 23576 E ResourceLoader: fail to get getPathForLanguage: den440/startImage.png
05-09 17:39:59.479 23525 23576 D ResourceLoader: TRY AGAIN to get getPathForLanguage: startImage.png
05-09 17:39:59.479 23525 23576 E ResourceLoader: fail to get getPathForLanguage: startImage.png
05-09 17:39:59.479 23525 23576 D ResourceLoader: TRY AGAIN to get getPathForLanguage: den480/startImage.png
05-09 17:39:59.479 23525 23576 E ResourceLoader: fail to get getPathForLanguage: den480/startImage.png
05-09 17:39:59.479 23525 23576 E ResourceManager: fail to load image: startImage.png
05-09 17:39:59.479 23525 23576 W Launcher.Model: loadShortcut, after getShortcutInfoFromApplication, info=ShortcutInfo, id=44, itemType=0, user=UserHandle{0}, mIconType=0, pkgName=com.xiaomi.calendar, className=com.android.calendar.homepage.AllInOneActivity, screenId=-1, container=-1, cellX=-1, cellY=-1, spanX=1, spanY=1, isLandscapePos=false
05-09 17:39:59.479 23525 23576 W Launcher.Model: loadShortcut, after getShortcutInfoFromApplication, put into mLoadedApps
05-09 17:39:59.480 23525 23576 D Launcher.Model: loadShortcut, bind item to launcher, item=ShortcutInfo, id=44, itemType=0, user=UserHandle{0}, mIconType=0, pkgName=com.xiaomi.calendar, className=com.android.calendar.homepage.AllInOneActivity, screenId=-1, container=57, cellX=6, cellY=1, spanX=1, spanY=1, isLandscapePos=false
05-09 17:39:59.480 23525 23576 W Launcher.Model: loadShortcut, id=81, intent=Intent { act=android.intent.action.MAIN cat=[android.intent.category.LAUNCHER] flg=0x10200000 cmp=com.microsoft.skydrive/.MainActivity }, userHandle=UserHandle{0}, type=0
05-09 17:39:59.480 23525 23525 D Launcher.CellLayout: updateCellOccupiedMarks, update, DeepShortcutInfo, id=95, itemType=14, user=UserHandle{0}, mIconType=1, pkgName=com.duokan.phone.remotecontroller, className=com.xiaomi.mitv.phone.remotecontroller.HoriWidgetMainActivityV2, screenId=1, container=-100, cellX=1, cellY=3, spanX=1, spanY=1, isLandscapePos=false
05-09 17:39:59.481 23525 23525 D EventBus: No subscribers registered for event class com.miui.home.launcher.common.messages.CellLayoutMessage
05-09 17:39:59.481 23525 23525 D EventBus: No subscribers registered for event class org.greenrobot.eventbus.NoSubscriberEvent
05-09 17:39:59.481 23525 23576 E ResourceLoader: getXmlRoot local inputStream is null
05-09 17:39:59.481 23525 23576 E ScreenElementRoot: load error, manifest root is null
05-09 17:39:59.481 23525 23525 D FramerateTokenList: createToken: miui.maml.elements.FramerateController@b2ae39b
05-09 17:39:59.483 23525 23525 D FramerateTokenList: Frame rate changed, current frame rate is 20.0
05-09 17:39:59.490 23525 23525 D ScreenView_Workspace: dispatchDraw:0
05-09 17:39:59.494  1951  1963 D CompatibilityInfo: mCompatibilityFlags - 0
05-09 17:39:59.494  1951  1963 D CompatibilityInfo: applicationDensity - 440
05-09 17:39:59.494  1951  1963 D CompatibilityInfo: applicationScale - 1.0
05-09 17:39:59.503 23525 23576 W Launcher.Model: loadShortcut, after getShortcutInfoFromApplication, info=ShortcutInfo, id=81, itemType=0, user=UserHandle{0}, mIconType=0, pkgName=com.microsoft.skydrive, className=com.microsoft.skydrive.MainActivity, screenId=-1, container=-1, cellX=-1, cellY=-1, spanX=1, spanY=1, isLandscapePos=false
05-09 17:39:59.503 23525 23576 W Launcher.Model: loadShortcut, after getShortcutInfoFromApplication, put into mLoadedApps
05-09 17:39:59.504 23525 23576 D Launcher.Model: loadShortcut, bind item to launcher, item=ShortcutInfo, id=81, itemType=0, user=UserHandle{0}, mIconType=0, pkgName=com.microsoft.skydrive, className=com.microsoft.skydrive.MainActivity, screenId=-1, container=7, cellX=6, cellY=2, spanX=1, spanY=1, isLandscapePos=false
05-09 17:39:59.504 23676 23719 W obalminusscree: ClassLoaderContext type mismatch. expected=PCL, found=DLC (PCL[] | DLC[];PCL[/data/app/com.mi.android.globalminusscreen-8Yn_gdLuA-XyMCupEIVl5w==/base.apk*1443262322:/data/app/com.mi.android.globalminusscreen-8Yn_gdLuA-XyMCupEIVl5w==/base.apk!classes2.dex*3172991390:/data/app/com.mi.android.globalminusscreen-8Yn_gdLuA-XyMCupEIVl5w==/base.apk!classes3.dex*4166342166:/data/app/com.mi.android.globalminusscreen-8Yn_gdLuA-XyMCupEIVl5w==/base.apk!classes4.dex*1433877003]{PCL[/system/framework/org.apache.http.legacy.jar*2820881278]})
05-09 17:39:59.504 23525 23576 W Launcher.Model: loadShortcut, id=111, intent=Intent { act=android.intent.action.MAIN cat=[android.intent.category.LAUNCHER] flg=0x10200000 cmp=com.rhmsoft.edit.pro/com.rhmsoft.edit.activity.MainActivity }, userHandle=UserHandle{0}, type=0
05-09 17:39:59.505 23676 23719 W obalminusscree: Found duplicate classes, falling back to extracting from APK : /data/user_de/0/com.google.android.gms/app_chimera/m/00000065/dl-AdsFdrDynamite.integ_214106404100000.apk
05-09 17:39:59.505 23676 23719 W obalminusscree: NOTE: This wastes RAM and hurts startup performance.
05-09 17:39:59.505 23676 23719 W obalminusscree: Found duplicated class when checking oat files: 'Landroid/support/v4/app/RemoteActionCompatParcelizer;' in /data/user_de/0/com.google.android.gms/app_chimera/m/00000065/dl-AdsFdrDynamite.integ_214106404100000.apk and /data/app/com.mi.android.globalminusscreen-8Yn_gdLuA-XyMCupEIVl5w==/base.apk
05-09 17:39:59.505 23676 23719 W obalminusscree: 
05-09 17:39:59.506  1951  1963 E MiuiBinderProxy: callBinderTransact com.android.internal.app.IOpsCallback 5 failed. android.os.DeadObjectException
05-09 17:39:59.506 23525 23576 E ResourceLoader: getXmlRoot local inputStream is null
05-09 17:39:59.506 23525 23576 E ScreenElementRoot: load error, manifest root is null
05-09 17:39:59.506 23525 23525 D ScreenView_Workspace: dispatchDraw:0
05-09 17:39:59.507  1951  2084 I MiuiNetworkPolicy: updateUidState uid = 10075, uidState = 4
05-09 17:39:59.510 23525 23525 D Launcher.CellLayout: updateCellOccupiedMarks, update, ShortcutInfo, id=112, itemType=0, user=UserHandle{0}, mIconType=0, pkgName=yuri.nakamura.noname_android, className=com.widget.noname_android.MainActivity, screenId=1, container=-100, cellX=3, cellY=3, spanX=1, spanY=1, isLandscapePos=false
05-09 17:39:59.510  1257  1485 D OemNetd : whiteListUid: uid=10075, wmm=add
05-09 17:39:59.511 23525 23525 D EventBus: No subscribers registered for event class com.miui.home.launcher.common.messages.CellLayoutMessage
05-09 17:39:59.511 23525 23525 D EventBus: No subscribers registered for event class org.greenrobot.eventbus.NoSubscriberEvent
05-09 17:39:59.522 23525 23525 D ScreenView_Workspace: dispatchDraw:0
05-09 17:39:59.523 23525 23576 W Launcher.Model: loadShortcut, after getShortcutInfoFromApplication, info=ShortcutInfo, id=111, itemType=0, user=UserHandle{0}, mIconType=0, pkgName=com.rhmsoft.edit.pro, className=com.rhmsoft.edit.activity.MainActivity, screenId=-1, container=-1, cellX=-1, cellY=-1, spanX=1, spanY=1, isLandscapePos=false
05-09 17:39:59.523 23525 23576 W Launcher.Model: loadShortcut, after getShortcutInfoFromApplication, put into mLoadedApps
05-09 17:39:59.523 23525 23576 D Launcher.Model: loadShortcut, bind item to launcher, item=ShortcutInfo, id=111, itemType=0, user=UserHandle{0}, mIconType=0, pkgName=com.rhmsoft.edit.pro, className=com.rhmsoft.edit.activity.MainActivity, screenId=-1, container=82, cellX=6, cellY=4, spanX=1, spanY=1, isLandscapePos=false
05-09 17:39:59.524 23525 23576 W Launcher.Model: loadShortcut, id=127, intent=Intent { act=android.intent.action.MAIN cat=[android.intent.category.LAUNCHER] flg=0x10200000 cmp=me.ele/.Launcher }, userHandle=UserHandle{0}, type=0
05-09 17:39:59.525 23525 23525 D Launcher_DesktopWallpaperManager: adaptHomeToWallpaper, launcher is loading
05-09 17:39:59.525 23525 23525 D Launcher.CellLayout: updateCellOccupiedMarks, update, ShortcutInfo, id=116, itemType=0, user=UserHandle{0}, mIconType=0, pkgName=org.getlantern.lantern, className=org.getlantern.lantern.MainActivity, screenId=1, container=-100, cellX=0, cellY=4, spanX=1, spanY=1, isLandscapePos=false
05-09 17:39:59.525 23525 23576 E ResourceLoader: getXmlRoot local inputStream is null
05-09 17:39:59.525 23525 23576 E ScreenElementRoot: load error, manifest root is null
05-09 17:39:59.526 23525 23525 D EventBus: No subscribers registered for event class com.miui.home.launcher.common.messages.CellLayoutMessage
05-09 17:39:59.526 23525 23525 D EventBus: No subscribers registered for event class org.greenrobot.eventbus.NoSubscriberEvent
05-09 17:39:59.530 23525 23576 W com.miui.home: resources.arsc in APK '/data/app/me.ele-tzsnhWkBnq-9PpK5gPcZ3g==/base.apk' is compressed.
05-09 17:39:59.538 23525 23525 D ScreenView_Workspace: dispatchDraw:0
05-09 17:39:59.543 23525 23576 W Launcher.Model: loadShortcut, after getShortcutInfoFromApplication, info=ShortcutInfo, id=127, itemType=0, user=UserHandle{0}, mIconType=0, pkgName=me.ele, className=me.ele.Launcher, screenId=-1, container=-1, cellX=-1, cellY=-1, spanX=1, spanY=1, isLandscapePos=false
05-09 17:39:59.543 23525 23576 W Launcher.Model: loadShortcut, after getShortcutInfoFromApplication, put into mLoadedApps
05-09 17:39:59.543 23525 23576 D Launcher.Model: loadShortcut, bind item to launcher, item=ShortcutInfo, id=127, itemType=0, user=UserHandle{0}, mIconType=0, pkgName=me.ele, className=me.ele.Launcher, screenId=-1, container=121, cellX=6, cellY=1, spanX=1, spanY=1, isLandscapePos=false
05-09 17:39:59.543 23525 23576 W Launcher.Model: loadShortcut, id=38, intent=Intent { act=android.intent.action.MAIN cat=[android.intent.category.LAUNCHER] flg=0x10200000 cmp=com.miui.compass/.CompassActivity }, userHandle=UserHandle{0}, type=0
05-09 17:39:59.543 23525 23525 D Launcher.CellLayout: updateCellOccupiedMarks, update, ShortcutInfo, id=130, itemType=0, user=UserHandle{0}, mIconType=0, pkgName=com.szt.pay, className=com.szt.pay.SplashActivity, screenId=1, container=-100, cellX=0, cellY=5, spanX=1, spanY=1, isLandscapePos=false
05-09 17:39:59.544 23525 23525 D EventBus: No subscribers registered for event class com.miui.home.launcher.common.messages.CellLayoutMessage
05-09 17:39:59.545 23525 23525 D EventBus: No subscribers registered for event class org.greenrobot.eventbus.NoSubscriberEvent
05-09 17:39:59.545 23525 23576 E ResourceLoader: getXmlRoot local inputStream is null
05-09 17:39:59.545 23525 23576 E ScreenElementRoot: load error, manifest root is null
05-09 17:39:59.548 23525 23576 W Launcher.Model: loadShortcut, after getShortcutInfoFromApplication, info=ShortcutInfo, id=38, itemType=0, user=UserHandle{0}, mIconType=0, pkgName=com.miui.compass, className=com.miui.compass.CompassActivity, screenId=-1, container=-1, cellX=-1, cellY=-1, spanX=1, spanY=1, isLandscapePos=false
05-09 17:39:59.548 23525 23576 W Launcher.Model: loadShortcut, after getShortcutInfoFromApplication, put into mLoadedApps
05-09 17:39:59.549 23525 23576 D Launcher.Model: loadShortcut, bind item to launcher, item=ShortcutInfo, id=38, itemType=0, user=UserHandle{0}, mIconType=0, pkgName=com.miui.compass, className=com.miui.compass.CompassActivity, screenId=-1, container=29, cellX=7, cellY=0, spanX=1, spanY=1, isLandscapePos=false
05-09 17:39:59.549 23525 23576 W Launcher.Model: loadShortcut, id=48, intent=Intent { act=android.intent.action.MAIN cat=[android.intent.category.LAUNCHER] flg=0x10200000 cmp=com.android.mms/.ui.MmsTabActivity }, userHandle=UserHandle{0}, type=0
05-09 17:39:59.551 23525 23576 I ResourceManager: load image quietImage.png
05-09 17:39:59.551 23525 23576 I ResourceManager: try to load resource from extra resource: den440 of quietImage.png
05-09 17:39:59.552 23525 23576 I ResourceManager: load image from extra resource: den440 of quietImage.png
05-09 17:39:59.552 23525 23576 W Launcher.Model: loadShortcut, after getShortcutInfoFromApplication, info=ShortcutInfo, id=48, itemType=0, user=UserHandle{0}, mIconType=0, pkgName=com.android.mms, className=com.android.mms.ui.MmsTabActivity, screenId=-1, container=-1, cellX=-1, cellY=-1, spanX=1, spanY=1, isLandscapePos=false
05-09 17:39:59.552 23525 23576 W Launcher.Model: loadShortcut, after getShortcutInfoFromApplication, put into mLoadedApps
05-09 17:39:59.553 23525 23576 D Launcher.Model: loadShortcut, bind item to launcher, item=ShortcutInfo, id=48, itemType=0, user=UserHandle{0}, mIconType=0, pkgName=com.android.mms, className=com.android.mms.ui.MmsTabActivity, screenId=-1, container=57, cellX=7, cellY=0, spanX=1, spanY=1, isLandscapePos=false
05-09 17:39:59.553 23525 23576 W Launcher.Model: loadShortcut, id=107, intent=Intent { act=android.intent.action.MAIN cat=[android.intent.category.LAUNCHER] flg=0x10200000 cmp=com.twitter.android/.StartActivity }, userHandle=UserHandle{0}, type=0
05-09 17:39:59.554 23525 23576 E ResourceLoader: getXmlRoot local inputStream is null
05-09 17:39:59.554 23525 23576 E ScreenElementRoot: load error, manifest root is null
05-09 17:39:59.556 23525 23525 D ScreenView_Workspace: dispatchDraw:0
05-09 17:39:59.561  1951  3354 I ActivityManager: Force stopping com.topjohnwu.magisk appid=10212 user=0: from process:23792
05-09 17:39:59.561  1951  3354 I AutoStartManagerService: MIUILOG- Reject RestartService packageName :com.topjohnwu.magisk uid : 10212
05-09 17:39:59.562  1951  3354 D AutoStartManagerService: prepare force stop p:22222 s: 19
05-09 17:39:59.562  1951  3354 I Process : Sending signal. PID: 22222 SIG: 19
05-09 17:39:59.563  1951  3354 E MiuiBinderProxy: callBinderTransact com.android.internal.app.IOpsCallback 5 failed. android.os.DeadObjectException
05-09 17:39:59.563  1951  3354 I ActivityManager: Killing 22222:com.topjohnwu.magisk/u0a212 (adj 935): stop com.topjohnwu.magisk: from process:23792
05-09 17:39:59.567 23771 23771 W System  : ClassLoader referenced unknown path: /system/framework/global-miui11-empty.jar
05-09 17:39:59.566   579   579 I hwservicemanager: getTransport: Cannot find entry vendor.qti.hardware.servicetracker@1.0::IServicetracker/default in either framework or device manifest.
05-09 17:39:59.571  1951  3354 I ActivityManager: Force stopping com.topjohnwu.magisk appid=10212 user=999: from process:23792
05-09 17:39:59.572  1951  3354 I AutoStartManagerService: MIUILOG- Reject RestartService packageName :com.topjohnwu.magisk uid : 99910212
05-09 17:39:59.577  1951  2084 I MiuiNetworkPolicy: removeUidState uid = 10212
05-09 17:39:59.578 23525 23576 W Launcher.Model: loadShortcut, after getShortcutInfoFromApplication, info=ShortcutInfo, id=107, itemType=0, user=UserHandle{0}, mIconType=0, pkgName=com.twitter.android, className=com.twitter.android.StartActivity, screenId=-1, container=-1, cellX=-1, cellY=-1, spanX=1, spanY=1, isLandscapePos=false
05-09 17:39:59.579 23525 23576 W Launcher.Model: loadShortcut, after getShortcutInfoFromApplication, put into mLoadedApps
05-09 17:39:59.579 23525 23576 D Launcher.Model: loadShortcut, bind item to launcher, item=ShortcutInfo, id=107, itemType=0, user=UserHandle{0}, mIconType=0, pkgName=com.twitter.android, className=com.twitter.android.StartActivity, screenId=-1, container=7, cellX=7, cellY=3, spanX=1, spanY=1, isLandscapePos=false
05-09 17:39:59.579 23525 23576 W Launcher.Model: loadShortcut, id=28, intent=Intent { act=android.intent.action.MAIN cat=[android.intent.category.LAUNCHER] flg=0x10200000 cmp=com.mi.android.globalFileexplorer/com.android.fileexplorer.FileExplorerTabActivity }, userHandle=UserHandle{0}, type=0
05-09 17:39:59.580 29275 29275 D AggregateListener: notifyAction action:android.intent.action.PACKAGE_RESTARTED
05-09 17:39:59.580 23525 23525 D Launcher.CellLayout: updateCellOccupiedMarks, update, ShortcutInfo, id=128, itemType=0, user=UserHandle{0}, mIconType=0, pkgName=com.zhihu.android, className=com.zhihu.android.app.ui.activity.LauncherActivity, screenId=1, container=-100, cellX=2, cellY=4, spanX=1, spanY=1, isLandscapePos=false
05-09 17:39:59.580 29275 29275 D AggregateListener: onPackageRestarted packageName:com.topjohnwu.magisk
05-09 17:39:59.581 23525 23525 D EventBus: No subscribers registered for event class com.miui.home.launcher.common.messages.CellLayoutMessage
05-09 17:39:59.581 23525 23525 D EventBus: No subscribers registered for event class org.greenrobot.eventbus.NoSubscriberEvent
05-09 17:39:59.581 23525 23525 D FancyDrawable: doPause:   [miui.maml.FancyDrawable@51bf452]
05-09 17:39:59.581 23525 23525 D MultipleRenderable: setPause: true miui.maml.FancyDrawable@51bf452
05-09 17:39:59.581 23525 23525 D RendererCore: self pause: miui.maml.RendererCore@88235d4
05-09 17:39:59.581 23525 23525 D ScreenElementRoot: pause
05-09 17:39:59.582  2470  2470 E PhoneInterfaceManager: [PhoneIntfMgr] getCarrierPackageNamesForIntent: No UICC
05-09 17:39:59.582  2470  2470 D CarrierSvcBindHelper: No carrier app for: 0
05-09 17:39:59.583  2470  2470 E PhoneInterfaceManager: [PhoneIntfMgr] getCarrierPackageNamesForIntent: No UICC
05-09 17:39:59.583  2470  2470 D CarrierSvcBindHelper: No carrier app for: 1
05-09 17:39:59.586  2470  2470 E PhoneInterfaceManager: [PhoneIntfMgr] getCarrierPackageNamesForIntent: No UICC
05-09 17:39:59.586  2470  2470 D CarrierSvcBindHelper: No carrier app for: 0
05-09 17:39:59.587 23525 23576 I ResourceManager: load image quietImage.png
05-09 17:39:59.587 23525 23576 I ResourceManager: try to load resource from extra resource: den440 of quietImage.png
05-09 17:39:59.588 23525 23576 I ResourceManager: load image from extra resource: den440 of quietImage.png
05-09 17:39:59.588 23525 23576 W Launcher.Model: loadShortcut, after getShortcutInfoFromApplication, info=ShortcutInfo, id=28, itemType=0, user=UserHandle{0}, mIconType=0, pkgName=com.mi.android.globalFileexplorer, className=com.android.fileexplorer.FileExplorerTabActivity, screenId=-1, container=-1, cellX=-1, cellY=-1, spanX=1, spanY=1, isLandscapePos=false
05-09 17:39:59.588 23525 23576 W Launcher.Model: loadShortcut, after getShortcutInfoFromApplication, put into mLoadedApps
05-09 17:39:59.589 23525 23576 D Launcher.Model: loadShortcut, bind item to launcher, item=ShortcutInfo, id=28, itemType=0, user=UserHandle{0}, mIconType=0, pkgName=com.mi.android.globalFileexplorer, className=com.android.fileexplorer.FileExplorerTabActivity, screenId=-1, container=29, cellX=8, cellY=0, spanX=1, spanY=1, isLandscapePos=false
05-09 17:39:59.589 23525 23576 W Launcher.Model: loadShortcut, id=96, intent=Intent { act=android.intent.action.MAIN cat=[android.intent.category.LAUNCHER] flg=0x10200000 cmp=org.telegram.messenger/org.telegram.ui.LaunchActivity }, userHandle=UserHandle{0}, type=0
05-09 17:39:59.589  2470  2470 E PhoneInterfaceManager: [PhoneIntfMgr] getCarrierPackageNamesForIntent: No UICC
05-09 17:39:59.589  2470  2470 D CarrierSvcBindHelper: No carrier app for: 1
05-09 17:39:59.590 23525 23576 E ResourceLoader: getXmlRoot local inputStream is null
05-09 17:39:59.590 23525 23576 E ScreenElementRoot: load error, manifest root is null
05-09 17:39:59.593 23525 23525 D ScreenView_Workspace: dispatchDraw:0
05-09 17:39:59.595  1214  1214 I Zygote  : Process 22222 exited due to signal 9 (Killed)
05-09 17:39:59.596  1951  1981 I libprocessgroup: Successfully killed process cgroup uid 10212 pid 22222 in 32ms
05-09 17:39:59.598  1951  1969 W ActivityManager: setHasOverlayUi called on unknown pid: 22222
05-09 17:39:59.600  1951  2081 D NtpTrustedTime: currentTimeMillis() cache hit
05-09 17:39:59.603 23771 23771 I Perf    : Connecting to perf service.
05-09 17:39:59.604  1257  1485 I netd    : tetherGetStats() <1.58ms>
05-09 17:39:59.606 23525 23576 W Launcher.Model: loadShortcut, after getShortcutInfoFromApplication, info=ShortcutInfo, id=96, itemType=0, user=UserHandle{0}, mIconType=0, pkgName=org.telegram.messenger, className=org.telegram.ui.LaunchActivity, screenId=-1, container=-1, cellX=-1, cellY=-1, spanX=1, spanY=1, isLandscapePos=false
05-09 17:39:59.606 23525 23576 W Launcher.Model: loadShortcut, after getShortcutInfoFromApplication, put into mLoadedApps
05-09 17:39:59.606 23525 23576 D Launcher.Model: loadShortcut, bind item to launcher, item=ShortcutInfo, id=96, itemType=0, user=UserHandle{0}, mIconType=0, pkgName=org.telegram.messenger, className=org.telegram.ui.LaunchActivity, screenId=-1, container=7, cellX=8, cellY=2, spanX=1, spanY=1, isLandscapePos=false
05-09 17:39:59.606 23525 23576 W Launcher.Model: loadShortcut, id=25, intent=Intent { act=miui.intent.action.GARBAGE_CLEANUP cat=[android.intent.category.DEFAULT] cmp=com.miui.cleanmaster/com.miui.optimizecenter.MainActivity }, userHandle=UserHandle{0}, type=1
05-09 17:39:59.607 23525 23525 D Launcher.CellLayout: updateCellOccupiedMarks, update, ShortcutInfo, id=3, itemType=0, user=UserHandle{0}, mIconType=0, pkgName=com.miui.gallery, className=com.miui.gallery.activity.HomePageActivity, screenId=1, container=-100, cellX=3, cellY=4, spanX=1, spanY=1, isLandscapePos=false
05-09 17:39:59.608 23525 23525 D EventBus: No subscribers registered for event class com.miui.home.launcher.common.messages.CellLayoutMessage
05-09 17:39:59.608 23525 23525 D EventBus: No subscribers registered for event class org.greenrobot.eventbus.NoSubscriberEvent
05-09 17:39:59.624  1951  2081 D NtpTrustedTime: currentTimeMillis() cache hit
05-09 17:39:59.625 23525 23576 D IconCustomizer: Content Ratio = 0.85714287
05-09 17:39:59.625 23525 23525 D ScreenView_Workspace: dispatchDraw:0
05-09 17:39:59.626  3791  4606 I TrafficManageService: mina mTrafficStatsReceiver onReceive
05-09 17:39:59.627 23525 23525 D Maml.AnimatingDrawable: setColorFilter
05-09 17:39:59.627  1257  1485 I netd    : bandwidthSetGlobalAlert(131072) <0.20ms>
05-09 17:39:59.627 23525 23525 D Launcher.CellLayout: updateCellOccupiedMarks, update, ShortcutInfo, id=131, itemType=0, user=UserHandle{0}, mIconType=0, pkgName=com.ss.android.ugc.aweme.lite, className=com.ss.android.ugc.aweme.splash.SplashActivity, screenId=1, container=-100, cellX=1, cellY=4, spanX=1, spanY=1, isLandscapePos=false
05-09 17:39:59.628 23525 23525 D EventBus: No subscribers registered for event class com.miui.home.launcher.common.messages.CellLayoutMessage
05-09 17:39:59.629 23525 23525 D EventBus: No subscribers registered for event class org.greenrobot.eventbus.NoSubscriberEvent
05-09 17:39:59.629 23525 23576 D Launcher.Model: loadShortcut, not application shortcutInfo, info=ShortcutInfo, id=25, itemType=1, user=UserHandle{0}, mIconType=0, pkgName=com.miui.cleanmaster, className=com.miui.optimizecenter.MainActivity
05-09 17:39:59.630 23525 23576 D Launcher.Model: loadShortcut, bind item to launcher, item=ShortcutInfo, id=25, itemType=1, user=UserHandle{0}, mIconType=0, pkgName=com.miui.cleanmaster, className=com.miui.optimizecenter.MainActivity, screenId=-1, container=29, cellX=9, cellY=5, spanX=1, spanY=1, isLandscapePos=false
05-09 17:39:59.630 23525 23576 W Launcher.Model: loadShortcut, id=40, intent=Intent { act=android.intent.action.MAIN cat=[android.intent.category.LAUNCHER] flg=0x10200000 cmp=com.xiaomi.midrop/.SplashScreen }, userHandle=UserHandle{0}, type=0
05-09 17:39:59.630 23525 23525 D Launcher.CellLayout: updateCellOccupiedMarks, update, ShortcutInfo, id=163, itemType=0, user=UserHandle{0}, mIconType=0, pkgName=com.zego.avatartest, className=com.zego.avataraidemo.MainActivity, screenId=2, container=-100, cellX=2, cellY=0, spanX=1, spanY=1, isLandscapePos=false
