05-09 17:39:58.762 23525 23576 E ResourceLoader: getXmlRoot local inputStream is null
05-09 17:39:58.762 23525 23576 E ScreenElementRoot: load error, manifest root is null
05-09 17:39:58.763 23525 23525 D ForceDarkHelper: updateByCheckExcludeList: pkg: com.miui.home activity: com.miui.home.launcher.Launcher@a7a9f34
05-09 17:39:58.765 23525 23525 I chatty  : uid=10090(com.miui.home) identical 5 lines
05-09 17:39:58.766 23525 23525 D ForceDarkHelper: updateByCheckExcludeList: pkg: com.miui.home activity: com.miui.home.launcher.Launcher@a7a9f34
05-09 17:39:58.770 23525 23576 W Launcher.Model: loadShortcut, after getShortcutInfoFromApplication, info=ShortcutInfo, id=161, itemType=0, user=UserHandle{0}, mIconType=0, pkgName=com.github.uiautomator, className=com.github.uiautomator.MainActivity, screenId=-1, container=-1, cellX=-1, cellY=-1, spanX=1, spanY=1, isLandscapePos=false
05-09 17:39:58.770 23525 23576 W Launcher.Model: loadShortcut, after getShortcutInfoFromApplication, put into mLoadedApps
05-09 17:39:58.771 23525 23576 D Launcher.Model: loadShortcut, bind item to launcher, item=ShortcutInfo, id=161, itemType=0, user=UserHandle{0}, mIconType=0, pkgName=com.github.uiautomator, className=com.github.uiautomator.MainActivity, screenId=2, container=-100, cellX=0, cellY=0, spanX=1, spanY=1, isLandscapePos=false
05-09 17:39:58.771 23525 23576 W Launcher.Model: loadShortcut, id=27, intent=Intent { act=android.intent.action.MAIN cat=[android.intent.category.LAUNCHER] flg=0x10200000 cmp=com.miui.videoplayer/com.miui.video.global.app.LauncherActivity }, userHandle=UserHandle{0}, type=0
05-09 17:39:58.771 23525 23525 D miuix_anim: handleViewTouch for android.widget.LinearLayout{ccd2cd4 VFE...C.. ......I. 0,0-0,0 #7f0a00be app:id/first_item}
05-09 17:39:58.771 23525 23525 D miuix_anim: handleViewTouch for android.widget.LinearLayout{48489c3 VFE...C.. ......I. 0,0-0,0 #7f0a0172 app:id/second_item}
05-09 17:39:58.771  1242  1242 I Camera3-Device: disconnectImpl: X
05-09 17:39:58.771 23525 23576 D Launcher.Model: component:ComponentInfo{com.miui.videoplayer/com.miui.video.global.app.LauncherActivity} returned because user: UserHandle{0} contains: false
05-09 17:39:58.772 23525 23525 D miuix_anim: handleViewTouch for android.widget.LinearLayout{21bc2be VFE...C.. ......I. 0,0-0,0 #7f0a01b9 app:id/third_item}
05-09 17:39:58.772 23525 23525 D miuix_anim: handleViewTouch for android.widget.LinearLayout{e6e6035 VFE...C.. ......I. 0,0-0,0 #7f0a00c8 app:id/fourth_item}
05-09 17:39:58.772  1951  3339 E MiuiBinderProxy: callBinderTransact com.android.internal.app.IOpsCallback 4 failed. android.os.DeadObjectException
05-09 17:39:58.772 23525 23576 W Launcher.Model: loadShortcut, id=162, intent=Intent { act=android.intent.action.MAIN cat=[android.intent.category.LAUNCHER] flg=0x10200000 cmp=com.zego.banbandemo/.view.BanbanActivity }, userHandle=UserHandle{0}, type=0
05-09 17:39:58.773 23525 23525 D miuix_anim: handleViewTouch for android.widget.LinearLayout{cf26e5 V.E...... ......I. 0,0-0,0 #7f0a01cf app:id/txtSmallWindowContainer}
05-09 17:39:58.774  1242  1242 I CameraService: disconnect: Disconnected client for camera 1 for PID 0
05-09 17:39:58.774  1242  1242 I Camera2Client: Camera 1: Closed
05-09 17:39:58.775  1242  1242 I Camera3-Device: disconnectImpl: E
05-09 17:39:58.775  1242  1242 I Camera2ClientBase: Closed Camera 1. Client was: com.zego.goavatar (PID 22487, UID 10295)
05-09 17:39:58.775  1242  1242 I Camera3-Device: disconnectImpl: E
05-09 17:39:58.775 23525 23525 D miuix_anim: handleViewTouch for android.widget.ImageButton{3c91212 VFED..C.. ......I. 0,0-0,0 #7f0a0061 app:id/btnEdit}
05-09 17:39:58.775 23525 23576 E ResourceLoader: getXmlRoot local inputStream is null
05-09 17:39:58.775 23525 23576 E ScreenElementRoot: load error, manifest root is null
05-09 17:39:58.775 23525 23525 D miuix_anim: handleViewTouch for android.widget.Button{ae1ac2f VFED..C.. ......I. 0,0-0,0 #7f0a0184 app:id/small_window_button_complete}
05-09 17:39:58.778 23547 23660 W .gms.persisten: Accessing hidden method Landroid/os/WorkSource;->isEmpty()Z (greylist-max-o, reflection, denied)
05-09 17:39:58.785 23525 23576 W Launcher.Model: loadShortcut, after getShortcutInfoFromApplication, info=ShortcutInfo, id=162, itemType=0, user=UserHandle{0}, mIconType=0, pkgName=com.zego.banbandemo, className=com.zego.banbandemo.view.BanbanActivity, screenId=-1, container=-1, cellX=-1, cellY=-1, spanX=1, spanY=1, isLandscapePos=false
05-09 17:39:58.785 23525 23576 W Launcher.Model: loadShortcut, after getShortcutInfoFromApplication, put into mLoadedApps
05-09 17:39:58.785 23525 23576 D Launcher.Model: loadShortcut, bind item to launcher, item=ShortcutInfo, id=162, itemType=0, user=UserHandle{0}, mIconType=0, pkgName=com.zego.banbandemo, className=com.zego.banbandemo.view.BanbanActivity, screenId=2, container=-100, cellX=1, cellY=0, spanX=1, spanY=1, isLandscapePos=false
05-09 17:39:58.786 23525 23576 W Launcher.Model: loadShortcut, id=163, intent=Intent { act=android.intent.action.MAIN cat=[android.intent.category.LAUNCHER] flg=0x10200000 cmp=com.zego.avatartest/com.zego.avataraidemo.MainActivity }, userHandle=UserHandle{0}, type=0
05-09 17:39:58.789 23609 23609 I Perf    : Connecting to perf service.
05-09 17:39:58.789 23525 23525 D Launcher.ViewVisibilityChange: view(ShortcutMenuLayer) visibility changed, visibility=8
05-09 17:39:58.789 23525 23525 D Launcher.ViewVisibilityChange: java.lang.Exception
05-09 17:39:58.789 23525 23525 D Launcher.ViewVisibilityChange: 	at com.miui.home.launcher.MiuiHomeLog.logViewVisibilityChange(MiuiHomeLog.java:153)
05-09 17:39:58.789 23525 23525 D Launcher.ViewVisibilityChange: 	at com.miui.home.launcher.ShortcutMenuLayer.setVisibility(ShortcutMenuLayer.java:163)
05-09 17:39:58.789 23525 23525 D Launcher.ViewVisibilityChange: 	at com.miui.home.launcher.Launcher.setupViews(Launcher.java:1678)
05-09 17:39:58.789 23525 23525 D Launcher.ViewVisibilityChange: 	at com.miui.home.launcher.Launcher.onCreate(Launcher.java:874)
05-09 17:39:58.789 23525 23525 D Launcher.ViewVisibilityChange: 	at android.app.Activity.performCreate(Activity.java:7893)
05-09 17:39:58.789 23525 23525 D Launcher.ViewVisibilityChange: 	at android.app.Activity.performCreate(Activity.java:7880)
05-09 17:39:58.789 23525 23525 D Launcher.ViewVisibilityChange: 	at android.app.Instrumentation.callActivityOnCreate(Instrumentation.java:1307)
05-09 17:39:58.789 23525 23525 D Launcher.ViewVisibilityChange: 	at android.app.ActivityThread.performLaunchActivity(ActivityThread.java:3286)
05-09 17:39:58.789 23525 23525 D Launcher.ViewVisibilityChange: 	at android.app.ActivityThread.handleLaunchActivity(ActivityThread.java:3460)
05-09 17:39:58.789 23525 23525 D Launcher.ViewVisibilityChange: 	at android.app.servertransaction.LaunchActivityItem.execute(LaunchActivityItem.java:83)
05-09 17:39:58.789 23525 23525 D Launcher.ViewVisibilityChange: 	at android.app.servertransaction.TransactionExecutor.executeCallbacks(TransactionExecutor.java:135)
05-09 17:39:58.789 23525 23525 D Launcher.ViewVisibilityChange: 	at android.app.servertransaction.TransactionExecutor.execute(TransactionExecutor.java:95)
05-09 17:39:58.789 23525 23525 D Launcher.ViewVisibilityChange: 	at android.app.ActivityThread$H.handleMessage(ActivityThread.java:2047)
05-09 17:39:58.789 23525 23525 D Launcher.ViewVisibilityChange: 	at android.os.Handler.dispatchMessage(Handler.java:107)
05-09 17:39:58.789 23525 23525 D Launcher.ViewVisibilityChange: 	at android.os.Looper.loop(Looper.java:224)
05-09 17:39:58.789 23525 23525 D Launcher.ViewVisibilityChange: 	at android.app.ActivityThread.main(ActivityThread.java:7590)
05-09 17:39:58.789 23525 23525 D Launcher.ViewVisibilityChange: 	at java.lang.reflect.Method.invoke(Native Method)
05-09 17:39:58.789 23525 23525 D Launcher.ViewVisibilityChange: 	at com.android.internal.os.RuntimeInit$MethodAndArgsCaller.run(RuntimeInit.java:539)
05-09 17:39:58.789 23525 23525 D Launcher.ViewVisibilityChange: 	at com.android.internal.os.ZygoteInit.main(ZygoteInit.java:950)
05-09 17:39:58.789 23525 23576 E ResourceLoader: getXmlRoot local inputStream is null
05-09 17:39:58.790 23525 23576 E ScreenElementRoot: load error, manifest root is null
05-09 17:39:58.795 23525 23573 D Launcher.DualClock: isDualClockEnable:true
05-09 17:39:58.795 23525 23573 D Launcher.DualClock: current:Asia/Shanghai,resident:Asia/Shanghai
05-09 17:39:58.803 23525 23576 W Launcher.Model: loadShortcut, after getShortcutInfoFromApplication, info=ShortcutInfo, id=163, itemType=0, user=UserHandle{0}, mIconType=0, pkgName=com.zego.avatartest, className=com.zego.avataraidemo.MainActivity, screenId=-1, container=-1, cellX=-1, cellY=-1, spanX=1, spanY=1, isLandscapePos=false
05-09 17:39:58.803 23525 23576 W Launcher.Model: loadShortcut, after getShortcutInfoFromApplication, put into mLoadedApps
05-09 17:39:58.803 23525 23576 D Launcher.Model: loadShortcut, bind item to launcher, item=ShortcutInfo, id=163, itemType=0, user=UserHandle{0}, mIconType=0, pkgName=com.zego.avatartest, className=com.zego.avataraidemo.MainActivity, screenId=2, container=-100, cellX=2, cellY=0, spanX=1, spanY=1, isLandscapePos=false
05-09 17:39:58.803 23525 23576 W Launcher.Model: loadShortcut, id=165, intent=Intent { act=android.intent.action.MAIN cat=[android.intent.category.LAUNCHER] flg=0x10200000 cmp=com.vavaparty.app/com.vavaparty.common.ui.EntranceActivity }, userHandle=UserHandle{0}, type=0
05-09 17:39:58.807 23525 23576 E ResourceLoader: getXmlRoot local inputStream is null
05-09 17:39:58.807 23525 23576 E ScreenElementRoot: load error, manifest root is null
05-09 17:39:58.812 23525 23525 D EventBus: No subscribers registered for event class com.miui.home.launcher.common.messages.LauncherLifecycleMessage
05-09 17:39:58.812 23525 23525 D EventBus: No subscribers registered for event class org.greenrobot.eventbus.NoSubscriberEvent
05-09 17:39:58.813 23609 23609 E libc    : Access denied finding property "ro.vendor.display.type"
05-09 17:39:58.817 23525 23525 E RotationHelper: notifyChange activityFlags=1
05-09 17:39:58.819 23609 23609 D miuisdk : current sdk level is 23
05-09 17:39:58.819 23609 23609 I miuisdk : initialize without hook
05-09 17:39:58.826 23525 23577 D ReflectUtils: getMethod
05-09 17:39:58.826 23525 23577 D ReflectUtils: miui.reflect.NoSuchMethodException: Couldn't find method miui/security/SecurityManager.getAllGameStorageApps(I)Ljava/util/List;
05-09 17:39:58.826 23525 23577 D ReflectUtils: 	at com.miui.internal.os.Native.getMethod(Native Method)
05-09 17:39:58.826 23525 23577 D ReflectUtils: 	at miui.reflect.Method.of(Method.java:35)
05-09 17:39:58.826 23525 23577 D ReflectUtils: 	at com.miui.launcher.utils.ReflectUtils.getMethod(ReflectUtils.java:186)
05-09 17:39:58.826 23525 23577 D ReflectUtils: 	at com.miui.launcher.utils.ReflectUtils.invokeObject(ReflectUtils.java:88)
05-09 17:39:58.826 23525 23577 D ReflectUtils: 	at com.miui.home.launcher.common.SecurityHide.lambda$static$369(SecurityHide.java:45)
05-09 17:39:58.826 23525 23577 D ReflectUtils: 	at com.miui.home.launcher.common.-$$Lambda$SecurityHide$-25XhKjZIWnrx_o0SFxCqfzxixs.apply(Unknown Source:2)
05-09 17:39:58.826 23525 23577 D ReflectUtils: 	at com.miui.home.library.utils.AsyncTaskExecutorHelper$3.doInBackground(AsyncTaskExecutorHelper.java:129)
05-09 17:39:58.826 23525 23577 D ReflectUtils: 	at com.miui.home.library.utils.AsyncTaskExecutorHelper$3.doInBackground(AsyncTaskExecutorHelper.java:124)
05-09 17:39:58.826 23525 23577 D ReflectUtils: 	at android.os.AsyncTask$3.call(AsyncTask.java:378)
05-09 17:39:58.826 23525 23577 D ReflectUtils: 	at java.util.concurrent.FutureTask.run(FutureTask.java:266)
05-09 17:39:58.826 23525 23577 D ReflectUtils: 	at java.util.concurrent.ThreadPoolExecutor.runWorker(ThreadPoolExecutor.java:1167)
05-09 17:39:58.826 23525 23577 D ReflectUtils: 	at java.util.concurrent.ThreadPoolExecutor$Worker.run(ThreadPoolExecutor.java:641)
05-09 17:39:58.826 23525 23577 D ReflectUtils: 	at java.lang.Thread.run(Thread.java:919)
05-09 17:39:58.842 23525 23576 W Launcher.Model: loadShortcut, after getShortcutInfoFromApplication, info=ShortcutInfo, id=165, itemType=0, user=UserHandle{0}, mIconType=0, pkgName=com.vavaparty.app, className=com.vavaparty.common.ui.EntranceActivity, screenId=-1, container=-1, cellX=-1, cellY=-1, spanX=1, spanY=1, isLandscapePos=false
05-09 17:39:58.843 23525 23576 W Launcher.Model: loadShortcut, after getShortcutInfoFromApplication, put into mLoadedApps
05-09 17:39:58.844 23609 23609 W Linkify.v16: reflect applyLink failed: 
05-09 17:39:58.844 23609 23609 W Linkify.v16: miui.reflect.NoSuchMethodException: Couldn't find method android/text/util/Linkify.applyLink(Ljava/lang/String;IILandroid/text/Spannable;)V
05-09 17:39:58.844 23609 23609 W Linkify.v16: 	at com.miui.internal.os.Native.getMethod(Native Method)
05-09 17:39:58.844 23609 23609 W Linkify.v16: 	at miui.reflect.Method.of(Method.java:35)
05-09 17:39:58.844 23609 23609 W Linkify.v16: 	at com.miui.internal.variable.v16.Android_Text_Util_Linkify_class.<clinit>(Android_Text_Util_Linkify_class.java:70)
05-09 17:39:58.844 23609 23609 W Linkify.v16: 	at java.lang.Class.classForName(Native Method)
05-09 17:39:58.844 23609 23609 W Linkify.v16: 	at java.lang.Class.forName(Class.java:454)
05-09 17:39:58.844 23609 23609 W Linkify.v16: 	at java.lang.Class.forName(Class.java:379)
05-09 17:39:58.844 23609 23609 W Linkify.v16: 	at com.miui.internal.variable.AbsClassFactory.create(AbsClassFactory.java:24)
05-09 17:39:58.844 23609 23609 W Linkify.v16: 	at com.miui.internal.variable.Android_Text_Util_Linkify_class$Factory.<init>(Android_Text_Util_Linkify_class.java:40)
05-09 17:39:58.844 23609 23609 W Linkify.v16: 	at com.miui.internal.variable.Android_Text_Util_Linkify_class$Factory.<init>(Android_Text_Util_Linkify_class.java:26)
05-09 17:39:58.844 23609 23609 W Linkify.v16: 	at com.miui.internal.variable.Android_Text_Util_Linkify_class$Factory$1.createInstance(Android_Text_Util_Linkify_class.java:32)
05-09 17:39:58.844 23609 23609 W Linkify.v16: 	at com.miui.internal.variable.Android_Text_Util_Linkify_class$Factory$1.createInstance(Android_Text_Util_Linkify_class.java:29)
05-09 17:39:58.844 23609 23609 W Linkify.v16: 	at miui.util.SoftReferenceSingleton.get(SoftReferenceSingleton.java:25)
05-09 17:39:58.844 23609 23609 W Linkify.v16: 	at com.miui.internal.variable.Android_Text_Util_Linkify_class$Factory.getInstance(Android_Text_Util_Linkify_class.java:44)
05-09 17:39:58.844 23609 23609 W Linkify.v16: 	at com.miui.internal.initialization.OverrideHelper.doInitialize(OverrideHelper.java:37)
05-09 17:39:58.844 23609 23609 W Linkify.v16: 	at miui.core.SdkManager.initialize(SdkManager.java:99)
05-09 17:39:58.844 23609 23609 W Linkify.v16: 	at java.lang.reflect.Method.invoke(Native Method)
05-09 17:39:58.844 23609 23609 W Linkify.v16: 	at miui.external.Application.initializeSdk(Application.java:4)
05-09 17:39:58.844 23609 23609 W Linkify.v16: 	at miui.external.Application.<init>(Application.java:3)
05-09 17:39:58.844 23609 23609 W Linkify.v16: 	at com.android.camera.CameraAppImpl.<init>(CameraAppImpl.java:1)
05-09 17:39:58.844 23609 23609 W Linkify.v16: 	at java.lang.Class.newInstance(Native Method)
05-09 17:39:58.844 23609 23609 W Linkify.v16: 	at android.app.AppComponentFactory.instantiateApplication(AppComponentFactory.java:76)
05-09 17:39:58.844 23609 23609 W Linkify.v16: 	at androidx.core.app.CoreComponentFactory.instantiateApplication(CoreComponentFactory.java:1)
05-09 17:39:58.844 23609 23609 W Linkify.v16: 	at android.app.Instrumentation.newApplication(Instrumentation.java:1156)
05-09 17:39:58.844 23609 23609 W Linkify.v16: 	at android.app.LoadedApk.makeApplication(LoadedApk.java:1222)
05-09 17:39:58.844 23609 23609 W Linkify.v16: 	at android.app.ActivityThread.handleBindApplication(ActivityThread.java:6575)
05-09 17:39:58.844 23609 23609 W Linkify.v16: 	at android.app.ActivityThread.access$1400(ActivityThread.java:227)
05-09 17:39:58.844 23609 23609 W Linkify.v16: 	at android.app.ActivityThread$H.handleMessage(ActivityThread.java:1890)
05-09 17:39:58.844 23609 23609 W Linkify.v16: 	at android.os.Handler.dispatchMessage(Handler.java:107)
05-09 17:39:58.844 23609 23609 W Linkify.v16: 	at android.os.Looper.loop(Looper.java:224)
05-09 17:39:58.844 23609 23609 W Linkify.v16: 	at android.app.ActivityThread.main(ActivityThread.java:7590)
05-09 17:39:58.844 23609 23609 W Linkify.v16: 	at java.lang.reflect.Method.invoke(Native Method)
05-09 17:39:58.844 23609 23609 W Linkify.v16: 	at com.android.internal.os.RuntimeInit$MethodAndArgsCaller.run(RuntimeInit.java:539)
05-09 17:39:58.844 23609 23609 W Linkify.v16: 	at com.android.internal.os.ZygoteInit.main(ZygoteInit.java:950)
05-09 17:39:58.845 23525 23577 D ReflectUtils: getMethod
05-09 17:39:58.845 23525 23577 D ReflectUtils: miui.reflect.NoSuchMethodException: Couldn't find method miui/security/SecurityManager.getAllGameStorageApps(I)Ljava/util/List;
05-09 17:39:58.845 23525 23577 D ReflectUtils: 	at com.miui.internal.os.Native.getMethod(Native Method)
05-09 17:39:58.845 23525 23577 D ReflectUtils: 	at miui.reflect.Method.of(Method.java:35)
05-09 17:39:58.845 23525 23577 D ReflectUtils: 	at com.miui.launcher.utils.ReflectUtils.getMethod(ReflectUtils.java:186)
05-09 17:39:58.845 23525 23577 D ReflectUtils: 	at com.miui.launcher.utils.ReflectUtils.invokeObject(ReflectUtils.java:88)
05-09 17:39:58.845 23525 23577 D ReflectUtils: 	at com.miui.home.launcher.common.SecurityHide.lambda$static$369(SecurityHide.java:45)
05-09 17:39:58.845 23525 23577 D ReflectUtils: 	at com.miui.home.launcher.common.-$$Lambda$SecurityHide$-25XhKjZIWnrx_o0SFxCqfzxixs.apply(Unknown Source:2)
05-09 17:39:58.845 23525 23577 D ReflectUtils: 	at com.miui.home.library.utils.AsyncTaskExecutorHelper$3.doInBackground(AsyncTaskExecutorHelper.java:129)
05-09 17:39:58.845 23525 23577 D ReflectUtils: 	at com.miui.home.library.utils.AsyncTaskExecutorHelper$3.doInBackground(AsyncTaskExecutorHelper.java:124)
05-09 17:39:58.845 23525 23577 D ReflectUtils: 	at android.os.AsyncTask$3.call(AsyncTask.java:378)
05-09 17:39:58.845 23525 23577 D ReflectUtils: 	at java.util.concurrent.FutureTask.run(FutureTask.java:266)
05-09 17:39:58.845 23525 23577 D ReflectUtils: 	at java.util.concurrent.ThreadPoolExecutor.runWorker(ThreadPoolExecutor.java:1167)
05-09 17:39:58.845 23525 23577 D ReflectUtils: 	at java.util.concurrent.ThreadPoolExecutor$Worker.run(ThreadPoolExecutor.java:641)
05-09 17:39:58.845 23525 23577 D ReflectUtils: 	at java.lang.Thread.run(Thread.java:919)
05-09 17:39:58.845 23525 23576 D Launcher.Model: loadShortcut, bind item to launcher, item=ShortcutInfo, id=165, itemType=0, user=UserHandle{0}, mIconType=0, pkgName=com.vavaparty.app, className=com.vavaparty.common.ui.EntranceActivity, screenId=2, container=-100, cellX=3, cellY=0, spanX=1, spanY=1, isLandscapePos=false
05-09 17:39:58.846 23525 23576 W Launcher.Model: loadShortcut, id=167, intent=Intent { act=android.intent.action.MAIN cat=[android.intent.category.LAUNCHER] flg=0x10200000 cmp=im.zego.GoEnjoy/im.zego.goenjoy.MainActivity }, userHandle=UserHandle{0}, type=0
05-09 17:39:58.851 23525 23576 E ResourceLoader: getXmlRoot local inputStream is null
05-09 17:39:58.851 23525 23576 E ScreenElementRoot: load error, manifest root is null
05-09 17:39:58.861 23525 23525 D Launcher.Lifecycle: onStart:UserHandle{0},a7a9f34,false
05-09 17:39:58.861 23525 23525 D EventBus: No subscribers registered for event class com.miui.home.launcher.common.messages.LauncherLifecycleMessage
05-09 17:39:58.861 23525 23525 D EventBus: No subscribers registered for event class org.greenrobot.eventbus.NoSubscriberEvent
05-09 17:39:58.865  1253 15222 I MMParserExtractor: Created(0x32213fa710)
05-09 17:39:58.868 23525 23576 W Launcher.Model: loadShortcut, after getShortcutInfoFromApplication, info=ShortcutInfo, id=167, itemType=0, user=UserHandle{0}, mIconType=0, pkgName=im.zego.GoEnjoy, className=im.zego.goenjoy.MainActivity, screenId=-1, container=-1, cellX=-1, cellY=-1, spanX=1, spanY=1, isLandscapePos=false
05-09 17:39:58.869 23525 23576 W Launcher.Model: loadShortcut, after getShortcutInfoFromApplication, put into mLoadedApps
05-09 17:39:58.870 23525 23576 D Launcher.Model: loadShortcut, bind item to launcher, item=ShortcutInfo, id=167, itemType=0, user=UserHandle{0}, mIconType=0, pkgName=im.zego.GoEnjoy, className=im.zego.goenjoy.MainActivity, screenId=2, container=-100, cellX=0, cellY=1, spanX=1, spanY=1, isLandscapePos=false
05-09 17:39:58.871 23525 23576 W Launcher.Model: loadShortcut, id=176, intent=Intent { act=android.intent.action.MAIN cat=[android.intent.category.LAUNCHER] flg=0x10200000 cmp=com.zego.goavatar/.view.KneadFaceActivity }, userHandle=UserHandle{0}, type=0
05-09 17:39:58.874 23525 23525 D Launcher.Lifecycle: onResume:UserHandle{0},a7a9f34,false
05-09 17:39:58.876 23525 23576 E ResourceLoader: getXmlRoot local inputStream is null
05-09 17:39:58.876 23525 23576 E ScreenElementRoot: load error, manifest root is null
05-09 17:39:58.881 23525 23525 D Launcher: workspace is loading, don't update status bar
05-09 17:39:58.882 23525 23525 D EventBus: No subscribers registered for event class com.miui.home.launcher.common.messages.LauncherLifecycleMessage
05-09 17:39:58.882 23525 23525 D EventBus: No subscribers registered for event class org.greenrobot.eventbus.NoSubscriberEvent
05-09 17:39:58.883 23609 23609 D CAM_O00000Oo: init proxy = class com.mi.device.Lavender
05-09 17:39:58.888 23525 23668 I OMXClient: IOmx service obtained
05-09 17:39:58.888  1263 11062 I OMXMaster: makeComponentInstance(OMX.google.vorbis.decoder) in android.hardwar process
05-09 17:39:58.890 23609 23609 D CAM_O00000Oo: init proxy = class com.mi.device.Lavender
05-09 17:39:58.891  1263  2257 E OMXNodeInstance: getConfig(0xee520020:google.vorbis.decoder, ConfigAndroidVendorExtension(0x6f100004)) ERROR: Undefined(0x80001001)
05-09 17:39:58.892 23525 23668 W ExtendedACodec: Failed to get extension for extradata parameter
05-09 17:39:58.892 23609 23609 D CameraCharacteristicsVendorTags: preloading...
05-09 17:39:58.895 23609 23609 D CaptureRequestVendorTags: preloading...
05-09 17:39:58.897 23609 23609 D CaptureResultVendorTags: preloading...
05-09 17:39:58.897 23525 23573 W TransitionAnimDurationHelper: updateDurationRatio:mDurationRatio=1.0
05-09 17:39:58.897 23525 23576 W Launcher.Model: loadShortcut, after getShortcutInfoFromApplication, info=ShortcutInfo, id=176, itemType=0, user=UserHandle{0}, mIconType=0, pkgName=com.zego.goavatar, className=com.zego.goavatar.view.KneadFaceActivity, screenId=-1, container=-1, cellX=-1, cellY=-1, spanX=1, spanY=1, isLandscapePos=false
05-09 17:39:58.897 23525 23576 W Launcher.Model: loadShortcut, after getShortcutInfoFromApplication, put into mLoadedApps
05-09 17:39:58.898 23525 23576 D Launcher.Model: loadShortcut, bind item to launcher, item=ShortcutInfo, id=176, itemType=0, user=UserHandle{0}, mIconType=0, pkgName=com.zego.goavatar, className=com.zego.goavatar.view.KneadFaceActivity, screenId=2, container=-100, cellX=1, cellY=1, spanX=1, spanY=1, isLandscapePos=false
05-09 17:39:58.898 23609 23609 D CAM_UpgradeManager: migrateForUpgrade previous -> 5, currentVersion -> 5
05-09 17:39:58.902 23525 23573 W TransitionAnimDurationHelper: updateDurationRatio:mDurationRatio=1.0
05-09 17:39:58.912 23525 23576 W Launcher.Model: loadShortcut, id=8, intent=Intent { act=android.intent.action.MAIN cat=[android.intent.category.LAUNCHER] flg=0x10200000 cmp=com.google.android.googlequicksearchbox/.SearchActivity }, userHandle=UserHandle{0}, type=0
05-09 17:39:58.913 23525 23576 D Launcher.Model: component:ComponentInfo{com.google.android.googlequicksearchbox/com.google.android.googlequicksearchbox.SearchActivity} returned because user: UserHandle{0} contains: false
05-09 17:39:58.914 23525 23576 W Launcher.Model: loadShortcut, id=9, intent=Intent { act=android.intent.action.MAIN cat=[android.intent.category.LAUNCHER] flg=0x10200000 cmp=com.google.android.gm/.ConversationListActivityGmail }, userHandle=UserHandle{0}, type=0
05-09 17:39:58.919 23525 23576 E ResourceLoader: getXmlRoot local inputStream is null
05-09 17:39:58.919 23525 23576 E ScreenElementRoot: load error, manifest root is null
05-09 17:39:58.921  1951  3613 I ActivityManager: Force stopping com.xiaomi.mircs appid=10088 user=0: from process:23667
05-09 17:39:58.928  1951  3613 I ActivityManager: Force stopping com.xiaomi.mircs appid=10088 user=999: from process:23667
05-09 17:39:58.932  1951  3613 I AutoStartManagerService: MIUILOG- Reject RestartService packageName :com.xiaomi.mircs uid : 99910088
05-09 17:39:58.932  1951  1970 I Timeline: Timeline: App_transition_ready time:243842627
05-09 17:39:58.936  1253 15222 D MediaBufferGroup: creating MemoryDealer
05-09 17:39:58.936 23609 23609 I CAM_SplashProvider: onCreate: 
05-09 17:39:58.936 23609 23609 V CAM_ParallelProcessProvider: onCreate
05-09 17:39:58.941 23525 23576 W Launcher.Model: loadShortcut, after getShortcutInfoFromApplication, info=ShortcutInfo, id=9, itemType=0, user=UserHandle{0}, mIconType=0, pkgName=com.google.android.gm, className=com.google.android.gm.ConversationListActivityGmail, screenId=-1, container=-1, cellX=-1, cellY=-1, spanX=1, spanY=1, isLandscapePos=false
05-09 17:39:58.941 23525 23576 W Launcher.Model: loadShortcut, after getShortcutInfoFromApplication, put into mLoadedApps
05-09 17:39:58.941 23525 23576 D Launcher.Model: loadShortcut, bind item to launcher, item=ShortcutInfo, id=9, itemType=0, user=UserHandle{0}, mIconType=0, pkgName=com.google.android.gm, className=com.google.android.gm.ConversationListActivityGmail, screenId=-1, container=7, cellX=0, cellY=0, spanX=1, spanY=1, isLandscapePos=false
05-09 17:39:58.941 23525 23576 W Launcher.Model: loadShortcut, id=32, intent=Intent { act=android.intent.action.MAIN cat=[android.intent.category.LAUNCHER] flg=0x10200000 cmp=com.android.deskclock/.DeskClockTabActivity }, userHandle=UserHandle{0}, type=0
05-09 17:39:58.943 23525 23573 E SmallWindowStateHelper: updateSmallWindowPackageName:sSmallWindowPackageName=null
05-09 17:39:58.943  1951  1970 I Timeline: Timeline: App_transition_ready time:243842638
05-09 17:39:58.944  2470  2470 E PhoneInterfaceManager: [PhoneIntfMgr] getCarrierPackageNamesForIntent: No UICC
05-09 17:39:58.944  2470  2470 D CarrierSvcBindHelper: No carrier app for: 0
05-09 17:39:58.945 29275 29275 D AggregateListener: notifyAction action:android.intent.action.PACKAGE_RESTARTED
05-09 17:39:58.945 29275 29275 D AggregateListener: onPackageRestarted packageName:com.xiaomi.mircs
05-09 17:39:58.945 23525 23576 I DateTimeVariableUpdater: init with accuracy:Minute
05-09 17:39:58.947 23525 23576 D ScreenElementRoot: findResource: ScaleMetrics sw:990 den:440 sizeType:0 scale:1.0 path:den440
05-09 17:39:58.947 23525 23576 D ScreenElementRoot: findScale: ScaleMetrics sw:990 den:440 sizeType:0 scale:1.0
05-09 17:39:58.947 23525 23576 I ScreenElementRoot: set scale: 1.0
05-09 17:39:58.947  2470  2470 E PhoneInterfaceManager: [PhoneIntfMgr] getCarrierPackageNamesForIntent: No UICC
05-09 17:39:58.947  2470  2470 D CarrierSvcBindHelper: No carrier app for: 1
05-09 17:39:58.949 23525 23525 W Looper  : Slow Looper main: Activity com.miui.home/.launcher.Launcher is 611ms late (wall=0ms running=0ms ClientTransaction{ callbacks=[android.app.servertransaction.TopResumedActivityChangeItem] }) because of 1 msg, msg 1 took 611ms (seq=10 running=378ms runnable=74ms h=android.app.ActivityThread$H w=159)
05-09 17:39:58.949  2470  2470 E PhoneInterfaceManager: [PhoneIntfMgr] getCarrierPackageNamesForIntent: No UICC
05-09 17:39:58.949  2470  2470 D CarrierSvcBindHelper: No carrier app for: 0
05-09 17:39:58.950  2470  2470 E PhoneInterfaceManager: [PhoneIntfMgr] getCarrierPackageNamesForIntent: No UICC
05-09 17:39:58.950  2470  2470 D CarrierSvcBindHelper: No carrier app for: 1
05-09 17:39:58.953  1951  2394 W System.err: android.os.DeadObjectException
05-09 17:39:58.953 23609 23609 I FeatureParser: can't find lavender.xml in assets/device_features/,it may be in /system/etc/device_features
05-09 17:39:58.953  1951  2394 W System.err: 	at android.os.BinderProxy.transactNative(Native Method)
05-09 17:39:58.953  1951  2394 W System.err: 	at android.os.BinderProxy.transact(BinderProxy.java:511)
05-09 17:39:58.953  1951  2394 W System.err: 	at com.android.internal.app.IWakePathCallback$Stub$Proxy.onAllowCall(IWakePathCallback.java:184)
05-09 17:39:58.953  1951  2394 W System.err: 	at miui.security.WakePathChecker.recordWakePathCall(WakePathChecker.java:635)
05-09 17:39:58.953  1951  2394 W System.err: 	at miui.security.WakePathChecker.matchWakePathRule(WakePathChecker.java:359)
05-09 17:39:58.953  1951  2394 W System.err: 	at com.android.server.am.ExtraActivityManagerService.checkWakePath(ExtraActivityManagerService.java:507)
05-09 17:39:58.953  1951  2394 W System.err: 	at com.android.server.am.ExtraActivityManagerService.checkRunningCompatibility(ExtraActivityManagerService.java:194)
05-09 17:39:58.953  1951  2394 W System.err: 	at com.android.server.am.ActivityManagerService.bindIsolatedService(ActivityManagerService.java:14426)
05-09 17:39:58.953  1951  2394 W System.err: 	at android.app.IActivityManager$Stub.onTransact(IActivityManager.java:2343)
05-09 17:39:58.953  1951  2394 W System.err: 	at com.android.server.am.ActivityManagerService.onTransact(ActivityManagerService.java:2799)
05-09 17:39:58.953  1951  2394 W System.err: 	at android.os.Binder.execTransactInternal(Binder.java:1021)
05-09 17:39:58.953  1951  2394 W System.err: 	at android.os.Binder.execTransact(Binder.java:994)
05-09 17:39:58.954   579   579 I hwservicemanager: getTransport: Cannot find entry vendor.qti.hardware.servicetracker@1.0::IServicetracker/default in either framework or device manifest.
05-09 17:39:58.956 23609 23609 E libc    : Access denied finding property "ro.vendor.df.effect.conflict"
05-09 17:39:58.958 23525 23576 D ScreenElementRoot: load finished, spent 16 ms
05-09 17:39:58.960 23525 23576 D ScreenElementRoot: init
05-09 17:39:58.960 23525 23576 I LanguageHelper: no available string resources to load.
05-09 17:39:58.961 23525 23576 I NotifierManager: acquireNotifier:TimeChanged  miui.maml.data.DateTimeVariableUpdater@2502d9e
05-09 17:39:58.961 23525 23576 I NotifierManager: createNotifier:TimeChanged
05-09 17:39:58.963 23525 23576 I NotifierManager: onRegister: miui.maml.NotifierManager$MultiBroadcastNotifier@c2bd84c
05-09 17:39:58.964 23609 23609 D CAM_CameraUtil: antiBanding mCountryIso=CN sRegion=
05-09 17:39:58.965 23525 23525 D Launcher_ViewRootImplHook: hookViewRootImpl
05-09 17:39:58.965 23525 23525 D Launcher_ViewRootImplHook: java.lang.NullPointerException: null receiver
05-09 17:39:58.965 23525 23525 D Launcher_ViewRootImplHook: 	at java.lang.reflect.Field.get(Native Method)
05-09 17:39:58.965 23525 23525 D Launcher_ViewRootImplHook: 	at com.miui.home.launcher.util.ViewRootImplHook.hookViewRootImpl(ViewRootImplHook.java:38)
05-09 17:39:58.965 23525 23525 D Launcher_ViewRootImplHook: 	at com.miui.home.launcher.Launcher.lambda$onResume$29(Launcher.java:1328)
05-09 17:39:58.965 23525 23525 D Launcher_ViewRootImplHook: 	at com.miui.home.launcher.-$$Lambda$Launcher$L4aqHdYgX-YENJnzGxHM4hLMySE.run(Unknown Source:2)
05-09 17:39:58.965 23525 23525 D Launcher_ViewRootImplHook: 	at android.os.Handler.handleCallback(Handler.java:883)
05-09 17:39:58.965 23525 23525 D Launcher_ViewRootImplHook: 	at android.os.Handler.dispatchMessage(Handler.java:100)
05-09 17:39:58.965 23525 23525 D Launcher_ViewRootImplHook: 	at android.os.Looper.loop(Looper.java:224)
05-09 17:39:58.965 23525 23525 D Launcher_ViewRootImplHook: 	at android.app.ActivityThread.main(ActivityThread.java:7590)
05-09 17:39:58.965 23525 23525 D Launcher_ViewRootImplHook: 	at java.lang.reflect.Method.invoke(Native Method)
05-09 17:39:58.965 23525 23525 D Launcher_ViewRootImplHook: 	at com.android.internal.os.RuntimeInit$MethodAndArgsCaller.run(RuntimeInit.java:539)
05-09 17:39:58.965 23525 23525 D Launcher_ViewRootImplHook: 	at com.android.internal.os.ZygoteInit.main(ZygoteInit.java:950)
05-09 17:39:58.967 23525 23576 I NotifierManager: acquireNotifier:DarkMode  miui.maml.data.DarkModeVariableUpdater@a0d85aa
05-09 17:39:58.967 23525 23576 I NotifierManager: createNotifier:DarkMode
05-09 17:39:58.970 23525 23576 D NotifierManager: maml dark mode 2
05-09 17:39:58.970 23525 23576 I NotifierManager: onRegister: miui.maml.NotifierManager$DarkModeNotifier@1f7e59b
05-09 17:39:58.971 23609 23609 V CAM_CameraUtil: StatusBarHeight=80
05-09 17:39:58.971 23609 23609 W CAM_CameraUtil: initialize: sCenterDisplayHeight = 1920, sTopMargin = 80, sTopBarHeight = 170, sBottomMargin = 170, sBottomBarHeight = 480, windowSize = 1080x2340
05-09 17:39:58.971 23525 23576 I ResourceManager: load image bg.png
05-09 17:39:58.971 23525 23576 I ResourceManager: try to load resource from extra resource: den440 of bg.png
05-09 17:39:58.968  1214  1214 D Zygote  : Forked child process 23676
05-09 17:39:58.972 23525 23576 I ResourceManager: load image from extra resource: den440 of bg.png
05-09 17:39:58.973 23525 23576 D MultipleRenderable: add: miui.maml.FancyDrawable@d791d4d
05-09 17:39:58.973 23525 23576 D RendererCore: add: miui.maml.FancyDrawable@d791d4d size:1
05-09 17:39:58.973 23525 23576 D ScreenElementRoot: resume
05-09 17:39:58.973  1951  1980 D Boost   : hostingType=service, hostingName={com.mi.android.globalminusscreen/com.google.android.apps.gsa.nowoverlayservice.DrawerOverlayService}, callerPackage=com.miui.home, isSystem=true, isBoostNeeded=false.
05-09 17:39:58.974  1257  1485 D OemNetd : setPidForPackage: packageName=com.mi.android.globalminusscreen, pid=23676, pid=1000
05-09 17:39:58.974 23525 23576 I ResourceManager: load image quietImage.png
05-09 17:39:58.974 23525 23576 I ResourceManager: try to load resource from extra resource: den440 of quietImage.png
05-09 17:39:58.974  1951  1980 I ActivityManager: Start proc 23676:com.mi.android.globalminusscreen/1000 for service {com.mi.android.globalminusscreen/com.google.android.apps.gsa.nowoverlayservice.DrawerOverlayService} caller=com.miui.home
05-09 17:39:58.974 23525 23576 D ResourceLoader: TRY AGAIN to get getPathForLanguage: den440/quietImage.png
05-09 17:39:58.974 23525 23576 E ResourceLoader: fail to get getPathForLanguage: den440/quietImage.png
05-09 17:39:58.974 23525 23576 D ResourceLoader: TRY AGAIN to get getPathForLanguage: quietImage.png
05-09 17:39:58.974 23525 23576 E ResourceLoader: fail to get getPathForLanguage: quietImage.png
05-09 17:39:58.974 23525 23576 D ResourceLoader: TRY AGAIN to get getPathForLanguage: den480/quietImage.png
05-09 17:39:58.974 23525 23576 E ResourceLoader: fail to get getPathForLanguage: den480/quietImage.png
05-09 17:39:58.974 23525 23576 E ResourceManager: fail to load image: quietImage.png
05-09 17:39:58.974 23525 23576 I ResourceManager: load image startImage.png
05-09 17:39:58.974 23525 23576 I ResourceManager: try to load resource from extra resource: den440 of startImage.png
05-09 17:39:58.974 23525 23576 D ResourceLoader: TRY AGAIN to get getPathForLanguage: den440/startImage.png
05-09 17:39:58.974 23525 23576 E ResourceLoader: fail to get getPathForLanguage: den440/startImage.png
05-09 17:39:58.974 23525 23576 D ResourceLoader: TRY AGAIN to get getPathForLanguage: startImage.png
05-09 17:39:58.974 23525 23576 E ResourceLoader: fail to get getPathForLanguage: startImage.png
05-09 17:39:58.974 23525 23576 D ResourceLoader: TRY AGAIN to get getPathForLanguage: den480/startImage.png
05-09 17:39:58.974 23525 23576 E ResourceLoader: fail to get getPathForLanguage: den480/startImage.png
05-09 17:39:58.974 23525 23576 E ResourceManager: fail to load image: startImage.png
05-09 17:39:58.974 23525 23576 W Launcher.Model: loadShortcut, after getShortcutInfoFromApplication, info=ShortcutInfo, id=32, itemType=0, user=UserHandle{0}, mIconType=0, pkgName=com.android.deskclock, className=com.android.deskclock.DeskClockTabActivity, screenId=-1, container=-1, cellX=-1, cellY=-1, spanX=1, spanY=1, isLandscapePos=false
05-09 17:39:58.974 23525 23576 W Launcher.Model: loadShortcut, after getShortcutInfoFromApplication, put into mLoadedApps
05-09 17:39:58.975 23525 23576 D Launcher.Model: loadShortcut, bind item to launcher, item=ShortcutInfo, id=32, itemType=0, user=UserHandle{0}, mIconType=0, pkgName=com.android.deskclock, className=com.android.deskclock.DeskClockTabActivity, screenId=-1, container=57, cellX=0, cellY=0, spanX=1, spanY=1, isLandscapePos=false
05-09 17:39:58.975 23525 23576 W Launcher.Model: loadShortcut, id=47, intent=Intent { act=android.intent.action.MAIN cat=[android.intent.category.LAUNCHER] flg=0x10200000 cmp=com.android.contacts/.activities.TwelveKeyDialer }, userHandle=UserHandle{0}, type=0
05-09 17:39:58.978 23525 23576 I ResourceManager: load image quietImage.png
05-09 17:39:58.978 23525 23576 I ResourceManager: try to load resource from extra resource: den440 of quietImage.png
05-09 17:39:58.979 23525 23576 I ResourceManager: load image from extra resource: den440 of quietImage.png
05-09 17:39:58.979 23525 23576 W Launcher.Model: loadShortcut, after getShortcutInfoFromApplication, info=ShortcutInfo, id=47, itemType=0, user=UserHandle{0}, mIconType=0, pkgName=com.android.contacts, className=com.android.contacts.activities.TwelveKeyDialer, screenId=-1, container=-1, cellX=-1, cellY=-1, spanX=1, spanY=1, isLandscapePos=false
05-09 17:39:58.979 23525 23576 W Launcher.Model: loadShortcut, after getShortcutInfoFromApplication, put into mLoadedApps
05-09 17:39:58.979 23525 23576 D Launcher.Model: loadShortcut, bind item to launcher, item=ShortcutInfo, id=47, itemType=0, user=UserHandle{0}, mIconType=0, pkgName=com.android.contacts, className=com.android.contacts.activities.TwelveKeyDialer, screenId=0, container=-101, cellX=0, cellY=0, spanX=1, spanY=1, isLandscapePos=false
05-09 17:39:58.980 23525 23576 W Launcher.Model: loadShortcut, id=56, intent=Intent { act=android.intent.action.MAIN cat=[android.intent.category.LAUNCHER] flg=0x10200000 cmp=cn.wq.myandroidtoolspro/.MainActivity }, userHandle=UserHandle{0}, type=0
05-09 17:39:58.981 23525 23576 E ResourceLoader: getXmlRoot local inputStream is null
05-09 17:39:58.981 23525 23576 E ScreenElementRoot: load error, manifest root is null
05-09 17:39:58.982  8044  8880 I CloudSettingsProvider: uriMatch : 2
05-09 17:39:58.986 23525 23525 D Launcher: workspace is loading, don't update status bar
05-09 17:39:58.986 23609 23609 I CAM_CameraUtil: windowSize=1080x2340 density=2.7500
05-09 17:39:58.986 23525 23525 E StateManager: setWorkspaceProperty  state=LauncherState
05-09 17:39:58.987 23525 23525 E StateManager: setShortcutMenuLayerProperty  state=LauncherState   alpha=1.0   scale=1.0
05-09 17:39:58.987 23525 23525 D Launcher.ViewVisibilityChange: view(ShortcutMenuLayer) visibility changed, visibility=0
05-09 17:39:58.987 23525 23525 E RecentsViewStateController: setState: state=LauncherState
05-09 17:39:58.988 23525 23576 W Launcher.Model: loadShortcut, after getShortcutInfoFromApplication, info=ShortcutInfo, id=56, itemType=0, user=UserHandle{0}, mIconType=0, pkgName=cn.wq.myandroidtoolspro, className=cn.wq.myandroidtoolspro.MainActivity, screenId=-1, container=-1, cellX=-1, cellY=-1, spanX=1, spanY=1, isLandscapePos=false
05-09 17:39:58.988 23525 23576 W Launcher.Model: loadShortcut, after getShortcutInfoFromApplication, put into mLoadedApps
05-09 17:39:58.988 23525 23576 D Launcher.Model: loadShortcut, bind item to launcher, item=ShortcutInfo, id=56, itemType=0, user=UserHandle{0}, mIconType=0, pkgName=cn.wq.myandroidtoolspro, className=cn.wq.myandroidtoolspro.MainActivity, screenId=-1, container=29, cellX=0, cellY=4, spanX=1, spanY=1, isLandscapePos=false
05-09 17:39:58.988 23525 23576 W Launcher.Model: loadShortcut, id=108, intent=Intent { act=android.intent.action.MAIN cat=[android.intent.category.LAUNCHER] flg=0x10200000 cmp=io.legado.app.release/io.legado.app.ui.welcome.WelcomeActivity }, userHandle=UserHandle{0}, type=0
05-09 17:39:58.989 23525 23525 W System.err: java.lang.NullPointerException: Attempt to invoke virtual method 'void com.miui.home.recents.views.TaskStackView.setSystemInsets(android.graphics.Rect)' on a null object reference
05-09 17:39:58.989 23525 23576 E ResourceLoader: getXmlRoot local inputStream is null
05-09 17:39:58.989 23525 23576 E ScreenElementRoot: load error, manifest root is null
05-09 17:39:58.989 23525 23525 W System.err: 	at com.miui.home.recents.views.RecentsView.onMessageEvent(RecentsView.java:266)
05-09 17:39:58.990 23525 23525 W System.err: 	at java.lang.reflect.Method.invoke(Native Method)
05-09 17:39:58.990 23525 23525 W System.err: 	at org.greenrobot.eventbus.EventBus.invokeSubscriber(EventBus.java:507)
05-09 17:39:58.990 23525 23525 W System.err: 	at org.greenrobot.eventbus.EventBus.postToSubscription(EventBus.java:434)
05-09 17:39:58.990 23525 23525 W System.err: 	at org.greenrobot.eventbus.EventBus.postSingleEventForEventType(EventBus.java:411)
05-09 17:39:58.990 23525 23525 W System.err: 	at org.greenrobot.eventbus.EventBus.postSingleEvent(EventBus.java:384)
05-09 17:39:58.990 23525 23525 W System.err: 	at org.greenrobot.eventbus.EventBus.post(EventBus.java:265)
05-09 17:39:58.990 23525 23525 W System.err: 	at com.miui.home.launcher.DragLayer.fitSystemWindows(DragLayer.java:611)
05-09 17:39:58.990 23525 23525 W System.err: 	at android.view.View.onApplyWindowInsets(View.java:10507)
05-09 17:39:58.990 23525 23525 W System.err: 	at android.view.View.dispatchApplyWindowInsets(View.java:10561)
05-09 17:39:58.990 23525 23525 W System.err: 	at android.view.ViewGroup.dispatchApplyWindowInsets(ViewGroup.java:7256)
05-09 17:39:58.990 23525 23525 W System.err: 	at android.view.ViewGroup.brokenDispatchApplyWindowInsets(ViewGroup.java:7268)
05-09 17:39:58.990 23525 23525 W System.err: 	at android.view.ViewGroup.dispatchApplyWindowInsets(ViewGroup.java:7258)
05-09 17:39:58.990 23525 23525 W System.err: 	at android.view.ViewGroup.brokenDispatchApplyWindowInsets(ViewGroup.java:7268)
05-09 17:39:58.990 23525 23525 W System.err: 	at android.view.ViewGroup.dispatchApplyWindowInsets(ViewGroup.java:7258)
05-09 17:39:58.990 23525 23525 W System.err: 	at android.view.ViewGroup.brokenDispatchApplyWindowInsets(ViewGroup.java:7268)
05-09 17:39:58.990 23525 23525 W System.err: 	at android.view.ViewGroup.dispatchApplyWindowInsets(ViewGroup.java:7258)
05-09 17:39:58.990 23525 23525 W System.err: 	at android.view.ViewGroup.brokenDispatchApplyWindowInsets(ViewGroup.java:7268)
05-09 17:39:58.990 23525 23525 W System.err: 	at android.view.ViewGroup.dispatchApplyWindowInsets(ViewGroup.java:7258)
05-09 17:39:58.990 23525 23525 W System.err: 	at android.view.View.fitSystemWindows(View.java:10447)
05-09 17:39:58.990 23525 23525 W System.err: 	at com.miui.internal.widget.ActionBarOverlayLayout.onMeasure(ActionBarOverlayLayout.java:504)
05-09 17:39:58.990 23525 23525 W System.err: 	at android.view.View.measure(View.java:24862)
05-09 17:39:58.990 23525 23525 W System.err: 	at android.view.ViewGroup.measureChildWithMargins(ViewGroup.java:6893)
05-09 17:39:58.990 23525 23525 W System.err: 	at android.widget.FrameLayout.onMeasure(FrameLayout.java:194)
05-09 17:39:58.990 23525 23525 W System.err: 	at com.android.internal.policy.DecorView.onMeasure(DecorView.java:775)
05-09 17:39:58.990 23525 23525 W System.err: 	at android.view.View.measure(View.java:24862)
05-09 17:39:58.990 23525 23525 W System.err: 	at android.view.ViewRootImpl.performMeasure(ViewRootImpl.java:3117)
05-09 17:39:58.990 23525 23525 W System.err: 	at android.view.ViewRootImpl.measureHierarchy(ViewRootImpl.java:1931)
05-09 17:39:58.990 23525 23525 W System.err: 	at android.view.ViewRootImpl.performTraversals(ViewRootImpl.java:2225)
05-09 17:39:58.990 23525 23525 W System.err: 	at android.view.ViewRootImpl.doTraversal(ViewRootImpl.java:1819)
05-09 17:39:58.990 23525 23525 W System.err: 	at android.view.ViewRootImpl$TraversalRunnable.run(ViewRootImpl.java:7781)
05-09 17:39:58.990 23525 23525 W System.err: 	at android.view.Choreographer$CallbackRecord.run(Choreographer.java:1031)
05-09 17:39:58.990 23525 23525 W System.err: 	at android.view.Choreographer.doCallbacks(Choreographer.java:854)
05-09 17:39:58.990 23525 23525 W System.err: 	at android.view.Choreographer.doFrame(Choreographer.java:789)
05-09 17:39:58.990 23525 23525 W System.err: 	at android.view.Choreographer$FrameDisplayEventReceiver.run(Choreographer.java:1016)
05-09 17:39:58.990 23525 23525 W System.err: 	at android.os.Handler.handleCallback(Handler.java:883)
05-09 17:39:58.990 23525 23525 W System.err: 	at android.os.Handler.dispatchMessage(Handler.java:100)
05-09 17:39:58.990 23525 23525 W System.err: 	at android.os.Looper.loop(Looper.java:224)
05-09 17:39:58.990 23525 23525 W System.err: 	at android.app.ActivityThread.main(ActivityThread.java:7590)
05-09 17:39:58.990 23525 23525 W System.err: 	at java.lang.reflect.Method.invoke(Native Method)
05-09 17:39:58.990 23525 23525 W System.err: 	at com.android.internal.os.RuntimeInit$MethodAndArgsCaller.run(RuntimeInit.java:539)
05-09 17:39:58.990 23525 23525 W System.err: 	at com.android.internal.os.ZygoteInit.main(ZygoteInit.java:950)
05-09 17:39:58.996 23676 23676 E obalminusscree: Not starting debugger since process cannot load the jdwp agent.
05-09 17:39:58.997 23609 23609 D CAM_Camera2CompatAdapterCommon: E: init()
05-09 17:39:58.997 23609 23609 D CAM_Camera2CompatAdapterCommon: E: reset()
05-09 17:39:58.997 23609 23609 D CAM_Camera2CompatAdapterCommon: X: reset()
05-09 17:39:58.998 23609 23609 I CameraManagerGlobal: Connecting to camera service
05-09 17:39:59.001 23609 23609 D CAM_Camera2CompatAdapterCommon: All available camera ids: [0, 1, 2, 3]
05-09 17:39:59.001 23525 23576 W Launcher.Model: loadShortcut, after getShortcutInfoFromApplication, info=ShortcutInfo, id=108, itemType=0, user=UserHandle{0}, mIconType=0, pkgName=io.legado.app.release, className=io.legado.app.ui.welcome.WelcomeActivity, screenId=-1, container=-1, cellX=-1, cellY=-1, spanX=1, spanY=1, isLandscapePos=false
05-09 17:39:59.001 23525 23576 W Launcher.Model: loadShortcut, after getShortcutInfoFromApplication, put into mLoadedApps
05-09 17:39:59.001 23525 23576 D Launcher.Model: loadShortcut, bind item to launcher, item=ShortcutInfo, id=108, itemType=0, user=UserHandle{0}, mIconType=0, pkgName=io.legado.app.release, className=io.legado.app.ui.welcome.WelcomeActivity, screenId=-1, container=82, cellX=0, cellY=5, spanX=1, spanY=1, isLandscapePos=false
05-09 17:39:59.001 23525 23576 W Launcher.Model: loadShortcut, id=118, intent=Intent { act=android.intent.action.MAIN cat=[android.intent.category.LAUNCHER] flg=0x10200000 cmp=com.jingdong.app.mall/.main.MainActivity }, userHandle=UserHandle{0}, type=0
05-09 17:39:59.002 23525 23576 E ResourceLoader: getXmlRoot local inputStream is null
05-09 17:39:59.002 23525 23576 E ScreenElementRoot: load error, manifest root is null
05-09 17:39:59.011  1951  3354 D CompatibilityInfo: mCompatibilityFlags - 0
05-09 17:39:59.011  1951  3354 D CompatibilityInfo: applicationDensity - 440
05-09 17:39:59.011  1951  3354 D CompatibilityInfo: applicationScale - 1.0
05-09 17:39:59.014  1951  3354 D CompatibilityInfo: mCompatibilityFlags - 0
05-09 17:39:59.014  1951  3354 D CompatibilityInfo: applicationDensity - 440
05-09 17:39:59.014  1951  3354 D CompatibilityInfo: applicationScale - 1.0
05-09 17:39:59.015   579   579 I hwservicemanager: getTransport: Cannot find entry vendor.qti.hardware.servicetracker@1.0::IServicetracker/default in either framework or device manifest.
05-09 17:39:59.015 23525 23576 W Launcher.Model: loadShortcut, after getShortcutInfoFromApplication, info=ShortcutInfo, id=118, itemType=0, user=UserHandle{0}, mIconType=0, pkgName=com.jingdong.app.mall, className=com.jingdong.app.mall.main.MainActivity, screenId=-1, container=-1, cellX=-1, cellY=-1, spanX=1, spanY=1, isLandscapePos=false
05-09 17:39:59.015 23525 23576 W Launcher.Model: loadShortcut, after getShortcutInfoFromApplication, put into mLoadedApps
05-09 17:39:59.016 23525 23576 D Launcher.Model: loadShortcut, bind item to launcher, item=ShortcutInfo, id=118, itemType=0, user=UserHandle{0}, mIconType=0, pkgName=com.jingdong.app.mall, className=com.jingdong.app.mall.main.MainActivity, screenId=-1, container=121, cellX=0, cellY=2, spanX=1, spanY=1, isLandscapePos=false
05-09 17:39:59.016 23525 23576 W Launcher.Model: loadShortcut, id=126, intent=Intent { act=android.intent.action.MAIN cat=[android.intent.category.LAUNCHER] flg=0x10200000 cmp=com.teamtalk.im/com.kdweibo.android.ui.activity.StartActivity }, userHandle=UserHandle{0}, type=0
05-09 17:39:59.016 23609 23609 D CAM_Camera2CompatAdapterCommon: ====================================================================
05-09 17:39:59.016 23609 23609 D CAM_Camera2CompatAdapterCommon:  BACK: [main, aux, sat, bokeh, virtual, infrared] = [0, 2, 3, -1, -1, -1]
05-09 17:39:59.016 23609 23609 D CAM_Camera2CompatAdapterCommon: FRONT: [main, aux, sat, bokeh, virtual, infrared] = [1, -1, -1, -1, -1, -1]
05-09 17:39:59.016 23609 23609 D CAM_Camera2CompatAdapterCommon: ====================================================================
05-09 17:39:59.016 23609 23609 D CAM_Camera2CompatAdapterCommon: X: init()
05-09 17:39:59.017 23525 23576 E ResourceLoader: getXmlRoot local inputStream is null
05-09 17:39:59.017 23525 23576 E ScreenElementRoot: load error, manifest root is null
05-09 17:39:59.018 23609 23690 E android_os_HwBinder: HwBinder: Starting thread pool for getting: vendor.xiaomi.hardware.misys@1.0::IMiSys/default
05-09 17:39:59.020 23609 23690 E android_os_HwBinder: HwBinder: Starting thread pool for getting: vendor.xiaomi.hardware.misys@2.0::IMiSys/default
05-09 17:39:59.021 23609 23690 D CAM_WatermarkMiSysUtils: file lavender_main_space_custom_watermark.png isExist for iMiSys20.IsExists:true
